/home/sheng/anaconda3/envs/epiu-dsgn/lib/python3.10/site-packages/torch/distributed/launch.py:208: FutureWarning: The module torch.distributed.launch is deprecated
and will be removed in future. Use torchrun.
Note that --use-env is set by default in torchrun.
If your script expects `--local-rank` argument to be set, please
change it to read from `os.environ['LOCAL_RANK']` instead. See 
https://pytorch.org/docs/stable/distributed.html#launch-utility for 
further instructions

  main()
/home/sheng/paper6/.venv/lib/python3.10/site-packages/mmcv/__init__.py:20: UserWarning: On January 1, 2023, MMCV will release v2.0.0, in which it will remove components related to the training process and add a data transformation module. In addition, it will rename the package names mmcv to mmcv-lite and mmcv-full to mmcv. See https://github.com/open-mmlab/mmcv/blob/master/docs/en/compatibility.md for more details.
  warnings.warn(
W1003 20:05:07.530000 10678 site-packages/torch/distributed/elastic/agent/server/api.py:704] Received Signals.SIGINT death signal, shutting down workers
W1003 20:05:07.532000 10678 site-packages/torch/distributed/elastic/multiprocessing/api.py:897] Sending process 10683 closing signal SIGINT
[W1003 20:05:07.349436526 TCPStore.cpp:358] [c10d] TCP client failed to connect/validate to host 127.0.0.1:18888 - retrying (try=0, timeout=600000ms, delay=60445ms): Interrupted system call
Exception raised from delay at ../torch/csrc/distributed/c10d/socket.cpp:117 (most recent call first):
frame #0: c10::Error::Error(c10::SourceLocation, std::string) + 0x96 (0x715b8976c446 in /home/sheng/anaconda3/envs/epiu-dsgn/lib/python3.10/site-packages/torch/lib/libc10.so)
frame #1: <unknown function> + 0x15e1205 (0x715b745e1205 in /home/sheng/anaconda3/envs/epiu-dsgn/lib/python3.10/site-packages/torch/lib/libtorch_cpu.so)
frame #2: <unknown function> + 0x6029f36 (0x715b79029f36 in /home/sheng/anaconda3/envs/epiu-dsgn/lib/python3.10/site-packages/torch/lib/libtorch_cpu.so)
frame #3: <unknown function> + 0x602a3a4 (0x715b7902a3a4 in /home/sheng/anaconda3/envs/epiu-dsgn/lib/python3.10/site-packages/torch/lib/libtorch_cpu.so)
frame #4: <unknown function> + 0x5fe8016 (0x715b78fe8016 in /home/sheng/anaconda3/envs/epiu-dsgn/lib/python3.10/site-packages/torch/lib/libtorch_cpu.so)
frame #5: c10d::TCPStore::TCPStore(std::string, c10d::TCPStoreOptions const&) + 0x20c (0x715b78feaf7c in /home/sheng/anaconda3/envs/epiu-dsgn/lib/python3.10/site-packages/torch/lib/libtorch_cpu.so)
frame #6: <unknown function> + 0xd9c90d (0x715b88b9c90d in /home/sheng/anaconda3/envs/epiu-dsgn/lib/python3.10/site-packages/torch/lib/libtorch_python.so)
frame #7: <unknown function> + 0x4cb4c4 (0x715b882cb4c4 in /home/sheng/anaconda3/envs/epiu-dsgn/lib/python3.10/site-packages/torch/lib/libtorch_python.so)
frame #8: /home/sheng/paper6/.venv/bin/python() [0x4fcaf7]
frame #9: _PyObject_MakeTpCall + 0x25b (0x4f657b in /home/sheng/paper6/.venv/bin/python)
frame #10: /home/sheng/paper6/.venv/bin/python() [0x50878a]
frame #11: /home/sheng/paper6/.venv/bin/python() [0x5064ff]
frame #12: /home/sheng/paper6/.venv/bin/python() [0x4f68e6]
frame #13: <unknown function> + 0x4c9d1b (0x715b882c9d1b in /home/sheng/anaconda3/envs/epiu-dsgn/lib/python3.10/site-packages/torch/lib/libtorch_python.so)
frame #14: _PyObject_MakeTpCall + 0x25b (0x4f657b in /home/sheng/paper6/.venv/bin/python)
frame #15: _PyEval_EvalFrameDefault + 0x4deb (0x4f215b in /home/sheng/paper6/.venv/bin/python)
frame #16: _PyFunction_Vectorcall + 0x6f (0x4fcf3f in /home/sheng/paper6/.venv/bin/python)
frame #17: _PyEval_EvalFrameDefault + 0x31f (0x4ed68f in /home/sheng/paper6/.venv/bin/python)
frame #18: /home/sheng/paper6/.venv/bin/python() [0x56edd7]
frame #19: /home/sheng/paper6/.venv/bin/python() [0x4fd124]
frame #20: _PyEval_EvalFrameDefault + 0x31f (0x4ed68f in /home/sheng/paper6/.venv/bin/python)
frame #21: _PyFunction_Vectorcall + 0x6f (0x4fcf3f in /home/sheng/paper6/.venv/bin/python)
frame #22: PyObject_Call + 0xb8 (0x508cd8 in /home/sheng/paper6/.venv/bin/python)
frame #23: _PyEval_EvalFrameDefault + 0x2de4 (0x4f0154 in /home/sheng/paper6/.venv/bin/python)
frame #24: _PyFunction_Vectorcall + 0x6f (0x4fcf3f in /home/sheng/paper6/.venv/bin/python)
frame #25: PyObject_Call + 0xb8 (0x508cd8 in /home/sheng/paper6/.venv/bin/python)
frame #26: _PyEval_EvalFrameDefault + 0x2de4 (0x4f0154 in /home/sheng/paper6/.venv/bin/python)
frame #27: _PyFunction_Vectorcall + 0x6f (0x4fcf3f in /home/sheng/paper6/.venv/bin/python)
frame #28: _PyEval_EvalFrameDefault + 0x13b2 (0x4ee722 in /home/sheng/paper6/.venv/bin/python)
frame #29: _PyFunction_Vectorcall + 0x6f (0x4fcf3f in /home/sheng/paper6/.venv/bin/python)
frame #30: _PyEval_EvalFrameDefault + 0x13b2 (0x4ee722 in /home/sheng/paper6/.venv/bin/python)
frame #31: _PyFunction_Vectorcall + 0x6f (0x4fcf3f in /home/sheng/paper6/.venv/bin/python)
frame #32: _PyEval_EvalFrameDefault + 0x31f (0x4ed68f in /home/sheng/paper6/.venv/bin/python)
frame #33: /home/sheng/paper6/.venv/bin/python() [0x5924f2]
frame #34: PyEval_EvalCode + 0x87 (0x592437 in /home/sheng/paper6/.venv/bin/python)
frame #35: /home/sheng/paper6/.venv/bin/python() [0x59992d]
frame #36: /home/sheng/paper6/.venv/bin/python() [0x4fd124]
frame #37: _PyEval_EvalFrameDefault + 0x31f (0x4ed68f in /home/sheng/paper6/.venv/bin/python)
frame #38: _PyFunction_Vectorcall + 0x6f (0x4fcf3f in /home/sheng/paper6/.venv/bin/python)
frame #39: _PyEval_EvalFrameDefault + 0x31f (0x4ed68f in /home/sheng/paper6/.venv/bin/python)
frame #40: _PyFunction_Vectorcall + 0x6f (0x4fcf3f in /home/sheng/paper6/.venv/bin/python)
frame #41: _PyEval_EvalFrameDefault + 0x13b2 (0x4ee722 in /home/sheng/paper6/.venv/bin/python)
frame #42: _PyFunction_Vectorcall + 0x6f (0x4fcf3f in /home/sheng/paper6/.venv/bin/python)
frame #43: _PyEval_EvalFrameDefault + 0x13b2 (0x4ee722 in /home/sheng/paper6/.venv/bin/python)
frame #44: _PyFunction_Vectorcall + 0x6f (0x4fcf3f in /home/sheng/paper6/.venv/bin/python)
frame #45: _PyEval_EvalFrameDefault + 0x31f (0x4ed68f in /home/sheng/paper6/.venv/bin/python)
frame #46: /home/sheng/paper6/.venv/bin/python() [0x5924f2]
frame #47: PyEval_EvalCode + 0x87 (0x592437 in /home/sheng/paper6/.venv/bin/python)
frame #48: /home/sheng/paper6/.venv/bin/python() [0x5c3237]
frame #49: /home/sheng/paper6/.venv/bin/python() [0x5be380]
frame #50: /home/sheng/paper6/.venv/bin/python() [0x4598d6]
frame #51: _PyRun_SimpleFileObject + 0x19f (0x5b890f in /home/sheng/paper6/.venv/bin/python)
frame #52: _PyRun_AnyFileObject + 0x43 (0x5b8673 in /home/sheng/paper6/.venv/bin/python)
frame #53: Py_RunMain + 0x38d (0x5b542d in /home/sheng/paper6/.venv/bin/python)
frame #54: Py_BytesMain + 0x39 (0x585609 in /home/sheng/paper6/.venv/bin/python)
frame #55: __libc_start_main + 0xf3 (0x715b9599e083 in /lib/x86_64-linux-gnu/libc.so.6)
frame #56: /home/sheng/paper6/.venv/bin/python() [0x5854be]

W1003 20:05:37.534000 10678 site-packages/torch/distributed/elastic/multiprocessing/api.py:916] Unable to shutdown process 10683 via Signals.SIGINT, forcefully exiting via Signals.SIGKILL
Traceback (most recent call last):
  File "/home/sheng/anaconda3/envs/epiu-dsgn/lib/python3.10/runpy.py", line 196, in _run_module_as_main
    return _run_code(code, main_globals, None,
  File "/home/sheng/anaconda3/envs/epiu-dsgn/lib/python3.10/runpy.py", line 86, in _run_code
    exec(code, run_globals)
  File "/home/sheng/anaconda3/envs/epiu-dsgn/lib/python3.10/site-packages/torch/distributed/launch.py", line 208, in <module>
    main()
  File "/home/sheng/anaconda3/envs/epiu-dsgn/lib/python3.10/site-packages/typing_extensions.py", line 2499, in wrapper
    return arg(*args, **kwargs)
  File "/home/sheng/anaconda3/envs/epiu-dsgn/lib/python3.10/site-packages/torch/distributed/launch.py", line 204, in main
    launch(args)
  File "/home/sheng/anaconda3/envs/epiu-dsgn/lib/python3.10/site-packages/torch/distributed/launch.py", line 189, in launch
    run(args)
  File "/home/sheng/anaconda3/envs/epiu-dsgn/lib/python3.10/site-packages/torch/distributed/run.py", line 910, in run
    elastic_launch(
  File "/home/sheng/anaconda3/envs/epiu-dsgn/lib/python3.10/site-packages/torch/distributed/launcher/api.py", line 138, in __call__
    return launch_agent(self._config, self._entrypoint, list(args))
  File "/home/sheng/anaconda3/envs/epiu-dsgn/lib/python3.10/site-packages/torch/distributed/launcher/api.py", line 260, in launch_agent
    result = agent.run()
  File "/home/sheng/anaconda3/envs/epiu-dsgn/lib/python3.10/site-packages/torch/distributed/elastic/metrics/api.py", line 137, in wrapper
    result = f(*args, **kwargs)
  File "/home/sheng/anaconda3/envs/epiu-dsgn/lib/python3.10/site-packages/torch/distributed/elastic/agent/server/api.py", line 696, in run
    result = self._invoke_run(role)
  File "/home/sheng/anaconda3/envs/epiu-dsgn/lib/python3.10/site-packages/torch/distributed/elastic/agent/server/api.py", line 855, in _invoke_run
    time.sleep(monitor_interval)
  File "/home/sheng/anaconda3/envs/epiu-dsgn/lib/python3.10/site-packages/torch/distributed/elastic/multiprocessing/api.py", line 84, in _terminate_process_handler
    raise SignalException(f"Process {os.getpid()} got signal: {sigval}", sigval=sigval)
torch.distributed.elastic.multiprocessing.api.SignalException: Process 10678 got signal: 2
