/home/sheng/anaconda3/envs/epiu-dsgn/lib/python3.10/site-packages/torch/distributed/launch.py:208: FutureWarning: The module torch.distributed.launch is deprecated
and will be removed in future. Use torchrun.
Note that --use-env is set by default in torchrun.
If your script expects `--local-rank` argument to be set, please
change it to read from `os.environ['LOCAL_RANK']` instead. See 
https://pytorch.org/docs/stable/distributed.html#launch-utility for 
further instructions

  main()
/home/sheng/paper6/.venv/lib/python3.10/site-packages/mmcv/__init__.py:20: UserWarning: On January 1, 2023, MMCV will release v2.0.0, in which it will remove components related to the training process and add a data transformation module. In addition, it will rename the package names mmcv to mmcv-lite and mmcv-full to mmcv. See https://github.com/open-mmlab/mmcv/blob/master/docs/en/compatibility.md for more details.
  warnings.warn(
2026-10-03 20:05:45,900   INFO  **********************Start logging**********************
2026-10-03 20:05:45,900   INFO  CUDA_VISIBLE_DEVICES=0
2026-10-03 20:05:45,901   INFO  eval output dir: /mnt/d/paper6/checkpoints/liga-author-download.eval/eval/epoch_6/val/clean_seed17_002
2026-10-03 20:05:45,901   INFO  total_batch_size: 1
2026-10-03 20:05:45,901   INFO  cfg_file         /home/sheng/paper6/third_party/LIGA-Stereo/configs/stereo/kitti_models/liga.3d-and-bev.yaml
2026-10-03 20:05:45,902   INFO  batch_size       1
2026-10-03 20:05:45,902   INFO  workers          4
2026-10-03 20:05:45,903   INFO  exp_name         None
2026-10-03 20:05:45,903   INFO  eval_tag         clean_seed17_002
2026-10-03 20:05:45,903   INFO  max_waiting_mins 30
2026-10-03 20:05:45,904   INFO  save_to_file     True
2026-10-03 20:05:45,905   INFO  ckpt             /mnt/d/paper6/checkpoints/liga-author-download
2026-10-03 20:05:45,905   INFO  ckpt_id          None
2026-10-03 20:05:45,905   INFO  start_epoch      0
2026-10-03 20:05:45,906   INFO  launcher         pytorch
2026-10-03 20:05:45,906   INFO  tcp_port         18888
2026-10-03 20:05:45,906   INFO  local_rank       0
2026-10-03 20:05:45,906   INFO  set_cfgs         None
2026-10-03 20:05:45,907   INFO  trainval         False
2026-10-03 20:05:45,907   INFO  imitation        2d
2026-10-03 20:05:45,907   INFO  cfg.ROOT_DIR: /home/sheng/paper6/third_party/LIGA-Stereo
2026-10-03 20:05:45,907   INFO  cfg.LOCAL_RANK: 0
2026-10-03 20:05:45,908   INFO  cfg.CLASS_NAMES: ['Car', 'Pedestrian', 'Cyclist']
2026-10-03 20:05:45,908   INFO  
cfg.DATA_CONFIG = edict()
2026-10-03 20:05:45,908   INFO  cfg.DATA_CONFIG.DATASET: StereoKittiDataset
2026-10-03 20:05:45,909   INFO  cfg.DATA_CONFIG.DATA_PATH: ./data/kitti
2026-10-03 20:05:45,909   INFO  cfg.DATA_CONFIG.FLIP: True
2026-10-03 20:05:45,909   INFO  cfg.DATA_CONFIG.FORCE_FLIP: False
2026-10-03 20:05:45,909   INFO  cfg.DATA_CONFIG.POINT_CLOUD_RANGE: [2, -30.4, -3, 59.6, 30.4, 1]
2026-10-03 20:05:45,910   INFO  cfg.DATA_CONFIG.VOXEL_SIZE: [0.05, 0.05, 0.1]
2026-10-03 20:05:45,910   INFO  cfg.DATA_CONFIG.STEREO_VOXEL_SIZE: [0.2, 0.2, 0.2]
2026-10-03 20:05:45,910   INFO  
cfg.DATA_CONFIG.DATA_SPLIT = edict()
2026-10-03 20:05:45,911   INFO  cfg.DATA_CONFIG.DATA_SPLIT.train: train
2026-10-03 20:05:45,911   INFO  cfg.DATA_CONFIG.DATA_SPLIT.test: val
2026-10-03 20:05:45,911   INFO  
cfg.DATA_CONFIG.INFO_PATH = edict()
2026-10-03 20:05:45,911   INFO  cfg.DATA_CONFIG.INFO_PATH.train: ['kitti_infos_train.pkl']
2026-10-03 20:05:45,912   INFO  cfg.DATA_CONFIG.INFO_PATH.test: ['kitti_infos_val.pkl']
2026-10-03 20:05:45,912   INFO  cfg.DATA_CONFIG.USE_VAN: True
2026-10-03 20:05:45,913   INFO  cfg.DATA_CONFIG.USE_PERSON_SITTING: True
2026-10-03 20:05:45,913   INFO  cfg.DATA_CONFIG.FOV_POINTS_ONLY: True
2026-10-03 20:05:45,914   INFO  cfg.DATA_CONFIG.BOXES_GT_IN_CAM2_VIEW: False
2026-10-03 20:05:45,914   INFO  cfg.DATA_CONFIG.GENERATE_CORNER_HEATMAP: False
2026-10-03 20:05:45,914   INFO  cfg.DATA_CONFIG.CAT_REFLECT_DIM: False
2026-10-03 20:05:45,915   INFO  cfg.DATA_CONFIG.TRAIN_DATA_AUGMENTOR: [{'NAME': 'random_crop', 'MIN_REL_X': 0, 'MAX_REL_X': 0, 'MIN_REL_Y': 1.0, 'MAX_REL_Y': 1.0, 'MAX_CROP_H': 320, 'MAX_CROP_W': 1280}, {'NAME': 'filter_truncated', 'AREA_RATIO_THRESH': None, 'AREA_2D_RATIO_THRESH': None, 'GT_TRUNCATED_THRESH': 0.98}]
2026-10-03 20:05:45,915   INFO  cfg.DATA_CONFIG.TEST_DATA_AUGMENTOR: [{'NAME': 'random_crop', 'MIN_REL_X': 0, 'MAX_REL_X': 0, 'MIN_REL_Y': 1.0, 'MAX_REL_Y': 1.0, 'MAX_CROP_H': 320, 'MAX_CROP_W': 1280}]
2026-10-03 20:05:45,915   INFO  
cfg.DATA_CONFIG.POINT_FEATURE_ENCODING = edict()
2026-10-03 20:05:45,916   INFO  cfg.DATA_CONFIG.POINT_FEATURE_ENCODING.encoding_type: absolute_coordinates_encoding
2026-10-03 20:05:45,916   INFO  cfg.DATA_CONFIG.POINT_FEATURE_ENCODING.used_feature_list: ['x', 'y', 'z']
2026-10-03 20:05:45,916   INFO  cfg.DATA_CONFIG.POINT_FEATURE_ENCODING.src_feature_list: ['x', 'y', 'z']
2026-10-03 20:05:45,916   INFO  cfg.DATA_CONFIG.DATA_PROCESSOR: [{'NAME': 'mask_points_and_boxes_outside_range', 'REMOVE_OUTSIDE_BOXES': True}, {'NAME': 'transform_points_to_voxels', 'VOXEL_SIZE': [0.05, 0.05, 0.1], 'MAX_POINTS_PER_VOXEL': 5, 'MAX_NUMBER_OF_VOXELS': {'train': 40000, 'test': 40000}}]
2026-10-03 20:05:45,917   INFO  cfg.DATA_CONFIG._BASE_CONFIG_: ./configs/stereo/dataset_configs/kitti_dataset_fused.yaml
2026-10-03 20:05:45,917   INFO  
cfg.MODEL = edict()
2026-10-03 20:05:45,917   INFO  cfg.MODEL.NAME: stereo_LIGA
2026-10-03 20:05:45,918   INFO  
cfg.MODEL.LIDAR_MODEL = edict()
2026-10-03 20:05:45,918   INFO  cfg.MODEL.LIDAR_MODEL.NAME: SECONDNet
2026-10-03 20:05:45,918   INFO  cfg.MODEL.LIDAR_MODEL.RETURN_BATCH_DICT: True
2026-10-03 20:05:45,918   INFO  cfg.MODEL.LIDAR_MODEL.PRETRAINED_MODEL: ./ckpt/second_s4_hg.iouloss.ep78.backbone-no-final-bnrelu.input-only-xyz.default-lr-policy-with-wd-decay-78ep.pth
2026-10-03 20:05:45,919   INFO  
cfg.MODEL.LIDAR_MODEL.VFE = edict()
2026-10-03 20:05:45,919   INFO  cfg.MODEL.LIDAR_MODEL.VFE.NAME: MeanVFE
2026-10-03 20:05:45,919   INFO  
cfg.MODEL.LIDAR_MODEL.BACKBONE_3D = edict()
2026-10-03 20:05:45,919   INFO  cfg.MODEL.LIDAR_MODEL.BACKBONE_3D.NAME: VoxelBackBone4xNoFinalBnReLU
2026-10-03 20:05:45,920   INFO  
cfg.MODEL.LIDAR_MODEL.MAP_TO_BEV = edict()
2026-10-03 20:05:45,920   INFO  cfg.MODEL.LIDAR_MODEL.MAP_TO_BEV.NAME: HeightCompression
2026-10-03 20:05:45,920   INFO  cfg.MODEL.LIDAR_MODEL.MAP_TO_BEV.NUM_BEV_FEATURES: 160
2026-10-03 20:05:45,920   INFO  
cfg.MODEL.LIDAR_MODEL.BACKBONE_2D = edict()
2026-10-03 20:05:45,920   INFO  cfg.MODEL.LIDAR_MODEL.BACKBONE_2D.NAME: HgBEVBackbone
2026-10-03 20:05:45,921   INFO  cfg.MODEL.LIDAR_MODEL.BACKBONE_2D.num_channels: 64
2026-10-03 20:05:45,921   INFO  cfg.MODEL.LIDAR_MODEL.BACKBONE_2D.GN: False
2026-10-03 20:05:45,921   INFO  
cfg.MODEL.BACKBONE_3D = edict()
2026-10-03 20:05:45,922   INFO  cfg.MODEL.BACKBONE_3D.NAME: LigaBackbone
2026-10-03 20:05:45,922   INFO  cfg.MODEL.BACKBONE_3D.maxdisp: 288
2026-10-03 20:05:45,922   INFO  cfg.MODEL.BACKBONE_3D.downsample_disp: 4
2026-10-03 20:05:45,923   INFO  cfg.MODEL.BACKBONE_3D.GN: True
2026-10-03 20:05:45,923   INFO  cfg.MODEL.BACKBONE_3D.img_feature_attentionbydisp: True
2026-10-03 20:05:45,923   INFO  cfg.MODEL.BACKBONE_3D.voxel_attentionbydisp: False
2026-10-03 20:05:45,923   INFO  cfg.MODEL.BACKBONE_3D.cat_img_feature: True
2026-10-03 20:05:45,924   INFO  cfg.MODEL.BACKBONE_3D.num_3dconvs: 1
2026-10-03 20:05:45,924   INFO  
cfg.MODEL.BACKBONE_3D.feature_backbone = edict()
2026-10-03 20:05:45,924   INFO  cfg.MODEL.BACKBONE_3D.feature_backbone.type: ResNet
2026-10-03 20:05:45,924   INFO  cfg.MODEL.BACKBONE_3D.feature_backbone.depth: 34
2026-10-03 20:05:45,925   INFO  cfg.MODEL.BACKBONE_3D.feature_backbone.num_stages: 4
2026-10-03 20:05:45,925   INFO  cfg.MODEL.BACKBONE_3D.feature_backbone.out_indices: [0, 1, 2, 3]
2026-10-03 20:05:45,925   INFO  cfg.MODEL.BACKBONE_3D.feature_backbone.frozen_stages: -1
2026-10-03 20:05:45,926   INFO  
cfg.MODEL.BACKBONE_3D.feature_backbone.norm_cfg = edict()
2026-10-03 20:05:45,926   INFO  cfg.MODEL.BACKBONE_3D.feature_backbone.norm_cfg.type: BN
2026-10-03 20:05:45,926   INFO  cfg.MODEL.BACKBONE_3D.feature_backbone.norm_cfg.requires_grad: True
2026-10-03 20:05:45,926   INFO  cfg.MODEL.BACKBONE_3D.feature_backbone.norm_eval: False
2026-10-03 20:05:45,927   INFO  cfg.MODEL.BACKBONE_3D.feature_backbone.style: pytorch
2026-10-03 20:05:45,927   INFO  cfg.MODEL.BACKBONE_3D.feature_backbone.with_max_pool: False
2026-10-03 20:05:45,927   INFO  cfg.MODEL.BACKBONE_3D.feature_backbone.deep_stem: False
2026-10-03 20:05:45,928   INFO  cfg.MODEL.BACKBONE_3D.feature_backbone.block_with_final_relu: False
2026-10-03 20:05:45,928   INFO  cfg.MODEL.BACKBONE_3D.feature_backbone.base_channels: 64
2026-10-03 20:05:45,928   INFO  cfg.MODEL.BACKBONE_3D.feature_backbone.strides: [1, 2, 1, 1]
2026-10-03 20:05:45,929   INFO  cfg.MODEL.BACKBONE_3D.feature_backbone.dilations: [1, 1, 2, 4]
2026-10-03 20:05:45,929   INFO  cfg.MODEL.BACKBONE_3D.feature_backbone.num_channels_factor: [1, 2, 2, 2]
2026-10-03 20:05:45,929   INFO  cfg.MODEL.BACKBONE_3D.feature_backbone_pretrained: torchvision://resnet34
2026-10-03 20:05:45,930   INFO  
cfg.MODEL.BACKBONE_3D.feature_neck = edict()
2026-10-03 20:05:45,930   INFO  cfg.MODEL.BACKBONE_3D.feature_neck.GN: True
2026-10-03 20:05:45,931   INFO  cfg.MODEL.BACKBONE_3D.feature_neck.in_dims: [3, 64, 128, 128, 128]
2026-10-03 20:05:45,931   INFO  cfg.MODEL.BACKBONE_3D.feature_neck.start_level: 2
2026-10-03 20:05:45,931   INFO  cfg.MODEL.BACKBONE_3D.feature_neck.stereo_dim: [32, 32]
2026-10-03 20:05:45,932   INFO  cfg.MODEL.BACKBONE_3D.feature_neck.with_upconv: True
2026-10-03 20:05:45,932   INFO  cfg.MODEL.BACKBONE_3D.feature_neck.cat_img_feature: True
2026-10-03 20:05:45,932   INFO  cfg.MODEL.BACKBONE_3D.feature_neck.sem_dim: [128, 32]
2026-10-03 20:05:45,933   INFO  
cfg.MODEL.BACKBONE_3D.sem_neck = edict()
2026-10-03 20:05:45,933   INFO  cfg.MODEL.BACKBONE_3D.sem_neck.type: FPN
2026-10-03 20:05:45,933   INFO  cfg.MODEL.BACKBONE_3D.sem_neck.in_channels: [32]
2026-10-03 20:05:45,933   INFO  cfg.MODEL.BACKBONE_3D.sem_neck.out_channels: 64
2026-10-03 20:05:45,934   INFO  cfg.MODEL.BACKBONE_3D.sem_neck.start_level: 0
2026-10-03 20:05:45,934   INFO  cfg.MODEL.BACKBONE_3D.sem_neck.add_extra_convs: on_output
2026-10-03 20:05:45,934   INFO  cfg.MODEL.BACKBONE_3D.sem_neck.num_outs: 5
2026-10-03 20:05:45,935   INFO  cfg.MODEL.BACKBONE_3D.cost_volume: [{'type': 'concat', 'downsample': 4}]
2026-10-03 20:05:45,935   INFO  cfg.MODEL.BACKBONE_3D.cv_dim: 32
2026-10-03 20:05:45,935   INFO  cfg.MODEL.BACKBONE_3D.rpn3d_dim: 32
2026-10-03 20:05:45,935   INFO  cfg.MODEL.BACKBONE_3D.downsampled_depth_offset: 0.5
2026-10-03 20:05:45,936   INFO  cfg.MODEL.BACKBONE_3D.use_stereo_out_type: feature
2026-10-03 20:05:45,936   INFO  cfg.MODEL.BACKBONE_3D.num_hg: 1
2026-10-03 20:05:45,936   INFO  
cfg.MODEL.DENSE_HEAD_2D = edict()
2026-10-03 20:05:45,936   INFO  cfg.MODEL.DENSE_HEAD_2D.NAME: MMDet2DHead
2026-10-03 20:05:45,936   INFO  cfg.MODEL.DENSE_HEAD_2D.use_3d_center: True
2026-10-03 20:05:45,936   INFO  
cfg.MODEL.DENSE_HEAD_2D.cfg = edict()
2026-10-03 20:05:45,937   INFO  cfg.MODEL.DENSE_HEAD_2D.cfg.type: ATSSAdvHead
2026-10-03 20:05:45,937   INFO  cfg.MODEL.DENSE_HEAD_2D.cfg.reg_class_agnostic: False
2026-10-03 20:05:45,937   INFO  cfg.MODEL.DENSE_HEAD_2D.cfg.seperate_extra_reg_branch: False
2026-10-03 20:05:45,937   INFO  cfg.MODEL.DENSE_HEAD_2D.cfg.num_classes: 3
2026-10-03 20:05:45,938   INFO  cfg.MODEL.DENSE_HEAD_2D.cfg.in_channels: 64
2026-10-03 20:05:45,938   INFO  cfg.MODEL.DENSE_HEAD_2D.cfg.stacked_convs: 4
2026-10-03 20:05:45,938   INFO  cfg.MODEL.DENSE_HEAD_2D.cfg.feat_channels: 64
2026-10-03 20:05:45,938   INFO  
cfg.MODEL.DENSE_HEAD_2D.cfg.anchor_generator = edict()
2026-10-03 20:05:45,939   INFO  cfg.MODEL.DENSE_HEAD_2D.cfg.anchor_generator.type: AnchorGenerator
2026-10-03 20:05:45,939   INFO  cfg.MODEL.DENSE_HEAD_2D.cfg.anchor_generator.ratios: [1.0]
2026-10-03 20:05:45,939   INFO  cfg.MODEL.DENSE_HEAD_2D.cfg.anchor_generator.octave_base_scale: 16
2026-10-03 20:05:45,939   INFO  cfg.MODEL.DENSE_HEAD_2D.cfg.anchor_generator.scales_per_octave: 1
2026-10-03 20:05:45,940   INFO  cfg.MODEL.DENSE_HEAD_2D.cfg.anchor_generator.strides: [4, 8, 16, 32, 64]
2026-10-03 20:05:45,940   INFO  cfg.MODEL.DENSE_HEAD_2D.cfg.num_extra_reg_channel: 0
2026-10-03 20:05:45,940   INFO  
cfg.MODEL.DENSE_HEAD_2D.cfg.bbox_coder = edict()
2026-10-03 20:05:45,940   INFO  cfg.MODEL.DENSE_HEAD_2D.cfg.bbox_coder.type: DeltaXYWHBBoxCoder
2026-10-03 20:05:45,941   INFO  cfg.MODEL.DENSE_HEAD_2D.cfg.bbox_coder.target_means: [0.0, 0.0, 0.0, 0.0]
2026-10-03 20:05:45,941   INFO  cfg.MODEL.DENSE_HEAD_2D.cfg.bbox_coder.target_stds: [0.1, 0.1, 0.2, 0.2]
2026-10-03 20:05:45,941   INFO  
cfg.MODEL.DENSE_HEAD_2D.cfg.loss_cls = edict()
2026-10-03 20:05:45,942   INFO  cfg.MODEL.DENSE_HEAD_2D.cfg.loss_cls.type: FocalLoss
2026-10-03 20:05:45,942   INFO  cfg.MODEL.DENSE_HEAD_2D.cfg.loss_cls.use_sigmoid: True
2026-10-03 20:05:45,943   INFO  cfg.MODEL.DENSE_HEAD_2D.cfg.loss_cls.gamma: 2.0
2026-10-03 20:05:45,943   INFO  cfg.MODEL.DENSE_HEAD_2D.cfg.loss_cls.alpha: 0.25
2026-10-03 20:05:45,943   INFO  cfg.MODEL.DENSE_HEAD_2D.cfg.loss_cls.loss_weight: 1.0
2026-10-03 20:05:45,943   INFO  
cfg.MODEL.DENSE_HEAD_2D.cfg.loss_bbox = edict()
2026-10-03 20:05:45,944   INFO  cfg.MODEL.DENSE_HEAD_2D.cfg.loss_bbox.type: GIoULoss
2026-10-03 20:05:45,944   INFO  cfg.MODEL.DENSE_HEAD_2D.cfg.loss_bbox.loss_weight: 2.0
2026-10-03 20:05:45,944   INFO  
cfg.MODEL.DENSE_HEAD_2D.cfg.loss_centerness = edict()
2026-10-03 20:05:45,945   INFO  cfg.MODEL.DENSE_HEAD_2D.cfg.loss_centerness.type: CrossEntropyLoss
2026-10-03 20:05:45,945   INFO  cfg.MODEL.DENSE_HEAD_2D.cfg.loss_centerness.use_sigmoid: True
2026-10-03 20:05:45,945   INFO  cfg.MODEL.DENSE_HEAD_2D.cfg.loss_centerness.loss_weight: 1.0
2026-10-03 20:05:45,945   INFO  
cfg.MODEL.DENSE_HEAD_2D.cfg.train_cfg = edict()
2026-10-03 20:05:45,946   INFO  
cfg.MODEL.DENSE_HEAD_2D.cfg.train_cfg.assigner = edict()
2026-10-03 20:05:45,946   INFO  cfg.MODEL.DENSE_HEAD_2D.cfg.train_cfg.assigner.type: ATSS3DCenterAssigner
2026-10-03 20:05:45,946   INFO  cfg.MODEL.DENSE_HEAD_2D.cfg.train_cfg.assigner.topk: 9
2026-10-03 20:05:45,946   INFO  cfg.MODEL.DENSE_HEAD_2D.cfg.train_cfg.allowed_border: -1
2026-10-03 20:05:45,947   INFO  cfg.MODEL.DENSE_HEAD_2D.cfg.train_cfg.pos_weight: -1
2026-10-03 20:05:45,947   INFO  cfg.MODEL.DENSE_HEAD_2D.cfg.train_cfg.append_3d_centers: True
2026-10-03 20:05:45,947   INFO  cfg.MODEL.DENSE_HEAD_2D.cfg.train_cfg.debug: False
2026-10-03 20:05:45,947   INFO  
cfg.MODEL.DENSE_HEAD_2D.cfg.test_cfg = edict()
2026-10-03 20:05:45,947   INFO  cfg.MODEL.DENSE_HEAD_2D.cfg.test_cfg.nms_pre: 1000
2026-10-03 20:05:45,947   INFO  cfg.MODEL.DENSE_HEAD_2D.cfg.test_cfg.min_bbox_size: 0
2026-10-03 20:05:45,948   INFO  cfg.MODEL.DENSE_HEAD_2D.cfg.test_cfg.score_thr: 0.05
2026-10-03 20:05:45,948   INFO  
cfg.MODEL.DENSE_HEAD_2D.cfg.test_cfg.nms = edict()
2026-10-03 20:05:45,948   INFO  cfg.MODEL.DENSE_HEAD_2D.cfg.test_cfg.nms.type: nms
2026-10-03 20:05:45,948   INFO  cfg.MODEL.DENSE_HEAD_2D.cfg.test_cfg.nms.iou_threshold: 0.6
2026-10-03 20:05:45,949   INFO  cfg.MODEL.DENSE_HEAD_2D.cfg.test_cfg.max_per_img: 100
2026-10-03 20:05:45,949   INFO  
cfg.MODEL.MAP_TO_BEV = edict()
2026-10-03 20:05:45,949   INFO  cfg.MODEL.MAP_TO_BEV.NAME: HeightCompression
2026-10-03 20:05:45,950   INFO  cfg.MODEL.MAP_TO_BEV.NUM_BEV_FEATURES: 160
2026-10-03 20:05:45,950   INFO  cfg.MODEL.MAP_TO_BEV.SPARSE_INPUT: False
2026-10-03 20:05:45,950   INFO  
cfg.MODEL.BACKBONE_2D = edict()
2026-10-03 20:05:45,951   INFO  cfg.MODEL.BACKBONE_2D.NAME: HgBEVBackbone
2026-10-03 20:05:45,951   INFO  cfg.MODEL.BACKBONE_2D.num_channels: 64
2026-10-03 20:05:45,951   INFO  cfg.MODEL.BACKBONE_2D.GN: True
2026-10-03 20:05:45,951   INFO  
cfg.MODEL.DENSE_HEAD = edict()
2026-10-03 20:05:45,951   INFO  cfg.MODEL.DENSE_HEAD.NAME: DetHead
2026-10-03 20:05:45,952   INFO  cfg.MODEL.DENSE_HEAD.NUM_CONVS: 2
2026-10-03 20:05:45,952   INFO  cfg.MODEL.DENSE_HEAD.GN: True
2026-10-03 20:05:45,952   INFO  cfg.MODEL.DENSE_HEAD.CLASS_AGNOSTIC: False
2026-10-03 20:05:45,952   INFO  cfg.MODEL.DENSE_HEAD.USE_DIRECTION_CLASSIFIER: True
2026-10-03 20:05:45,952   INFO  cfg.MODEL.DENSE_HEAD.DIR_OFFSET: 0.78539
2026-10-03 20:05:45,953   INFO  cfg.MODEL.DENSE_HEAD.DIR_LIMIT_OFFSET: 0.0
2026-10-03 20:05:45,953   INFO  cfg.MODEL.DENSE_HEAD.NUM_DIR_BINS: 2
2026-10-03 20:05:45,953   INFO  cfg.MODEL.DENSE_HEAD.CLAMP_VALUE: 10.0
2026-10-03 20:05:45,954   INFO  cfg.MODEL.DENSE_HEAD.xyz_for_angles: True
2026-10-03 20:05:45,954   INFO  cfg.MODEL.DENSE_HEAD.hwl_for_angles: True
2026-10-03 20:05:45,954   INFO  cfg.MODEL.DENSE_HEAD.do_feature_imitation: True
2026-10-03 20:05:45,954   INFO  cfg.MODEL.DENSE_HEAD.imitation_cfg: [{'lidar_feature_layer': 'spatial_features_2d', 'stereo_feature_layer': 'spatial_features_2d', 'normalize': 'cw_scale', 'layer': 'conv2d', 'channel': 64, 'ksize': 1, 'use_relu': False, 'mode': 'inbox'}, {'lidar_feature_layer': 'volume_features', 'stereo_feature_layer': 'volume_features', 'normalize': 'cw_scale', 'layer': 'conv3d', 'channel': 32, 'ksize': 1, 'use_relu': False, 'mode': 'inbox'}]
2026-10-03 20:05:45,955   INFO  cfg.MODEL.DENSE_HEAD.ANCHOR_GENERATOR_CONFIG: [{'class_name': 'Car', 'anchor_sizes': [[3.9, 1.6, 1.56]], 'anchor_rotations': [0, 1.57], 'anchor_bottom_heights': [-1.78], 'align_center': False, 'feature_map_stride': 1, 'matched_threshold': 0.6, 'unmatched_threshold': 0.45}, {'class_name': 'Pedestrian', 'anchor_sizes': [[0.8, 0.6, 1.73]], 'anchor_rotations': [0, 1.57], 'anchor_bottom_heights': [-0.6], 'align_center': False, 'feature_map_stride': 1, 'matched_threshold': 0.5, 'unmatched_threshold': 0.35}, {'class_name': 'Cyclist', 'anchor_sizes': [[1.76, 0.6, 1.73]], 'anchor_rotations': [0, 1.57], 'anchor_bottom_heights': [-0.6], 'align_center': False, 'feature_map_stride': 1, 'matched_threshold': 0.5, 'unmatched_threshold': 0.35}]
2026-10-03 20:05:45,955   INFO  
cfg.MODEL.DENSE_HEAD.TARGET_ASSIGNER_CONFIG = edict()
2026-10-03 20:05:45,955   INFO  cfg.MODEL.DENSE_HEAD.TARGET_ASSIGNER_CONFIG.NAME: AxisAlignedTargetAssigner
2026-10-03 20:05:45,955   INFO  cfg.MODEL.DENSE_HEAD.TARGET_ASSIGNER_CONFIG.POS_FRACTION: -1.0
2026-10-03 20:05:45,956   INFO  cfg.MODEL.DENSE_HEAD.TARGET_ASSIGNER_CONFIG.SAMPLE_SIZE: 512
2026-10-03 20:05:45,956   INFO  cfg.MODEL.DENSE_HEAD.TARGET_ASSIGNER_CONFIG.NORM_BY_NUM_EXAMPLES: False
2026-10-03 20:05:45,956   INFO  cfg.MODEL.DENSE_HEAD.TARGET_ASSIGNER_CONFIG.MATCH_HEIGHT: False
2026-10-03 20:05:45,957   INFO  cfg.MODEL.DENSE_HEAD.TARGET_ASSIGNER_CONFIG.BOX_CODER: ResidualCoder
2026-10-03 20:05:45,957   INFO  
cfg.MODEL.DENSE_HEAD.TARGET_ASSIGNER_CONFIG.BOX_CODER_CONFIG = edict()
2026-10-03 20:05:45,957   INFO  cfg.MODEL.DENSE_HEAD.TARGET_ASSIGNER_CONFIG.BOX_CODER_CONFIG.div_by_diagonal: True
2026-10-03 20:05:45,957   INFO  cfg.MODEL.DENSE_HEAD.TARGET_ASSIGNER_CONFIG.BOX_CODER_CONFIG.use_corners: False
2026-10-03 20:05:45,958   INFO  cfg.MODEL.DENSE_HEAD.TARGET_ASSIGNER_CONFIG.BOX_CODER_CONFIG.use_tanh: False
2026-10-03 20:05:45,958   INFO  
cfg.MODEL.DENSE_HEAD.LOSS_CONFIG = edict()
2026-10-03 20:05:45,958   INFO  cfg.MODEL.DENSE_HEAD.LOSS_CONFIG.REG_LOSS_TYPE: WeightedSmoothL1Loss
2026-10-03 20:05:45,959   INFO  cfg.MODEL.DENSE_HEAD.LOSS_CONFIG.IOU_LOSS_TYPE: IOU3dLoss
2026-10-03 20:05:45,959   INFO  cfg.MODEL.DENSE_HEAD.LOSS_CONFIG.IMITATION_LOSS_TYPE: WeightedL2WithSigmaLoss
2026-10-03 20:05:45,959   INFO  
cfg.MODEL.DENSE_HEAD.LOSS_CONFIG.LOSS_WEIGHTS = edict()
2026-10-03 20:05:45,960   INFO  cfg.MODEL.DENSE_HEAD.LOSS_CONFIG.LOSS_WEIGHTS.cls_weight: 1.0
2026-10-03 20:05:45,960   INFO  cfg.MODEL.DENSE_HEAD.LOSS_CONFIG.LOSS_WEIGHTS.loc_weight: 0.5
2026-10-03 20:05:45,960   INFO  cfg.MODEL.DENSE_HEAD.LOSS_CONFIG.LOSS_WEIGHTS.dir_weight: 0.2
2026-10-03 20:05:45,960   INFO  cfg.MODEL.DENSE_HEAD.LOSS_CONFIG.LOSS_WEIGHTS.iou_weight: 1.0
2026-10-03 20:05:45,961   INFO  cfg.MODEL.DENSE_HEAD.LOSS_CONFIG.LOSS_WEIGHTS.imitation_weight: 1.0
2026-10-03 20:05:45,961   INFO  cfg.MODEL.DENSE_HEAD.LOSS_CONFIG.LOSS_WEIGHTS.code_weights: [1.0, 1.0, 1.0, 1.0, 1.0, 1.0, 1.0]
2026-10-03 20:05:45,961   INFO  
cfg.MODEL.DEPTH_LOSS_HEAD = edict()
2026-10-03 20:05:45,962   INFO  
cfg.MODEL.DEPTH_LOSS_HEAD.LOSS_TYPE = edict()
2026-10-03 20:05:45,962   INFO  cfg.MODEL.DEPTH_LOSS_HEAD.LOSS_TYPE.ce: 1.0
2026-10-03 20:05:45,962   INFO  cfg.MODEL.DEPTH_LOSS_HEAD.WEIGHTS: [1.0]
2026-10-03 20:05:45,962   INFO  
cfg.MODEL.POST_PROCESSING = edict()
2026-10-03 20:05:45,963   INFO  cfg.MODEL.POST_PROCESSING.RECALL_THRESH_LIST: [0.3, 0.5, 0.7]
2026-10-03 20:05:45,963   INFO  cfg.MODEL.POST_PROCESSING.SCORE_THRESH: 0.1
2026-10-03 20:05:45,963   INFO  cfg.MODEL.POST_PROCESSING.OUTPUT_RAW_SCORE: False
2026-10-03 20:05:45,963   INFO  cfg.MODEL.POST_PROCESSING.EVAL_METRIC: kitti
2026-10-03 20:05:45,964   INFO  
cfg.MODEL.POST_PROCESSING.NMS_CONFIG = edict()
2026-10-03 20:05:45,964   INFO  cfg.MODEL.POST_PROCESSING.NMS_CONFIG.MULTI_CLASSES_NMS: True
2026-10-03 20:05:45,964   INFO  cfg.MODEL.POST_PROCESSING.NMS_CONFIG.NMS_TYPE: nms_gpu
2026-10-03 20:05:45,964   INFO  cfg.MODEL.POST_PROCESSING.NMS_CONFIG.NMS_THRESH: 0.25
2026-10-03 20:05:45,965   INFO  cfg.MODEL.POST_PROCESSING.NMS_CONFIG.NMS_PRE_MAXSIZE: 4096
2026-10-03 20:05:45,965   INFO  cfg.MODEL.POST_PROCESSING.NMS_CONFIG.NMS_POST_MAXSIZE: 500
2026-10-03 20:05:45,965   INFO  
cfg.OPTIMIZATION = edict()
2026-10-03 20:05:45,965   INFO  cfg.OPTIMIZATION.BATCH_SIZE_PER_GPU: 1
2026-10-03 20:05:45,966   INFO  cfg.OPTIMIZATION.NUM_EPOCHS: 60
2026-10-03 20:05:45,966   INFO  cfg.OPTIMIZATION.OPTIMIZER: adamw
2026-10-03 20:05:45,967   INFO  cfg.OPTIMIZATION.LR: 0.001
2026-10-03 20:05:45,967   INFO  cfg.OPTIMIZATION.WEIGHT_DECAY: 0.0001
2026-10-03 20:05:45,967   INFO  cfg.OPTIMIZATION.MOMENTUM: 0.9
2026-10-03 20:05:45,968   INFO  cfg.OPTIMIZATION.DIV_FACTOR: 10
2026-10-03 20:05:45,968   INFO  cfg.OPTIMIZATION.DECAY_STEP_LIST: [50]
2026-10-03 20:05:45,968   INFO  cfg.OPTIMIZATION.LR_DECAY: 0.1
2026-10-03 20:05:45,968   INFO  cfg.OPTIMIZATION.LR_CLIP: 1e-07
2026-10-03 20:05:45,968   INFO  cfg.OPTIMIZATION.LR_WARMUP: True
2026-10-03 20:05:45,969   INFO  cfg.OPTIMIZATION.WARMUP_EPOCH: 1
2026-10-03 20:05:45,969   INFO  cfg.OPTIMIZATION.GRAD_NORM_CLIP: 10
2026-10-03 20:05:45,969   INFO  cfg.TAG: liga.3d-and-bev
2026-10-03 20:05:45,970   INFO  cfg.EXP_GROUP_PATH: home_sheng_paper6_third_party_LIGA-Stereo_configs_stereo_kitti_models
2026-10-03 20:05:45,970   INFO  boxes_gt_in_cam2_view False
2026-10-03 20:05:45,975   INFO  Loading KITTI dataset
2026-10-03 20:05:46,078   INFO  Total samples for KITTI dataset: 3769
2026-10-03 20:05:46,099   INFO  ==> Loading parameters from checkpoint ./ckpt/second_s4_hg.iouloss.ep78.backbone-no-final-bnrelu.input-only-xyz.default-lr-policy-with-wd-decay-78ep.pth to CPU
/home/sheng/paper6/third_party/LIGA-Stereo/liga/models/detectors_lidar/lidar_detector3d_template.py:297: FutureWarning: You are using `torch.load` with `weights_only=False` (the current default value), which uses the default pickle module implicitly. It is possible to construct malicious pickle data which will execute arbitrary code during unpickling (See https://github.com/pytorch/pytorch/blob/main/SECURITY.md#untrusted-models for more details). In a future release, the default value for `weights_only` will be flipped to `True`. This limits the functions that could be executed during unpickling. Arbitrary objects will no longer be allowed to be loaded via this mode unless they are explicitly allowlisted by the user via `torch.serialization.add_safe_globals`. We recommend you start setting `weights_only=True` for any use case where you don't have full control of the loaded file. Please open an issue on GitHub for any issues related to this experimental feature.
  checkpoint = torch.load(filename, map_location=loc_type)
2026-10-03 20:05:46,136   INFO  ==> Checkpoint trained from version: liga+0.1.0+7aa7b92+py60b444b
2026-10-03 20:05:46,176   INFO  Not Loaded weight dense_head.rpn3d_cls_convs.0.0.0.weight: torch.Size([64, 64, 3, 3])
2026-10-03 20:05:46,176   INFO  Not Loaded weight dense_head.rpn3d_cls_convs.0.0.1.weight: torch.Size([64])
2026-10-03 20:05:46,177   INFO  Not Loaded weight dense_head.rpn3d_cls_convs.0.0.1.bias: torch.Size([64])
2026-10-03 20:05:46,177   INFO  Not Loaded weight dense_head.rpn3d_cls_convs.0.0.1.running_mean: torch.Size([64])
2026-10-03 20:05:46,178   INFO  Not Loaded weight dense_head.rpn3d_cls_convs.0.0.1.running_var: torch.Size([64])
2026-10-03 20:05:46,178   INFO  Not Loaded weight dense_head.rpn3d_cls_convs.0.0.1.num_batches_tracked: torch.Size([])
2026-10-03 20:05:46,178   INFO  Not Loaded weight dense_head.rpn3d_cls_convs.1.0.0.weight: torch.Size([64, 64, 3, 3])
2026-10-03 20:05:46,179   INFO  Not Loaded weight dense_head.rpn3d_cls_convs.1.0.1.weight: torch.Size([64])
2026-10-03 20:05:46,179   INFO  Not Loaded weight dense_head.rpn3d_cls_convs.1.0.1.bias: torch.Size([64])
2026-10-03 20:05:46,179   INFO  Not Loaded weight dense_head.rpn3d_cls_convs.1.0.1.running_mean: torch.Size([64])
2026-10-03 20:05:46,179   INFO  Not Loaded weight dense_head.rpn3d_cls_convs.1.0.1.running_var: torch.Size([64])
2026-10-03 20:05:46,180   INFO  Not Loaded weight dense_head.rpn3d_cls_convs.1.0.1.num_batches_tracked: torch.Size([])
2026-10-03 20:05:46,180   INFO  Not Loaded weight dense_head.rpn3d_bbox_convs.0.0.0.weight: torch.Size([64, 64, 3, 3])
2026-10-03 20:05:46,180   INFO  Not Loaded weight dense_head.rpn3d_bbox_convs.0.0.1.weight: torch.Size([64])
2026-10-03 20:05:46,180   INFO  Not Loaded weight dense_head.rpn3d_bbox_convs.0.0.1.bias: torch.Size([64])
2026-10-03 20:05:46,180   INFO  Not Loaded weight dense_head.rpn3d_bbox_convs.0.0.1.running_mean: torch.Size([64])
2026-10-03 20:05:46,181   INFO  Not Loaded weight dense_head.rpn3d_bbox_convs.0.0.1.running_var: torch.Size([64])
2026-10-03 20:05:46,181   INFO  Not Loaded weight dense_head.rpn3d_bbox_convs.0.0.1.num_batches_tracked: torch.Size([])
2026-10-03 20:05:46,181   INFO  Not Loaded weight dense_head.rpn3d_bbox_convs.1.0.0.weight: torch.Size([64, 64, 3, 3])
2026-10-03 20:05:46,182   INFO  Not Loaded weight dense_head.rpn3d_bbox_convs.1.0.1.weight: torch.Size([64])
2026-10-03 20:05:46,182   INFO  Not Loaded weight dense_head.rpn3d_bbox_convs.1.0.1.bias: torch.Size([64])
2026-10-03 20:05:46,182   INFO  Not Loaded weight dense_head.rpn3d_bbox_convs.1.0.1.running_mean: torch.Size([64])
2026-10-03 20:05:46,182   INFO  Not Loaded weight dense_head.rpn3d_bbox_convs.1.0.1.running_var: torch.Size([64])
2026-10-03 20:05:46,182   INFO  Not Loaded weight dense_head.rpn3d_bbox_convs.1.0.1.num_batches_tracked: torch.Size([])
2026-10-03 20:05:46,183   INFO  Not Loaded weight dense_head.conv_cls.weight: torch.Size([18, 64, 3, 3])
2026-10-03 20:05:46,183   INFO  Not Loaded weight dense_head.conv_cls.bias: torch.Size([18])
2026-10-03 20:05:46,183   INFO  Not Loaded weight dense_head.conv_box.weight: torch.Size([42, 64, 3, 3])
2026-10-03 20:05:46,184   INFO  Not Loaded weight dense_head.conv_box.bias: torch.Size([42])
2026-10-03 20:05:46,184   INFO  Not Loaded weight dense_head.conv_dir_cls.weight: torch.Size([12, 64, 1, 1])
2026-10-03 20:05:46,184   INFO  Not Loaded weight dense_head.conv_dir_cls.bias: torch.Size([12])
2026-10-03 20:05:46,185   INFO  ==> Done (loaded 110/110)
stereo volume depth range: 2.0 -> 59.599998474121094, interval 0.19999999470180935
/home/sheng/anaconda3/envs/epiu-dsgn/lib/python3.10/site-packages/torch/functional.py:534: UserWarning: torch.meshgrid: in an upcoming release, it will be required to pass the indexing argument. (Triggered internally at ../aten/src/ATen/native/TensorShape.cpp:3595.)
  return _VF.meshgrid(tensors, **kwargs)  # type: ignore[attr-defined]
2026-10-03 20:05:46,234 - mmdet - INFO - load checkpoint from torchvision path: torchvision://resnet34
2026-10-03 20:05:46,323 - mmdet - WARNING - The model and loaded state dict do not match exactly

size mismatch for layer3.0.conv1.weight: copying a param with shape torch.Size([256, 128, 3, 3]) from checkpoint, the shape in current model is torch.Size([128, 128, 3, 3]).
size mismatch for layer3.0.bn1.weight: copying a param with shape torch.Size([256]) from checkpoint, the shape in current model is torch.Size([128]).
size mismatch for layer3.0.bn1.bias: copying a param with shape torch.Size([256]) from checkpoint, the shape in current model is torch.Size([128]).
size mismatch for layer3.0.bn1.running_mean: copying a param with shape torch.Size([256]) from checkpoint, the shape in current model is torch.Size([128]).
size mismatch for layer3.0.bn1.running_var: copying a param with shape torch.Size([256]) from checkpoint, the shape in current model is torch.Size([128]).
size mismatch for layer3.0.conv2.weight: copying a param with shape torch.Size([256, 256, 3, 3]) from checkpoint, the shape in current model is torch.Size([128, 128, 3, 3]).
size mismatch for layer3.0.bn2.weight: copying a param with shape torch.Size([256]) from checkpoint, the shape in current model is torch.Size([128]).
size mismatch for layer3.0.bn2.bias: copying a param with shape torch.Size([256]) from checkpoint, the shape in current model is torch.Size([128]).
size mismatch for layer3.0.bn2.running_mean: copying a param with shape torch.Size([256]) from checkpoint, the shape in current model is torch.Size([128]).
size mismatch for layer3.0.bn2.running_var: copying a param with shape torch.Size([256]) from checkpoint, the shape in current model is torch.Size([128]).
size mismatch for layer3.1.conv1.weight: copying a param with shape torch.Size([256, 256, 3, 3]) from checkpoint, the shape in current model is torch.Size([128, 128, 3, 3]).
size mismatch for layer3.1.bn1.weight: copying a param with shape torch.Size([256]) from checkpoint, the shape in current model is torch.Size([128]).
size mismatch for layer3.1.bn1.bias: copying a param with shape torch.Size([256]) from checkpoint, the shape in current model is torch.Size([128]).
size mismatch for layer3.1.bn1.running_mean: copying a param with shape torch.Size([256]) from checkpoint, the shape in current model is torch.Size([128]).
size mismatch for layer3.1.bn1.running_var: copying a param with shape torch.Size([256]) from checkpoint, the shape in current model is torch.Size([128]).
size mismatch for layer3.1.conv2.weight: copying a param with shape torch.Size([256, 256, 3, 3]) from checkpoint, the shape in current model is torch.Size([128, 128, 3, 3]).
size mismatch for layer3.1.bn2.weight: copying a param with shape torch.Size([256]) from checkpoint, the shape in current model is torch.Size([128]).
size mismatch for layer3.1.bn2.bias: copying a param with shape torch.Size([256]) from checkpoint, the shape in current model is torch.Size([128]).
size mismatch for layer3.1.bn2.running_mean: copying a param with shape torch.Size([256]) from checkpoint, the shape in current model is torch.Size([128]).
size mismatch for layer3.1.bn2.running_var: copying a param with shape torch.Size([256]) from checkpoint, the shape in current model is torch.Size([128]).
size mismatch for layer3.2.conv1.weight: copying a param with shape torch.Size([256, 256, 3, 3]) from checkpoint, the shape in current model is torch.Size([128, 128, 3, 3]).
size mismatch for layer3.2.bn1.weight: copying a param with shape torch.Size([256]) from checkpoint, the shape in current model is torch.Size([128]).
size mismatch for layer3.2.bn1.bias: copying a param with shape torch.Size([256]) from checkpoint, the shape in current model is torch.Size([128]).
size mismatch for layer3.2.bn1.running_mean: copying a param with shape torch.Size([256]) from checkpoint, the shape in current model is torch.Size([128]).
size mismatch for layer3.2.bn1.running_var: copying a param with shape torch.Size([256]) from checkpoint, the shape in current model is torch.Size([128]).
size mismatch for layer3.2.conv2.weight: copying a param with shape torch.Size([256, 256, 3, 3]) from checkpoint, the shape in current model is torch.Size([128, 128, 3, 3]).
size mismatch for layer3.2.bn2.weight: copying a param with shape torch.Size([256]) from checkpoint, the shape in current model is torch.Size([128]).
size mismatch for layer3.2.bn2.bias: copying a param with shape torch.Size([256]) from checkpoint, the shape in current model is torch.Size([128]).
size mismatch for layer3.2.bn2.running_mean: copying a param with shape torch.Size([256]) from checkpoint, the shape in current model is torch.Size([128]).
size mismatch for layer3.2.bn2.running_var: copying a param with shape torch.Size([256]) from checkpoint, the shape in current model is torch.Size([128]).
size mismatch for layer3.3.conv1.weight: copying a param with shape torch.Size([256, 256, 3, 3]) from checkpoint, the shape in current model is torch.Size([128, 128, 3, 3]).
size mismatch for layer3.3.bn1.weight: copying a param with shape torch.Size([256]) from checkpoint, the shape in current model is torch.Size([128]).
size mismatch for layer3.3.bn1.bias: copying a param with shape torch.Size([256]) from checkpoint, the shape in current model is torch.Size([128]).
size mismatch for layer3.3.bn1.running_mean: copying a param with shape torch.Size([256]) from checkpoint, the shape in current model is torch.Size([128]).
size mismatch for layer3.3.bn1.running_var: copying a param with shape torch.Size([256]) from checkpoint, the shape in current model is torch.Size([128]).
size mismatch for layer3.3.conv2.weight: copying a param with shape torch.Size([256, 256, 3, 3]) from checkpoint, the shape in current model is torch.Size([128, 128, 3, 3]).
size mismatch for layer3.3.bn2.weight: copying a param with shape torch.Size([256]) from checkpoint, the shape in current model is torch.Size([128]).
size mismatch for layer3.3.bn2.bias: copying a param with shape torch.Size([256]) from checkpoint, the shape in current model is torch.Size([128]).
size mismatch for layer3.3.bn2.running_mean: copying a param with shape torch.Size([256]) from checkpoint, the shape in current model is torch.Size([128]).
size mismatch for layer3.3.bn2.running_var: copying a param with shape torch.Size([256]) from checkpoint, the shape in current model is torch.Size([128]).
size mismatch for layer3.4.conv1.weight: copying a param with shape torch.Size([256, 256, 3, 3]) from checkpoint, the shape in current model is torch.Size([128, 128, 3, 3]).
size mismatch for layer3.4.bn1.weight: copying a param with shape torch.Size([256]) from checkpoint, the shape in current model is torch.Size([128]).
size mismatch for layer3.4.bn1.bias: copying a param with shape torch.Size([256]) from checkpoint, the shape in current model is torch.Size([128]).
size mismatch for layer3.4.bn1.running_mean: copying a param with shape torch.Size([256]) from checkpoint, the shape in current model is torch.Size([128]).
size mismatch for layer3.4.bn1.running_var: copying a param with shape torch.Size([256]) from checkpoint, the shape in current model is torch.Size([128]).
size mismatch for layer3.4.conv2.weight: copying a param with shape torch.Size([256, 256, 3, 3]) from checkpoint, the shape in current model is torch.Size([128, 128, 3, 3]).
size mismatch for layer3.4.bn2.weight: copying a param with shape torch.Size([256]) from checkpoint, the shape in current model is torch.Size([128]).
size mismatch for layer3.4.bn2.bias: copying a param with shape torch.Size([256]) from checkpoint, the shape in current model is torch.Size([128]).
size mismatch for layer3.4.bn2.running_mean: copying a param with shape torch.Size([256]) from checkpoint, the shape in current model is torch.Size([128]).
size mismatch for layer3.4.bn2.running_var: copying a param with shape torch.Size([256]) from checkpoint, the shape in current model is torch.Size([128]).
size mismatch for layer3.5.conv1.weight: copying a param with shape torch.Size([256, 256, 3, 3]) from checkpoint, the shape in current model is torch.Size([128, 128, 3, 3]).
size mismatch for layer3.5.bn1.weight: copying a param with shape torch.Size([256]) from checkpoint, the shape in current model is torch.Size([128]).
size mismatch for layer3.5.bn1.bias: copying a param with shape torch.Size([256]) from checkpoint, the shape in current model is torch.Size([128]).
size mismatch for layer3.5.bn1.running_mean: copying a param with shape torch.Size([256]) from checkpoint, the shape in current model is torch.Size([128]).
size mismatch for layer3.5.bn1.running_var: copying a param with shape torch.Size([256]) from checkpoint, the shape in current model is torch.Size([128]).
size mismatch for layer3.5.conv2.weight: copying a param with shape torch.Size([256, 256, 3, 3]) from checkpoint, the shape in current model is torch.Size([128, 128, 3, 3]).
size mismatch for layer3.5.bn2.weight: copying a param with shape torch.Size([256]) from checkpoint, the shape in current model is torch.Size([128]).
size mismatch for layer3.5.bn2.bias: copying a param with shape torch.Size([256]) from checkpoint, the shape in current model is torch.Size([128]).
size mismatch for layer3.5.bn2.running_mean: copying a param with shape torch.Size([256]) from checkpoint, the shape in current model is torch.Size([128]).
size mismatch for layer3.5.bn2.running_var: copying a param with shape torch.Size([256]) from checkpoint, the shape in current model is torch.Size([128]).
size mismatch for layer4.0.conv1.weight: copying a param with shape torch.Size([512, 256, 3, 3]) from checkpoint, the shape in current model is torch.Size([128, 128, 3, 3]).
size mismatch for layer4.0.bn1.weight: copying a param with shape torch.Size([512]) from checkpoint, the shape in current model is torch.Size([128]).
size mismatch for layer4.0.bn1.bias: copying a param with shape torch.Size([512]) from checkpoint, the shape in current model is torch.Size([128]).
size mismatch for layer4.0.bn1.running_mean: copying a param with shape torch.Size([512]) from checkpoint, the shape in current model is torch.Size([128]).
size mismatch for layer4.0.bn1.running_var: copying a param with shape torch.Size([512]) from checkpoint, the shape in current model is torch.Size([128]).
size mismatch for layer4.0.conv2.weight: copying a param with shape torch.Size([512, 512, 3, 3]) from checkpoint, the shape in current model is torch.Size([128, 128, 3, 3]).
size mismatch for layer4.0.bn2.weight: copying a param with shape torch.Size([512]) from checkpoint, the shape in current model is torch.Size([128]).
size mismatch for layer4.0.bn2.bias: copying a param with shape torch.Size([512]) from checkpoint, the shape in current model is torch.Size([128]).
size mismatch for layer4.0.bn2.running_mean: copying a param with shape torch.Size([512]) from checkpoint, the shape in current model is torch.Size([128]).
size mismatch for layer4.0.bn2.running_var: copying a param with shape torch.Size([512]) from checkpoint, the shape in current model is torch.Size([128]).
size mismatch for layer4.1.conv1.weight: copying a param with shape torch.Size([512, 512, 3, 3]) from checkpoint, the shape in current model is torch.Size([128, 128, 3, 3]).
size mismatch for layer4.1.bn1.weight: copying a param with shape torch.Size([512]) from checkpoint, the shape in current model is torch.Size([128]).
size mismatch for layer4.1.bn1.bias: copying a param with shape torch.Size([512]) from checkpoint, the shape in current model is torch.Size([128]).
size mismatch for layer4.1.bn1.running_mean: copying a param with shape torch.Size([512]) from checkpoint, the shape in current model is torch.Size([128]).
size mismatch for layer4.1.bn1.running_var: copying a param with shape torch.Size([512]) from checkpoint, the shape in current model is torch.Size([128]).
size mismatch for layer4.1.conv2.weight: copying a param with shape torch.Size([512, 512, 3, 3]) from checkpoint, the shape in current model is torch.Size([128, 128, 3, 3]).
size mismatch for layer4.1.bn2.weight: copying a param with shape torch.Size([512]) from checkpoint, the shape in current model is torch.Size([128]).
size mismatch for layer4.1.bn2.bias: copying a param with shape torch.Size([512]) from checkpoint, the shape in current model is torch.Size([128]).
size mismatch for layer4.1.bn2.running_mean: copying a param with shape torch.Size([512]) from checkpoint, the shape in current model is torch.Size([128]).
size mismatch for layer4.1.bn2.running_var: copying a param with shape torch.Size([512]) from checkpoint, the shape in current model is torch.Size([128]).
size mismatch for layer4.2.conv1.weight: copying a param with shape torch.Size([512, 512, 3, 3]) from checkpoint, the shape in current model is torch.Size([128, 128, 3, 3]).
size mismatch for layer4.2.bn1.weight: copying a param with shape torch.Size([512]) from checkpoint, the shape in current model is torch.Size([128]).
size mismatch for layer4.2.bn1.bias: copying a param with shape torch.Size([512]) from checkpoint, the shape in current model is torch.Size([128]).
size mismatch for layer4.2.bn1.running_mean: copying a param with shape torch.Size([512]) from checkpoint, the shape in current model is torch.Size([128]).
size mismatch for layer4.2.bn1.running_var: copying a param with shape torch.Size([512]) from checkpoint, the shape in current model is torch.Size([128]).
size mismatch for layer4.2.conv2.weight: copying a param with shape torch.Size([512, 512, 3, 3]) from checkpoint, the shape in current model is torch.Size([128, 128, 3, 3]).
size mismatch for layer4.2.bn2.weight: copying a param with shape torch.Size([512]) from checkpoint, the shape in current model is torch.Size([128]).
size mismatch for layer4.2.bn2.bias: copying a param with shape torch.Size([512]) from checkpoint, the shape in current model is torch.Size([128]).
size mismatch for layer4.2.bn2.running_mean: copying a param with shape torch.Size([512]) from checkpoint, the shape in current model is torch.Size([128]).
size mismatch for layer4.2.bn2.running_var: copying a param with shape torch.Size([512]) from checkpoint, the shape in current model is torch.Size([128]).
unexpected key in source state_dict: fc.weight, fc.bias, layer3.0.downsample.0.weight, layer3.0.downsample.1.running_mean, layer3.0.downsample.1.running_var, layer3.0.downsample.1.weight, layer3.0.downsample.1.bias, layer4.0.downsample.0.weight, layer4.0.downsample.1.running_mean, layer4.0.downsample.1.running_var, layer4.0.downsample.1.weight, layer4.0.downsample.1.bias

/home/sheng/paper6/scripts/run_liga.py:117: FutureWarning: You are using `torch.load` with `weights_only=False` (the current default value), which uses the default pickle module implicitly. It is possible to construct malicious pickle data which will execute arbitrary code during unpickling (See https://github.com/pytorch/pytorch/blob/main/SECURITY.md#untrusted-models for more details). In a future release, the default value for `weights_only` will be flipped to `True`. This limits the functions that could be executed during unpickling. Arbitrary objects will no longer be allowed to be loaded via this mode unless they are explicitly allowlisted by the user via `torch.serialization.add_safe_globals`. We recommend you start setting `weights_only=True` for any use case where you don't have full control of the loaded file. Please open an issue on GitHub for any issues related to this experimental feature.
  checkpoint = torch.load(filename, map_location="cpu")
2026-10-03 20:05:47,012   INFO  ==> Loading parameters from checkpoint /mnt/d/paper6/checkpoints/liga-author-download to CPU
/home/sheng/paper6/third_party/LIGA-Stereo/liga/models/detectors_stereo/stereo_detector3d_template.py:342: FutureWarning: You are using `torch.load` with `weights_only=False` (the current default value), which uses the default pickle module implicitly. It is possible to construct malicious pickle data which will execute arbitrary code during unpickling (See https://github.com/pytorch/pytorch/blob/main/SECURITY.md#untrusted-models for more details). In a future release, the default value for `weights_only` will be flipped to `True`. This limits the functions that could be executed during unpickling. Arbitrary objects will no longer be allowed to be loaded via this mode unless they are explicitly allowlisted by the user via `torch.serialization.add_safe_globals`. We recommend you start setting `weights_only=True` for any use case where you don't have full control of the loaded file. Please open an issue on GitHub for any issues related to this experimental feature.
  checkpoint = torch.load(filename, map_location=loc_type)
2026-10-03 20:05:47,480   INFO  ==> Checkpoint trained from version: liga+0.1.0+7aa7b92+py72af526
2026-10-03 20:05:48,364   INFO  ==> Done (loaded 484/484)
2026-10-03 20:05:48,398   INFO  *************** EPOCH 6 EVALUATION *****************
eval:   0%|          | 0/3769 [00:00<?, ?it/s]Traceback (most recent call last):
  File "<string>", line 1, in <module>
  File "/home/sheng/anaconda3/envs/epiu-dsgn/lib/python3.10/multiprocessing/spawn.py", line 116, in spawn_main
    exitcode = _main(fd, parent_sentinel)
  File "/home/sheng/anaconda3/envs/epiu-dsgn/lib/python3.10/multiprocessing/spawn.py", line 125, in _main
    prepare(preparation_data)
  File "/home/sheng/anaconda3/envs/epiu-dsgn/lib/python3.10/multiprocessing/spawn.py", line 236, in prepare
    _fixup_main_from_path(data['init_main_from_path'])
  File "/home/sheng/anaconda3/envs/epiu-dsgn/lib/python3.10/multiprocessing/spawn.py", line 287, in _fixup_main_from_path
    main_content = runpy.run_path(main_path,
  File "/home/sheng/anaconda3/envs/epiu-dsgn/lib/python3.10/runpy.py", line 288, in run_path
    code, fname = _get_code_from_file(run_name, path_name)
  File "/home/sheng/anaconda3/envs/epiu-dsgn/lib/python3.10/runpy.py", line 252, in _get_code_from_file
    with io.open_code(decoded_path) as f:
FileNotFoundError: [Errno 2] No such file or directory: '/home/sheng/paper6/tools/test.py'
W1003 20:07:53.391000 10844 site-packages/torch/distributed/elastic/agent/server/api.py:704] Received Signals.SIGINT death signal, shutting down workers
W1003 20:07:53.391000 10844 site-packages/torch/distributed/elastic/multiprocessing/api.py:897] Sending process 10849 closing signal SIGINT
[rank0]: Traceback (most recent call last):
[rank0]:   File "/home/sheng/paper6/scripts/run_liga.py", line 180, in <module>
[rank0]:     main()
[rank0]:   File "/home/sheng/paper6/scripts/run_liga.py", line 168, in main
[rank0]:     runpy.run_path(sys.argv[0], run_name="__main__")
[rank0]:   File "/home/sheng/anaconda3/envs/epiu-dsgn/lib/python3.10/runpy.py", line 289, in run_path
[rank0]:     return _run_module_code(code, init_globals, run_name,
[rank0]:   File "/home/sheng/anaconda3/envs/epiu-dsgn/lib/python3.10/runpy.py", line 96, in _run_module_code
[rank0]:     _run_code(code, mod_globals, init_globals,
[rank0]:   File "/home/sheng/anaconda3/envs/epiu-dsgn/lib/python3.10/runpy.py", line 86, in _run_code
[rank0]:     exec(code, run_globals)
[rank0]:   File "tools/test.py", line 212, in <module>
[rank0]:     main()
[rank0]:   File "tools/test.py", line 208, in main
[rank0]:     eval_single_ckpt(model, test_loader, args, eval_output_dir, logger, epoch_id, dist_test=dist_test)
[rank0]:   File "tools/test.py", line 67, in eval_single_ckpt
[rank0]:     eval_utils.eval_one_epoch(
[rank0]:   File "/home/sheng/paper6/scripts/run_liga.py", line 157, in evaluation_with_metrics
[rank0]:     result = full_evaluation(*pargs, **kwargs)
[rank0]:   File "/home/sheng/paper6/third_party/LIGA-Stereo/tools/eval_utils/eval_utils.py", line 78, in eval_one_epoch
[rank0]:     for i, batch_dict in enumerate(dataloader):
[rank0]:   File "/home/sheng/anaconda3/envs/epiu-dsgn/lib/python3.10/site-packages/torch/utils/data/dataloader.py", line 484, in __iter__
[rank0]:     return self._get_iterator()
[rank0]:   File "/home/sheng/anaconda3/envs/epiu-dsgn/lib/python3.10/site-packages/torch/utils/data/dataloader.py", line 415, in _get_iterator
[rank0]:     return _MultiProcessingDataLoaderIter(self)
[rank0]:   File "/home/sheng/anaconda3/envs/epiu-dsgn/lib/python3.10/site-packages/torch/utils/data/dataloader.py", line 1138, in __init__
[rank0]:     w.start()
[rank0]:   File "/home/sheng/anaconda3/envs/epiu-dsgn/lib/python3.10/multiprocessing/process.py", line 121, in start
[rank0]:     self._popen = self._Popen(self)
[rank0]:   File "/home/sheng/anaconda3/envs/epiu-dsgn/lib/python3.10/multiprocessing/context.py", line 224, in _Popen
[rank0]:     return _default_context.get_context().Process._Popen(process_obj)
[rank0]:   File "/home/sheng/anaconda3/envs/epiu-dsgn/lib/python3.10/multiprocessing/context.py", line 288, in _Popen
[rank0]:     return Popen(process_obj)
[rank0]:   File "/home/sheng/anaconda3/envs/epiu-dsgn/lib/python3.10/multiprocessing/popen_spawn_posix.py", line 32, in __init__
[rank0]:     super().__init__(process_obj)
[rank0]:   File "/home/sheng/anaconda3/envs/epiu-dsgn/lib/python3.10/multiprocessing/popen_fork.py", line 19, in __init__
[rank0]:     self._launch(process_obj)
[rank0]:   File "/home/sheng/anaconda3/envs/epiu-dsgn/lib/python3.10/multiprocessing/popen_spawn_posix.py", line 62, in _launch
[rank0]:     f.write(fp.getbuffer())
[rank0]: KeyboardInterrupt
eval:   0%|          | 0/3769 [02:04<?, ?it/s]
[rank0]:[W1003 20:07:53.434499692 ProcessGroupNCCL.cpp:1250] Warning: WARNING: process group has NOT been destroyed before we destruct ProcessGroupNCCL. On normal program exit, the application should call destroy_process_group to ensure that any pending NCCL operations have finished in this process. In rare cases this process can exit before this point and block the progress of another member of the process group. This constraint has always been present,  but this warning has only been added since PyTorch 2.4 (function operator())
Traceback (most recent call last):
  File "/home/sheng/anaconda3/envs/epiu-dsgn/lib/python3.10/runpy.py", line 196, in _run_module_as_main
    return _run_code(code, main_globals, None,
  File "/home/sheng/anaconda3/envs/epiu-dsgn/lib/python3.10/runpy.py", line 86, in _run_code
    exec(code, run_globals)
  File "/home/sheng/anaconda3/envs/epiu-dsgn/lib/python3.10/site-packages/torch/distributed/launch.py", line 208, in <module>
    main()
  File "/home/sheng/anaconda3/envs/epiu-dsgn/lib/python3.10/site-packages/typing_extensions.py", line 2499, in wrapper
    return arg(*args, **kwargs)
  File "/home/sheng/anaconda3/envs/epiu-dsgn/lib/python3.10/site-packages/torch/distributed/launch.py", line 204, in main
    launch(args)
  File "/home/sheng/anaconda3/envs/epiu-dsgn/lib/python3.10/site-packages/torch/distributed/launch.py", line 189, in launch
    run(args)
  File "/home/sheng/anaconda3/envs/epiu-dsgn/lib/python3.10/site-packages/torch/distributed/run.py", line 910, in run
    elastic_launch(
  File "/home/sheng/anaconda3/envs/epiu-dsgn/lib/python3.10/site-packages/torch/distributed/launcher/api.py", line 138, in __call__
    return launch_agent(self._config, self._entrypoint, list(args))
  File "/home/sheng/anaconda3/envs/epiu-dsgn/lib/python3.10/site-packages/torch/distributed/launcher/api.py", line 260, in launch_agent
    result = agent.run()
  File "/home/sheng/anaconda3/envs/epiu-dsgn/lib/python3.10/site-packages/torch/distributed/elastic/metrics/api.py", line 137, in wrapper
    result = f(*args, **kwargs)
  File "/home/sheng/anaconda3/envs/epiu-dsgn/lib/python3.10/site-packages/torch/distributed/elastic/agent/server/api.py", line 696, in run
    result = self._invoke_run(role)
  File "/home/sheng/anaconda3/envs/epiu-dsgn/lib/python3.10/site-packages/torch/distributed/elastic/agent/server/api.py", line 855, in _invoke_run
    time.sleep(monitor_interval)
  File "/home/sheng/anaconda3/envs/epiu-dsgn/lib/python3.10/site-packages/torch/distributed/elastic/multiprocessing/api.py", line 84, in _terminate_process_handler
    raise SignalException(f"Process {os.getpid()} got signal: {sigval}", sigval=sigval)
torch.distributed.elastic.multiprocessing.api.SignalException: Process 10844 got signal: 2
