/home/sheng/paper6/.venv/lib/python3.10/site-packages/numba/cuda/dispatcher.py:536: NumbaPerformanceWarning: [1mGrid size 16 will likely result in GPU under-utilization due to low occupancy.[0m
  warn(NumbaPerformanceWarning(msg))
/home/sheng/paper6/.venv/lib/python3.10/site-packages/numba/cuda/dispatcher.py:536: NumbaPerformanceWarning: [1mGrid size 20 will likely result in GPU under-utilization due to low occupancy.[0m
  warn(NumbaPerformanceWarning(msg))
/home/sheng/paper6/.venv/lib/python3.10/site-packages/numba/cuda/dispatcher.py:536: NumbaPerformanceWarning: [1mGrid size 12 will likely result in GPU under-utilization due to low occupancy.[0m
  warn(NumbaPerformanceWarning(msg))
/home/sheng/paper6/.venv/lib/python3.10/site-packages/numba/cuda/dispatcher.py:536: NumbaPerformanceWarning: [1mGrid size 25 will likely result in GPU under-utilization due to low occupancy.[0m
  warn(NumbaPerformanceWarning(msg))
/home/sheng/paper6/.venv/lib/python3.10/site-packages/numba/cuda/dispatcher.py:536: NumbaPerformanceWarning: [1mGrid size 56 will likely result in GPU under-utilization due to low occupancy.[0m
  warn(NumbaPerformanceWarning(msg))
/home/sheng/paper6/.venv/lib/python3.10/site-packages/numba/cuda/dispatcher.py:536: NumbaPerformanceWarning: [1mGrid size 16 will likely result in GPU under-utilization due to low occupancy.[0m
  warn(NumbaPerformanceWarning(msg))
/home/sheng/paper6/.venv/lib/python3.10/site-packages/numba/core/typed_passes.py:336: NumbaPerformanceWarning: [1m
The keyword argument 'parallel=True' was specified but no transformation for parallel execution was possible.

To find out why, try turning on parallel diagnostics, see https://numba.readthedocs.io/en/stable/user/parallel.html#diagnostics for help.
[1m
File "liga/datasets/kitti/kitti_object_eval_python/eval.py", line 121:[0m
[1m@numba.jit(nopython=True, parallel=True)
[1mdef d3_box_overlap_kernel(boxes, qboxes, rinc, criterion=-1):
[0m[1m^[0m[0m
[0m
  warnings.warn(errors.NumbaPerformanceWarning(msg,
/home/sheng/paper6/.venv/lib/python3.10/site-packages/numba/cuda/dispatcher.py:536: NumbaPerformanceWarning: [1mGrid size 20 will likely result in GPU under-utilization due to low occupancy.[0m
  warn(NumbaPerformanceWarning(msg))
/home/sheng/paper6/.venv/lib/python3.10/site-packages/numba/core/typed_passes.py:336: NumbaPerformanceWarning: [1m
The keyword argument 'parallel=True' was specified but no transformation for parallel execution was possible.

To find out why, try turning on parallel diagnostics, see https://numba.readthedocs.io/en/stable/user/parallel.html#diagnostics for help.
[1m
File "liga/datasets/kitti/kitti_object_eval_python/eval.py", line 121:[0m
[1m@numba.jit(nopython=True, parallel=True)
[1mdef d3_box_overlap_kernel(boxes, qboxes, rinc, criterion=-1):
[0m[1m^[0m[0m
[0m
  warnings.warn(errors.NumbaPerformanceWarning(msg,
/home/sheng/paper6/.venv/lib/python3.10/site-packages/numba/cuda/dispatcher.py:536: NumbaPerformanceWarning: [1mGrid size 20 will likely result in GPU under-utilization due to low occupancy.[0m
  warn(NumbaPerformanceWarning(msg))
/home/sheng/paper6/.venv/lib/python3.10/site-packages/numba/cuda/dispatcher.py:536: NumbaPerformanceWarning: [1mGrid size 12 will likely result in GPU under-utilization due to low occupancy.[0m
  warn(NumbaPerformanceWarning(msg))
/home/sheng/paper6/.venv/lib/python3.10/site-packages/numba/cuda/dispatcher.py:536: NumbaPerformanceWarning: [1mGrid size 16 will likely result in GPU under-utilization due to low occupancy.[0m
  warn(NumbaPerformanceWarning(msg))
/home/sheng/paper6/.venv/lib/python3.10/site-packages/numba/cuda/dispatcher.py:536: NumbaPerformanceWarning: [1mGrid size 25 will likely result in GPU under-utilization due to low occupancy.[0m
  warn(NumbaPerformanceWarning(msg))
/home/sheng/paper6/.venv/lib/python3.10/site-packages/numba/cuda/dispatcher.py:536: NumbaPerformanceWarning: [1mGrid size 56 will likely result in GPU under-utilization due to low occupancy.[0m
  warn(NumbaPerformanceWarning(msg))
{"state": "passed", "evidence_type": "full_LIGA_KITTI_artifact_and_recomputed_AP_audit", "frames": 3769, "predictions": 22388, "empty_frames": 52, "run_manifest_sha256": "3530eebaabd1c8bf1d1f5741ff177d28ab9197e047325f399cb420dfa13313d2", "source_manifest_sha256": "cc0ff0e40575bf74b2c970ea15d1e6ab364d4561798292eae5255c90adb85321", "preparation_sha256": "911473b1a3dda3238e20dc3951929ce0dfff87dc5c84f4a131c35d906ff95701", "metrics_sha256": "17991aa88bd8cf1d0a81cd2f4025f4a31e1c175e529d4932139427bd69e7c799", "result_pickle_sha256": "b640231b1378c3622e47d5b2e87cc4a7a7810ab00f7c83b3a536b006d478f291", "all_file_hashes_sha256": "4785c47398e94144ef854b6842a69865d97466bd0218530dcea0a829c2d7397c", "recomputed_metrics": {"Car_aos/easy_R40": 98.75236301191028, "Car_aos/moderate_R40": 95.67031225582356, "Car_aos/hard_R40": 90.51131467174368, "Car_3d/easy_R40": 86.85533373629268, "Car_3d/moderate_R40": 67.72381231472235, "Car_3d/hard_R40": 62.02867578588012, "Car_bev/easy_R40": 92.19143732153566, "Car_bev/moderate_R40": 77.44483610015449, "Car_bev/hard_R40": 72.03271815942917, "Car_image/easy_R40": 99.06968241837097, "Car_image/moderate_R40": 95.98773450702005, "Car_image/hard_R40": 90.96704445600857, "Pedestrian_aos/easy_R40": 54.17499513751727, "Pedestrian_aos/moderate_R40": 47.57300082208042, "Pedestrian_aos/hard_R40": 42.31881572214073, "Pedestrian_3d/easy_R40": 45.49641225116171, "Pedestrian_3d/moderate_R40": 37.78574072989709, "Pedestrian_3d/hard_R40": 32.07753962880694, "Pedestrian_bev/easy_R40": 53.44230279578759, "Pedestrian_bev/moderate_R40": 45.8249802736998, "Pedestrian_bev/hard_R40": 39.64356133511272, "Pedestrian_image/easy_R40": 74.52764518173221, "Pedestrian_image/moderate_R40": 66.79512443449838, "Pedestrian_image/hard_R40": 59.85608061748796, "Cyclist_aos/easy_R40": 58.568589277522754, "Cyclist_aos/moderate_R40": 40.2800428035112, "Cyclist_aos/hard_R40": 37.75191401196062, "Cyclist_3d/easy_R40": 60.007740072131924, "Cyclist_3d/moderate_R40": 37.31723609743083, "Cyclist_3d/hard_R40": 34.257932671744165, "Cyclist_bev/easy_R40": 65.34957726012213, "Cyclist_bev/moderate_R40": 40.916573987379564, "Cyclist_bev/hard_R40": 37.653814481415196, "Cyclist_image/easy_R40": 79.14586437811563, "Cyclist_image/moderate_R40": 54.2741906324652, "Cyclist_image/hard_R40": 50.519106907847444}, "limitations": "fresh prediction/label/calibration hashes and raw-GT versus infos checks; image/LiDAR identity comes from verified archives; not original communication codec reproduction"}
