/home/sheng/paper6/.venv/lib/python3.10/site-packages/mmcv/__init__.py:20: UserWarning: On January 1, 2023, MMCV will release v2.0.0, in which it will remove components related to the training process and add a data transformation module. In addition, it will rename the package names mmcv to mmcv-lite and mmcv-full to mmcv. See https://github.com/open-mmlab/mmcv/blob/master/docs/en/compatibility.md for more details.
  warnings.warn(
2026-10-04 01:05:09,499   INFO  **********************Start logging**********************
2026-10-04 01:05:09,499   INFO  CUDA_VISIBLE_DEVICES=0
2026-10-04 01:05:09,500   INFO  eval output dir: /mnt/d/paper6/runs/codec-feature-seed17-001/checkpoint_epoch_1.pth.eval/eval/epoch_1/geocomm_tune_holdout/pooling-diagnosis-seed17-001-control
2026-10-04 01:05:09,500   INFO  total_batch_size: 1
2026-10-04 01:05:09,501   INFO  cfg_file         /home/sheng/paper6/configs/diagnostic/student_uncompressed_holdout.yaml
2026-10-04 01:05:09,501   INFO  batch_size       1
2026-10-04 01:05:09,502   INFO  workers          4
2026-10-04 01:05:09,502   INFO  exp_name         None
2026-10-04 01:05:09,502   INFO  eval_tag         pooling-diagnosis-seed17-001-control
2026-10-04 01:05:09,503   INFO  max_waiting_mins 30
2026-10-04 01:05:09,504   INFO  save_to_file     True
2026-10-04 01:05:09,504   INFO  ckpt             /mnt/d/paper6/runs/codec-feature-seed17-001/checkpoint_epoch_1.pth
2026-10-04 01:05:09,504   INFO  ckpt_id          None
2026-10-04 01:05:09,505   INFO  start_epoch      0
2026-10-04 01:05:09,505   INFO  launcher         pytorch
2026-10-04 01:05:09,505   INFO  tcp_port         18888
2026-10-04 01:05:09,506   INFO  local_rank       0
2026-10-04 01:05:09,506   INFO  set_cfgs         None
2026-10-04 01:05:09,506   INFO  trainval         False
2026-10-04 01:05:09,507   INFO  imitation        2d
2026-10-04 01:05:09,507   INFO  cfg.ROOT_DIR: /home/sheng/paper6/third_party/LIGA-Stereo
2026-10-04 01:05:09,508   INFO  cfg.LOCAL_RANK: 0
2026-10-04 01:05:09,508   INFO  cfg.CLASS_NAMES: ['Car', 'Pedestrian', 'Cyclist']
2026-10-04 01:05:09,508   INFO  
cfg.DATA_CONFIG = edict()
2026-10-04 01:05:09,509   INFO  cfg.DATA_CONFIG.DATASET: StereoKittiDataset
2026-10-04 01:05:09,509   INFO  cfg.DATA_CONFIG.DATA_PATH: ./data/kitti
2026-10-04 01:05:09,510   INFO  cfg.DATA_CONFIG.FLIP: True
2026-10-04 01:05:09,510   INFO  cfg.DATA_CONFIG.FORCE_FLIP: False
2026-10-04 01:05:09,510   INFO  cfg.DATA_CONFIG.POINT_CLOUD_RANGE: [2, -30.4, -3, 59.6, 30.4, 1]
2026-10-04 01:05:09,511   INFO  cfg.DATA_CONFIG.VOXEL_SIZE: [0.05, 0.05, 0.1]
2026-10-04 01:05:09,511   INFO  cfg.DATA_CONFIG.STEREO_VOXEL_SIZE: [0.2, 0.2, 0.2]
2026-10-04 01:05:09,511   INFO  
cfg.DATA_CONFIG.DATA_SPLIT = edict()
2026-10-04 01:05:09,512   INFO  cfg.DATA_CONFIG.DATA_SPLIT.train: geocomm_tune_train
2026-10-04 01:05:09,512   INFO  cfg.DATA_CONFIG.DATA_SPLIT.test: geocomm_tune_holdout
2026-10-04 01:05:09,512   INFO  
cfg.DATA_CONFIG.INFO_PATH = edict()
2026-10-04 01:05:09,513   INFO  cfg.DATA_CONFIG.INFO_PATH.train: ['kitti_infos_geocomm_tune_train.pkl']
2026-10-04 01:05:09,513   INFO  cfg.DATA_CONFIG.INFO_PATH.test: ['kitti_infos_geocomm_tune_holdout.pkl']
2026-10-04 01:05:09,514   INFO  cfg.DATA_CONFIG.USE_VAN: True
2026-10-04 01:05:09,514   INFO  cfg.DATA_CONFIG.USE_PERSON_SITTING: True
2026-10-04 01:05:09,514   INFO  cfg.DATA_CONFIG.FOV_POINTS_ONLY: True
2026-10-04 01:05:09,515   INFO  cfg.DATA_CONFIG.BOXES_GT_IN_CAM2_VIEW: False
2026-10-04 01:05:09,515   INFO  cfg.DATA_CONFIG.GENERATE_CORNER_HEATMAP: False
2026-10-04 01:05:09,515   INFO  cfg.DATA_CONFIG.CAT_REFLECT_DIM: False
2026-10-04 01:05:09,515   INFO  cfg.DATA_CONFIG.TRAIN_DATA_AUGMENTOR: [{'NAME': 'random_crop', 'MIN_REL_X': 0, 'MAX_REL_X': 0, 'MIN_REL_Y': 1.0, 'MAX_REL_Y': 1.0, 'MAX_CROP_H': 320, 'MAX_CROP_W': 1280}, {'NAME': 'filter_truncated', 'AREA_RATIO_THRESH': None, 'AREA_2D_RATIO_THRESH': None, 'GT_TRUNCATED_THRESH': 0.98}]
2026-10-04 01:05:09,516   INFO  cfg.DATA_CONFIG.TEST_DATA_AUGMENTOR: [{'NAME': 'random_crop', 'MIN_REL_X': 0, 'MAX_REL_X': 0, 'MIN_REL_Y': 1.0, 'MAX_REL_Y': 1.0, 'MAX_CROP_H': 320, 'MAX_CROP_W': 1280}]
2026-10-04 01:05:09,516   INFO  
cfg.DATA_CONFIG.POINT_FEATURE_ENCODING = edict()
2026-10-04 01:05:09,516   INFO  cfg.DATA_CONFIG.POINT_FEATURE_ENCODING.encoding_type: absolute_coordinates_encoding
2026-10-04 01:05:09,517   INFO  cfg.DATA_CONFIG.POINT_FEATURE_ENCODING.used_feature_list: ['x', 'y', 'z']
2026-10-04 01:05:09,517   INFO  cfg.DATA_CONFIG.POINT_FEATURE_ENCODING.src_feature_list: ['x', 'y', 'z']
2026-10-04 01:05:09,517   INFO  cfg.DATA_CONFIG.DATA_PROCESSOR: [{'NAME': 'mask_points_and_boxes_outside_range', 'REMOVE_OUTSIDE_BOXES': True}, {'NAME': 'transform_points_to_voxels', 'VOXEL_SIZE': [0.05, 0.05, 0.1], 'MAX_POINTS_PER_VOXEL': 5, 'MAX_NUMBER_OF_VOXELS': {'train': 40000, 'test': 40000}}]
2026-10-04 01:05:09,518   INFO  cfg.DATA_CONFIG._BASE_CONFIG_: ./configs/stereo/dataset_configs/kitti_dataset_fused.yaml
2026-10-04 01:05:09,518   INFO  
cfg.MODEL = edict()
2026-10-04 01:05:09,518   INFO  
cfg.MODEL.BACKBONE_2D = edict()
2026-10-04 01:05:09,519   INFO  cfg.MODEL.BACKBONE_2D.GN: True
2026-10-04 01:05:09,519   INFO  cfg.MODEL.BACKBONE_2D.NAME: HgBEVBackbone
2026-10-04 01:05:09,519   INFO  cfg.MODEL.BACKBONE_2D.num_channels: 64
2026-10-04 01:05:09,520   INFO  
cfg.MODEL.BACKBONE_3D = edict()
2026-10-04 01:05:09,520   INFO  cfg.MODEL.BACKBONE_3D.GN: True
2026-10-04 01:05:09,520   INFO  cfg.MODEL.BACKBONE_3D.NAME: LigaBackbone
2026-10-04 01:05:09,521   INFO  
cfg.MODEL.BACKBONE_3D.SEMANTIC_LINK = edict()
2026-10-04 01:05:09,521   INFO  cfg.MODEL.BACKBONE_3D.SEMANTIC_LINK.allocation: uniform
2026-10-04 01:05:09,522   INFO  cfg.MODEL.BACKBONE_3D.SEMANTIC_LINK.appearance_stride: 4
2026-10-04 01:05:09,522   INFO  cfg.MODEL.BACKBONE_3D.SEMANTIC_LINK.boundary: raw_cost
2026-10-04 01:05:09,522   INFO  cfg.MODEL.BACKBONE_3D.SEMANTIC_LINK.channel: awgn
2026-10-04 01:05:09,523   INFO  cfg.MODEL.BACKBONE_3D.SEMANTIC_LINK.complex_width: 4
2026-10-04 01:05:09,523   INFO  cfg.MODEL.BACKBONE_3D.SEMANTIC_LINK.enabled: False
2026-10-04 01:05:09,524   INFO  cfg.MODEL.BACKBONE_3D.SEMANTIC_LINK.geometry_stride: [8, 4, 4]
2026-10-04 01:05:09,524   INFO  cfg.MODEL.BACKBONE_3D.SEMANTIC_LINK.pilots: 8
2026-10-04 01:05:09,524   INFO  cfg.MODEL.BACKBONE_3D.SEMANTIC_LINK.posterior_hidden: 16
2026-10-04 01:05:09,525   INFO  cfg.MODEL.BACKBONE_3D.SEMANTIC_LINK.posterior_weight: 0.1
2026-10-04 01:05:09,525   INFO  cfg.MODEL.BACKBONE_3D.SEMANTIC_LINK.sensitivity_weight: 0.1
2026-10-04 01:05:09,525   INFO  cfg.MODEL.BACKBONE_3D.SEMANTIC_LINK.snr_db: 10.0
2026-10-04 01:05:09,526   INFO  cfg.MODEL.BACKBONE_3D.SEMANTIC_LINK.task_sensitivity: True
2026-10-04 01:05:09,526   INFO  cfg.MODEL.BACKBONE_3D.SEMANTIC_LINK.train_snr_max: 20.0
2026-10-04 01:05:09,526   INFO  cfg.MODEL.BACKBONE_3D.SEMANTIC_LINK.train_snr_min: -5.0
2026-10-04 01:05:09,527   INFO  
cfg.MODEL.BACKBONE_3D.STUDENT_ENCODER = edict()
2026-10-04 01:05:09,527   INFO  cfg.MODEL.BACKBONE_3D.STUDENT_ENCODER.distill_weight: 0.1
2026-10-04 01:05:09,527   INFO  cfg.MODEL.BACKBONE_3D.STUDENT_ENCODER.enabled: True
2026-10-04 01:05:09,528   INFO  cfg.MODEL.BACKBONE_3D.STUDENT_ENCODER.allow_uncompressed_diagnostic: True
2026-10-04 01:05:09,528   INFO  cfg.MODEL.BACKBONE_3D.cat_img_feature: True
2026-10-04 01:05:09,529   INFO  cfg.MODEL.BACKBONE_3D.cost_volume: [{'downsample': 4, 'type': 'concat'}]
2026-10-04 01:05:09,529   INFO  cfg.MODEL.BACKBONE_3D.cv_dim: 32
2026-10-04 01:05:09,530   INFO  cfg.MODEL.BACKBONE_3D.downsample_disp: 4
2026-10-04 01:05:09,530   INFO  cfg.MODEL.BACKBONE_3D.downsampled_depth_offset: 0.5
2026-10-04 01:05:09,530   INFO  
cfg.MODEL.BACKBONE_3D.feature_backbone = edict()
2026-10-04 01:05:09,531   INFO  cfg.MODEL.BACKBONE_3D.feature_backbone.base_channels: 64
2026-10-04 01:05:09,531   INFO  cfg.MODEL.BACKBONE_3D.feature_backbone.block_with_final_relu: False
2026-10-04 01:05:09,531   INFO  cfg.MODEL.BACKBONE_3D.feature_backbone.deep_stem: False
2026-10-04 01:05:09,532   INFO  cfg.MODEL.BACKBONE_3D.feature_backbone.depth: 34
2026-10-04 01:05:09,532   INFO  cfg.MODEL.BACKBONE_3D.feature_backbone.dilations: [1, 1, 2, 4]
2026-10-04 01:05:09,533   INFO  cfg.MODEL.BACKBONE_3D.feature_backbone.frozen_stages: -1
2026-10-04 01:05:09,533   INFO  
cfg.MODEL.BACKBONE_3D.feature_backbone.norm_cfg = edict()
2026-10-04 01:05:09,533   INFO  cfg.MODEL.BACKBONE_3D.feature_backbone.norm_cfg.requires_grad: True
2026-10-04 01:05:09,534   INFO  cfg.MODEL.BACKBONE_3D.feature_backbone.norm_cfg.type: BN
2026-10-04 01:05:09,534   INFO  cfg.MODEL.BACKBONE_3D.feature_backbone.norm_eval: False
2026-10-04 01:05:09,534   INFO  cfg.MODEL.BACKBONE_3D.feature_backbone.num_channels_factor: [1, 2, 2, 2]
2026-10-04 01:05:09,535   INFO  cfg.MODEL.BACKBONE_3D.feature_backbone.num_stages: 4
2026-10-04 01:05:09,535   INFO  cfg.MODEL.BACKBONE_3D.feature_backbone.out_indices: [0, 1, 2, 3]
2026-10-04 01:05:09,536   INFO  cfg.MODEL.BACKBONE_3D.feature_backbone.strides: [1, 2, 1, 1]
2026-10-04 01:05:09,536   INFO  cfg.MODEL.BACKBONE_3D.feature_backbone.style: pytorch
2026-10-04 01:05:09,536   INFO  cfg.MODEL.BACKBONE_3D.feature_backbone.type: ResNet
2026-10-04 01:05:09,537   INFO  cfg.MODEL.BACKBONE_3D.feature_backbone.with_max_pool: False
2026-10-04 01:05:09,537   INFO  cfg.MODEL.BACKBONE_3D.feature_backbone_pretrained: torchvision://resnet34
2026-10-04 01:05:09,537   INFO  
cfg.MODEL.BACKBONE_3D.feature_neck = edict()
2026-10-04 01:05:09,538   INFO  cfg.MODEL.BACKBONE_3D.feature_neck.GN: True
2026-10-04 01:05:09,538   INFO  cfg.MODEL.BACKBONE_3D.feature_neck.cat_img_feature: True
2026-10-04 01:05:09,538   INFO  cfg.MODEL.BACKBONE_3D.feature_neck.in_dims: [3, 64, 128, 128, 128]
2026-10-04 01:05:09,539   INFO  cfg.MODEL.BACKBONE_3D.feature_neck.sem_dim: [128, 32]
2026-10-04 01:05:09,539   INFO  cfg.MODEL.BACKBONE_3D.feature_neck.start_level: 2
2026-10-04 01:05:09,540   INFO  cfg.MODEL.BACKBONE_3D.feature_neck.stereo_dim: [32, 32]
2026-10-04 01:05:09,540   INFO  cfg.MODEL.BACKBONE_3D.feature_neck.with_upconv: True
2026-10-04 01:05:09,540   INFO  cfg.MODEL.BACKBONE_3D.img_feature_attentionbydisp: True
2026-10-04 01:05:09,541   INFO  cfg.MODEL.BACKBONE_3D.maxdisp: 288
2026-10-04 01:05:09,541   INFO  cfg.MODEL.BACKBONE_3D.num_3dconvs: 1
2026-10-04 01:05:09,541   INFO  cfg.MODEL.BACKBONE_3D.num_hg: 1
2026-10-04 01:05:09,542   INFO  cfg.MODEL.BACKBONE_3D.rpn3d_dim: 32
2026-10-04 01:05:09,542   INFO  
cfg.MODEL.BACKBONE_3D.sem_neck = edict()
2026-10-04 01:05:09,542   INFO  cfg.MODEL.BACKBONE_3D.sem_neck.add_extra_convs: on_output
2026-10-04 01:05:09,543   INFO  cfg.MODEL.BACKBONE_3D.sem_neck.in_channels: [32]
2026-10-04 01:05:09,543   INFO  cfg.MODEL.BACKBONE_3D.sem_neck.num_outs: 5
2026-10-04 01:05:09,543   INFO  cfg.MODEL.BACKBONE_3D.sem_neck.out_channels: 64
2026-10-04 01:05:09,544   INFO  cfg.MODEL.BACKBONE_3D.sem_neck.start_level: 0
2026-10-04 01:05:09,544   INFO  cfg.MODEL.BACKBONE_3D.sem_neck.type: FPN
2026-10-04 01:05:09,545   INFO  cfg.MODEL.BACKBONE_3D.use_stereo_out_type: feature
2026-10-04 01:05:09,545   INFO  cfg.MODEL.BACKBONE_3D.voxel_attentionbydisp: False
2026-10-04 01:05:09,545   INFO  
cfg.MODEL.DENSE_HEAD = edict()
2026-10-04 01:05:09,546   INFO  cfg.MODEL.DENSE_HEAD.ANCHOR_GENERATOR_CONFIG: [{'align_center': False, 'anchor_bottom_heights': [-1.78], 'anchor_rotations': [0, 1.57], 'anchor_sizes': [[3.9, 1.6, 1.56]], 'class_name': 'Car', 'feature_map_stride': 1, 'matched_threshold': 0.6, 'unmatched_threshold': 0.45}, {'align_center': False, 'anchor_bottom_heights': [-0.6], 'anchor_rotations': [0, 1.57], 'anchor_sizes': [[0.8, 0.6, 1.73]], 'class_name': 'Pedestrian', 'feature_map_stride': 1, 'matched_threshold': 0.5, 'unmatched_threshold': 0.35}, {'align_center': False, 'anchor_bottom_heights': [-0.6], 'anchor_rotations': [0, 1.57], 'anchor_sizes': [[1.76, 0.6, 1.73]], 'class_name': 'Cyclist', 'feature_map_stride': 1, 'matched_threshold': 0.5, 'unmatched_threshold': 0.35}]
2026-10-04 01:05:09,546   INFO  cfg.MODEL.DENSE_HEAD.CLAMP_VALUE: 10.0
2026-10-04 01:05:09,546   INFO  cfg.MODEL.DENSE_HEAD.CLASS_AGNOSTIC: False
2026-10-04 01:05:09,547   INFO  cfg.MODEL.DENSE_HEAD.DIR_LIMIT_OFFSET: 0.0
2026-10-04 01:05:09,547   INFO  cfg.MODEL.DENSE_HEAD.DIR_OFFSET: 0.78539
2026-10-04 01:05:09,547   INFO  cfg.MODEL.DENSE_HEAD.GN: True
2026-10-04 01:05:09,548   INFO  
cfg.MODEL.DENSE_HEAD.LOSS_CONFIG = edict()
2026-10-04 01:05:09,548   INFO  cfg.MODEL.DENSE_HEAD.LOSS_CONFIG.IMITATION_LOSS_TYPE: WeightedL2WithSigmaLoss
2026-10-04 01:05:09,548   INFO  cfg.MODEL.DENSE_HEAD.LOSS_CONFIG.IOU_LOSS_TYPE: IOU3dLoss
2026-10-04 01:05:09,548   INFO  
cfg.MODEL.DENSE_HEAD.LOSS_CONFIG.LOSS_WEIGHTS = edict()
2026-10-04 01:05:09,549   INFO  cfg.MODEL.DENSE_HEAD.LOSS_CONFIG.LOSS_WEIGHTS.cls_weight: 1.0
2026-10-04 01:05:09,549   INFO  cfg.MODEL.DENSE_HEAD.LOSS_CONFIG.LOSS_WEIGHTS.code_weights: [1.0, 1.0, 1.0, 1.0, 1.0, 1.0, 1.0]
2026-10-04 01:05:09,549   INFO  cfg.MODEL.DENSE_HEAD.LOSS_CONFIG.LOSS_WEIGHTS.dir_weight: 0.2
2026-10-04 01:05:09,550   INFO  cfg.MODEL.DENSE_HEAD.LOSS_CONFIG.LOSS_WEIGHTS.imitation_weight: 1.0
2026-10-04 01:05:09,550   INFO  cfg.MODEL.DENSE_HEAD.LOSS_CONFIG.LOSS_WEIGHTS.iou_weight: 1.0
2026-10-04 01:05:09,550   INFO  cfg.MODEL.DENSE_HEAD.LOSS_CONFIG.LOSS_WEIGHTS.loc_weight: 0.5
2026-10-04 01:05:09,551   INFO  cfg.MODEL.DENSE_HEAD.LOSS_CONFIG.REG_LOSS_TYPE: WeightedSmoothL1Loss
2026-10-04 01:05:09,551   INFO  cfg.MODEL.DENSE_HEAD.NAME: DetHead
2026-10-04 01:05:09,551   INFO  cfg.MODEL.DENSE_HEAD.NUM_CONVS: 2
2026-10-04 01:05:09,552   INFO  cfg.MODEL.DENSE_HEAD.NUM_DIR_BINS: 2
2026-10-04 01:05:09,552   INFO  
cfg.MODEL.DENSE_HEAD.TARGET_ASSIGNER_CONFIG = edict()
2026-10-04 01:05:09,552   INFO  cfg.MODEL.DENSE_HEAD.TARGET_ASSIGNER_CONFIG.BOX_CODER: ResidualCoder
2026-10-04 01:05:09,552   INFO  
cfg.MODEL.DENSE_HEAD.TARGET_ASSIGNER_CONFIG.BOX_CODER_CONFIG = edict()
2026-10-04 01:05:09,553   INFO  cfg.MODEL.DENSE_HEAD.TARGET_ASSIGNER_CONFIG.BOX_CODER_CONFIG.div_by_diagonal: True
2026-10-04 01:05:09,553   INFO  cfg.MODEL.DENSE_HEAD.TARGET_ASSIGNER_CONFIG.BOX_CODER_CONFIG.use_corners: False
2026-10-04 01:05:09,553   INFO  cfg.MODEL.DENSE_HEAD.TARGET_ASSIGNER_CONFIG.BOX_CODER_CONFIG.use_tanh: False
2026-10-04 01:05:09,554   INFO  cfg.MODEL.DENSE_HEAD.TARGET_ASSIGNER_CONFIG.MATCH_HEIGHT: False
2026-10-04 01:05:09,554   INFO  cfg.MODEL.DENSE_HEAD.TARGET_ASSIGNER_CONFIG.NAME: AxisAlignedTargetAssigner
2026-10-04 01:05:09,554   INFO  cfg.MODEL.DENSE_HEAD.TARGET_ASSIGNER_CONFIG.NORM_BY_NUM_EXAMPLES: False
2026-10-04 01:05:09,555   INFO  cfg.MODEL.DENSE_HEAD.TARGET_ASSIGNER_CONFIG.POS_FRACTION: -1.0
2026-10-04 01:05:09,555   INFO  cfg.MODEL.DENSE_HEAD.TARGET_ASSIGNER_CONFIG.SAMPLE_SIZE: 512
2026-10-04 01:05:09,556   INFO  cfg.MODEL.DENSE_HEAD.USE_DIRECTION_CLASSIFIER: True
2026-10-04 01:05:09,556   INFO  cfg.MODEL.DENSE_HEAD.do_feature_imitation: True
2026-10-04 01:05:09,556   INFO  cfg.MODEL.DENSE_HEAD.hwl_for_angles: True
2026-10-04 01:05:09,557   INFO  cfg.MODEL.DENSE_HEAD.imitation_cfg: [{'channel': 64, 'ksize': 1, 'layer': 'conv2d', 'lidar_feature_layer': 'spatial_features_2d', 'mode': 'inbox', 'normalize': 'cw_scale', 'stereo_feature_layer': 'spatial_features_2d', 'use_relu': False}, {'channel': 32, 'ksize': 1, 'layer': 'conv3d', 'lidar_feature_layer': 'volume_features', 'mode': 'inbox', 'normalize': 'cw_scale', 'stereo_feature_layer': 'volume_features', 'use_relu': False}]
2026-10-04 01:05:09,557   INFO  cfg.MODEL.DENSE_HEAD.xyz_for_angles: True
2026-10-04 01:05:09,558   INFO  
cfg.MODEL.DENSE_HEAD_2D = edict()
2026-10-04 01:05:09,558   INFO  cfg.MODEL.DENSE_HEAD_2D.NAME: MMDet2DHead
2026-10-04 01:05:09,559   INFO  
cfg.MODEL.DENSE_HEAD_2D.cfg = edict()
2026-10-04 01:05:09,559   INFO  
cfg.MODEL.DENSE_HEAD_2D.cfg.anchor_generator = edict()
2026-10-04 01:05:09,560   INFO  cfg.MODEL.DENSE_HEAD_2D.cfg.anchor_generator.octave_base_scale: 16
2026-10-04 01:05:09,560   INFO  cfg.MODEL.DENSE_HEAD_2D.cfg.anchor_generator.ratios: [1.0]
2026-10-04 01:05:09,560   INFO  cfg.MODEL.DENSE_HEAD_2D.cfg.anchor_generator.scales_per_octave: 1
2026-10-04 01:05:09,561   INFO  cfg.MODEL.DENSE_HEAD_2D.cfg.anchor_generator.strides: [4, 8, 16, 32, 64]
2026-10-04 01:05:09,561   INFO  cfg.MODEL.DENSE_HEAD_2D.cfg.anchor_generator.type: AnchorGenerator
2026-10-04 01:05:09,562   INFO  
cfg.MODEL.DENSE_HEAD_2D.cfg.bbox_coder = edict()
2026-10-04 01:05:09,562   INFO  cfg.MODEL.DENSE_HEAD_2D.cfg.bbox_coder.target_means: [0.0, 0.0, 0.0, 0.0]
2026-10-04 01:05:09,562   INFO  cfg.MODEL.DENSE_HEAD_2D.cfg.bbox_coder.target_stds: [0.1, 0.1, 0.2, 0.2]
2026-10-04 01:05:09,563   INFO  cfg.MODEL.DENSE_HEAD_2D.cfg.bbox_coder.type: DeltaXYWHBBoxCoder
2026-10-04 01:05:09,563   INFO  cfg.MODEL.DENSE_HEAD_2D.cfg.feat_channels: 64
2026-10-04 01:05:09,564   INFO  cfg.MODEL.DENSE_HEAD_2D.cfg.in_channels: 64
2026-10-04 01:05:09,564   INFO  
cfg.MODEL.DENSE_HEAD_2D.cfg.loss_bbox = edict()
2026-10-04 01:05:09,565   INFO  cfg.MODEL.DENSE_HEAD_2D.cfg.loss_bbox.loss_weight: 2.0
2026-10-04 01:05:09,565   INFO  cfg.MODEL.DENSE_HEAD_2D.cfg.loss_bbox.type: GIoULoss
2026-10-04 01:05:09,565   INFO  
cfg.MODEL.DENSE_HEAD_2D.cfg.loss_centerness = edict()
2026-10-04 01:05:09,566   INFO  cfg.MODEL.DENSE_HEAD_2D.cfg.loss_centerness.loss_weight: 1.0
2026-10-04 01:05:09,566   INFO  cfg.MODEL.DENSE_HEAD_2D.cfg.loss_centerness.type: CrossEntropyLoss
2026-10-04 01:05:09,566   INFO  cfg.MODEL.DENSE_HEAD_2D.cfg.loss_centerness.use_sigmoid: True
2026-10-04 01:05:09,567   INFO  
cfg.MODEL.DENSE_HEAD_2D.cfg.loss_cls = edict()
2026-10-04 01:05:09,567   INFO  cfg.MODEL.DENSE_HEAD_2D.cfg.loss_cls.alpha: 0.25
2026-10-04 01:05:09,567   INFO  cfg.MODEL.DENSE_HEAD_2D.cfg.loss_cls.gamma: 2.0
2026-10-04 01:05:09,568   INFO  cfg.MODEL.DENSE_HEAD_2D.cfg.loss_cls.loss_weight: 1.0
2026-10-04 01:05:09,568   INFO  cfg.MODEL.DENSE_HEAD_2D.cfg.loss_cls.type: FocalLoss
2026-10-04 01:05:09,568   INFO  cfg.MODEL.DENSE_HEAD_2D.cfg.loss_cls.use_sigmoid: True
2026-10-04 01:05:09,569   INFO  cfg.MODEL.DENSE_HEAD_2D.cfg.num_classes: 3
2026-10-04 01:05:09,569   INFO  cfg.MODEL.DENSE_HEAD_2D.cfg.num_extra_reg_channel: 0
2026-10-04 01:05:09,569   INFO  cfg.MODEL.DENSE_HEAD_2D.cfg.reg_class_agnostic: False
2026-10-04 01:05:09,570   INFO  cfg.MODEL.DENSE_HEAD_2D.cfg.seperate_extra_reg_branch: False
2026-10-04 01:05:09,570   INFO  cfg.MODEL.DENSE_HEAD_2D.cfg.stacked_convs: 4
2026-10-04 01:05:09,570   INFO  
cfg.MODEL.DENSE_HEAD_2D.cfg.test_cfg = edict()
2026-10-04 01:05:09,571   INFO  cfg.MODEL.DENSE_HEAD_2D.cfg.test_cfg.max_per_img: 100
2026-10-04 01:05:09,571   INFO  cfg.MODEL.DENSE_HEAD_2D.cfg.test_cfg.min_bbox_size: 0
2026-10-04 01:05:09,571   INFO  
cfg.MODEL.DENSE_HEAD_2D.cfg.test_cfg.nms = edict()
2026-10-04 01:05:09,572   INFO  cfg.MODEL.DENSE_HEAD_2D.cfg.test_cfg.nms.iou_threshold: 0.6
2026-10-04 01:05:09,572   INFO  cfg.MODEL.DENSE_HEAD_2D.cfg.test_cfg.nms.type: nms
2026-10-04 01:05:09,572   INFO  cfg.MODEL.DENSE_HEAD_2D.cfg.test_cfg.nms_pre: 1000
2026-10-04 01:05:09,573   INFO  cfg.MODEL.DENSE_HEAD_2D.cfg.test_cfg.score_thr: 0.05
2026-10-04 01:05:09,573   INFO  
cfg.MODEL.DENSE_HEAD_2D.cfg.train_cfg = edict()
2026-10-04 01:05:09,574   INFO  cfg.MODEL.DENSE_HEAD_2D.cfg.train_cfg.allowed_border: -1
2026-10-04 01:05:09,574   INFO  cfg.MODEL.DENSE_HEAD_2D.cfg.train_cfg.append_3d_centers: True
2026-10-04 01:05:09,575   INFO  
cfg.MODEL.DENSE_HEAD_2D.cfg.train_cfg.assigner = edict()
2026-10-04 01:05:09,575   INFO  cfg.MODEL.DENSE_HEAD_2D.cfg.train_cfg.assigner.topk: 9
2026-10-04 01:05:09,575   INFO  cfg.MODEL.DENSE_HEAD_2D.cfg.train_cfg.assigner.type: ATSS3DCenterAssigner
2026-10-04 01:05:09,576   INFO  cfg.MODEL.DENSE_HEAD_2D.cfg.train_cfg.debug: False
2026-10-04 01:05:09,576   INFO  cfg.MODEL.DENSE_HEAD_2D.cfg.train_cfg.pos_weight: -1
2026-10-04 01:05:09,577   INFO  cfg.MODEL.DENSE_HEAD_2D.cfg.type: ATSSAdvHead
2026-10-04 01:05:09,577   INFO  cfg.MODEL.DENSE_HEAD_2D.use_3d_center: True
2026-10-04 01:05:09,577   INFO  
cfg.MODEL.DEPTH_LOSS_HEAD = edict()
2026-10-04 01:05:09,578   INFO  
cfg.MODEL.DEPTH_LOSS_HEAD.LOSS_TYPE = edict()
2026-10-04 01:05:09,578   INFO  cfg.MODEL.DEPTH_LOSS_HEAD.LOSS_TYPE.ce: 1.0
2026-10-04 01:05:09,579   INFO  cfg.MODEL.DEPTH_LOSS_HEAD.WEIGHTS: [1.0]
2026-10-04 01:05:09,579   INFO  
cfg.MODEL.LIDAR_MODEL = edict()
2026-10-04 01:05:09,580   INFO  
cfg.MODEL.LIDAR_MODEL.BACKBONE_2D = edict()
2026-10-04 01:05:09,580   INFO  cfg.MODEL.LIDAR_MODEL.BACKBONE_2D.GN: False
2026-10-04 01:05:09,581   INFO  cfg.MODEL.LIDAR_MODEL.BACKBONE_2D.NAME: HgBEVBackbone
2026-10-04 01:05:09,581   INFO  cfg.MODEL.LIDAR_MODEL.BACKBONE_2D.num_channels: 64
2026-10-04 01:05:09,581   INFO  
cfg.MODEL.LIDAR_MODEL.BACKBONE_3D = edict()
2026-10-04 01:05:09,582   INFO  cfg.MODEL.LIDAR_MODEL.BACKBONE_3D.NAME: VoxelBackBone4xNoFinalBnReLU
2026-10-04 01:05:09,582   INFO  
cfg.MODEL.LIDAR_MODEL.MAP_TO_BEV = edict()
2026-10-04 01:05:09,582   INFO  cfg.MODEL.LIDAR_MODEL.MAP_TO_BEV.NAME: HeightCompression
2026-10-04 01:05:09,583   INFO  cfg.MODEL.LIDAR_MODEL.MAP_TO_BEV.NUM_BEV_FEATURES: 160
2026-10-04 01:05:09,583   INFO  cfg.MODEL.LIDAR_MODEL.NAME: SECONDNet
2026-10-04 01:05:09,583   INFO  cfg.MODEL.LIDAR_MODEL.PRETRAINED_MODEL: ./ckpt/second_s4_hg.iouloss.ep78.backbone-no-final-bnrelu.input-only-xyz.default-lr-policy-with-wd-decay-78ep.pth
2026-10-04 01:05:09,584   INFO  cfg.MODEL.LIDAR_MODEL.RETURN_BATCH_DICT: True
2026-10-04 01:05:09,584   INFO  
cfg.MODEL.LIDAR_MODEL.VFE = edict()
2026-10-04 01:05:09,584   INFO  cfg.MODEL.LIDAR_MODEL.VFE.NAME: MeanVFE
2026-10-04 01:05:09,585   INFO  
cfg.MODEL.MAP_TO_BEV = edict()
2026-10-04 01:05:09,585   INFO  cfg.MODEL.MAP_TO_BEV.NAME: HeightCompression
2026-10-04 01:05:09,586   INFO  cfg.MODEL.MAP_TO_BEV.NUM_BEV_FEATURES: 160
2026-10-04 01:05:09,586   INFO  cfg.MODEL.MAP_TO_BEV.SPARSE_INPUT: False
2026-10-04 01:05:09,587   INFO  cfg.MODEL.NAME: stereo_LIGA
2026-10-04 01:05:09,587   INFO  
cfg.MODEL.POST_PROCESSING = edict()
2026-10-04 01:05:09,587   INFO  cfg.MODEL.POST_PROCESSING.EVAL_METRIC: kitti
2026-10-04 01:05:09,588   INFO  
cfg.MODEL.POST_PROCESSING.NMS_CONFIG = edict()
2026-10-04 01:05:09,588   INFO  cfg.MODEL.POST_PROCESSING.NMS_CONFIG.MULTI_CLASSES_NMS: True
2026-10-04 01:05:09,588   INFO  cfg.MODEL.POST_PROCESSING.NMS_CONFIG.NMS_POST_MAXSIZE: 500
2026-10-04 01:05:09,589   INFO  cfg.MODEL.POST_PROCESSING.NMS_CONFIG.NMS_PRE_MAXSIZE: 4096
2026-10-04 01:05:09,589   INFO  cfg.MODEL.POST_PROCESSING.NMS_CONFIG.NMS_THRESH: 0.25
2026-10-04 01:05:09,590   INFO  cfg.MODEL.POST_PROCESSING.NMS_CONFIG.NMS_TYPE: nms_gpu
2026-10-04 01:05:09,590   INFO  cfg.MODEL.POST_PROCESSING.OUTPUT_RAW_SCORE: False
2026-10-04 01:05:09,590   INFO  cfg.MODEL.POST_PROCESSING.RECALL_THRESH_LIST: [0.3, 0.5, 0.7]
2026-10-04 01:05:09,590   INFO  cfg.MODEL.POST_PROCESSING.SCORE_THRESH: 0.1
2026-10-04 01:05:09,591   INFO  
cfg.OPTIMIZATION = edict()
2026-10-04 01:05:09,592   INFO  cfg.OPTIMIZATION.BATCH_SIZE_PER_GPU: 1
2026-10-04 01:05:09,592   INFO  cfg.OPTIMIZATION.DECAY_STEP_LIST: []
2026-10-04 01:05:09,593   INFO  cfg.OPTIMIZATION.DIV_FACTOR: 10
2026-10-04 01:05:09,593   INFO  cfg.OPTIMIZATION.GRAD_NORM_CLIP: 10
2026-10-04 01:05:09,594   INFO  cfg.OPTIMIZATION.LR: 0.001
2026-10-04 01:05:09,594   INFO  cfg.OPTIMIZATION.LR_CLIP: 1e-07
2026-10-04 01:05:09,594   INFO  cfg.OPTIMIZATION.LR_DECAY: 0.1
2026-10-04 01:05:09,595   INFO  cfg.OPTIMIZATION.LR_WARMUP: False
2026-10-04 01:05:09,595   INFO  cfg.OPTIMIZATION.MOMENTUM: 0.9
2026-10-04 01:05:09,595   INFO  cfg.OPTIMIZATION.NUM_EPOCHS: 1
2026-10-04 01:05:09,596   INFO  cfg.OPTIMIZATION.OPTIMIZER: adamw
2026-10-04 01:05:09,596   INFO  cfg.OPTIMIZATION.WARMUP_EPOCH: 1
2026-10-04 01:05:09,597   INFO  cfg.OPTIMIZATION.WEIGHT_DECAY: 0.0001
2026-10-04 01:05:09,597   INFO  cfg.TAG: student_uncompressed_holdout
2026-10-04 01:05:09,598   INFO  cfg.EXP_GROUP_PATH: home_sheng_paper6_configs_diagnostic
2026-10-04 01:05:09,598   INFO  boxes_gt_in_cam2_view False
2026-10-04 01:05:09,604   INFO  Loading KITTI dataset
2026-10-04 01:05:09,621   INFO  Total samples for KITTI dataset: 372
2026-10-04 01:05:09,634   INFO  ==> Loading parameters from checkpoint ./ckpt/second_s4_hg.iouloss.ep78.backbone-no-final-bnrelu.input-only-xyz.default-lr-policy-with-wd-decay-78ep.pth to CPU
/home/sheng/paper6/third_party/LIGA-Stereo/liga/models/detectors_lidar/lidar_detector3d_template.py:297: FutureWarning: You are using `torch.load` with `weights_only=False` (the current default value), which uses the default pickle module implicitly. It is possible to construct malicious pickle data which will execute arbitrary code during unpickling (See https://github.com/pytorch/pytorch/blob/main/SECURITY.md#untrusted-models for more details). In a future release, the default value for `weights_only` will be flipped to `True`. This limits the functions that could be executed during unpickling. Arbitrary objects will no longer be allowed to be loaded via this mode unless they are explicitly allowlisted by the user via `torch.serialization.add_safe_globals`. We recommend you start setting `weights_only=True` for any use case where you don't have full control of the loaded file. Please open an issue on GitHub for any issues related to this experimental feature.
  checkpoint = torch.load(filename, map_location=loc_type)
2026-10-04 01:05:09,655   INFO  ==> Checkpoint trained from version: liga+0.1.0+7aa7b92+py60b444b
2026-10-04 01:05:09,699   INFO  Not Loaded weight dense_head.rpn3d_cls_convs.0.0.0.weight: torch.Size([64, 64, 3, 3])
2026-10-04 01:05:09,699   INFO  Not Loaded weight dense_head.rpn3d_cls_convs.0.0.1.weight: torch.Size([64])
2026-10-04 01:05:09,700   INFO  Not Loaded weight dense_head.rpn3d_cls_convs.0.0.1.bias: torch.Size([64])
2026-10-04 01:05:09,700   INFO  Not Loaded weight dense_head.rpn3d_cls_convs.0.0.1.running_mean: torch.Size([64])
2026-10-04 01:05:09,700   INFO  Not Loaded weight dense_head.rpn3d_cls_convs.0.0.1.running_var: torch.Size([64])
2026-10-04 01:05:09,701   INFO  Not Loaded weight dense_head.rpn3d_cls_convs.0.0.1.num_batches_tracked: torch.Size([])
2026-10-04 01:05:09,701   INFO  Not Loaded weight dense_head.rpn3d_cls_convs.1.0.0.weight: torch.Size([64, 64, 3, 3])
2026-10-04 01:05:09,702   INFO  Not Loaded weight dense_head.rpn3d_cls_convs.1.0.1.weight: torch.Size([64])
2026-10-04 01:05:09,702   INFO  Not Loaded weight dense_head.rpn3d_cls_convs.1.0.1.bias: torch.Size([64])
2026-10-04 01:05:09,703   INFO  Not Loaded weight dense_head.rpn3d_cls_convs.1.0.1.running_mean: torch.Size([64])
2026-10-04 01:05:09,703   INFO  Not Loaded weight dense_head.rpn3d_cls_convs.1.0.1.running_var: torch.Size([64])
2026-10-04 01:05:09,703   INFO  Not Loaded weight dense_head.rpn3d_cls_convs.1.0.1.num_batches_tracked: torch.Size([])
2026-10-04 01:05:09,704   INFO  Not Loaded weight dense_head.rpn3d_bbox_convs.0.0.0.weight: torch.Size([64, 64, 3, 3])
2026-10-04 01:05:09,704   INFO  Not Loaded weight dense_head.rpn3d_bbox_convs.0.0.1.weight: torch.Size([64])
2026-10-04 01:05:09,704   INFO  Not Loaded weight dense_head.rpn3d_bbox_convs.0.0.1.bias: torch.Size([64])
2026-10-04 01:05:09,705   INFO  Not Loaded weight dense_head.rpn3d_bbox_convs.0.0.1.running_mean: torch.Size([64])
2026-10-04 01:05:09,705   INFO  Not Loaded weight dense_head.rpn3d_bbox_convs.0.0.1.running_var: torch.Size([64])
2026-10-04 01:05:09,706   INFO  Not Loaded weight dense_head.rpn3d_bbox_convs.0.0.1.num_batches_tracked: torch.Size([])
2026-10-04 01:05:09,706   INFO  Not Loaded weight dense_head.rpn3d_bbox_convs.1.0.0.weight: torch.Size([64, 64, 3, 3])
2026-10-04 01:05:09,707   INFO  Not Loaded weight dense_head.rpn3d_bbox_convs.1.0.1.weight: torch.Size([64])
2026-10-04 01:05:09,707   INFO  Not Loaded weight dense_head.rpn3d_bbox_convs.1.0.1.bias: torch.Size([64])
2026-10-04 01:05:09,707   INFO  Not Loaded weight dense_head.rpn3d_bbox_convs.1.0.1.running_mean: torch.Size([64])
2026-10-04 01:05:09,708   INFO  Not Loaded weight dense_head.rpn3d_bbox_convs.1.0.1.running_var: torch.Size([64])
2026-10-04 01:05:09,708   INFO  Not Loaded weight dense_head.rpn3d_bbox_convs.1.0.1.num_batches_tracked: torch.Size([])
2026-10-04 01:05:09,708   INFO  Not Loaded weight dense_head.conv_cls.weight: torch.Size([18, 64, 3, 3])
2026-10-04 01:05:09,709   INFO  Not Loaded weight dense_head.conv_cls.bias: torch.Size([18])
2026-10-04 01:05:09,709   INFO  Not Loaded weight dense_head.conv_box.weight: torch.Size([42, 64, 3, 3])
2026-10-04 01:05:09,710   INFO  Not Loaded weight dense_head.conv_box.bias: torch.Size([42])
2026-10-04 01:05:09,710   INFO  Not Loaded weight dense_head.conv_dir_cls.weight: torch.Size([12, 64, 1, 1])
2026-10-04 01:05:09,710   INFO  Not Loaded weight dense_head.conv_dir_cls.bias: torch.Size([12])
2026-10-04 01:05:09,711   INFO  ==> Done (loaded 110/110)
stereo volume depth range: 2.0 -> 59.599998474121094, interval 0.19999999470180935
/home/sheng/anaconda3/envs/epiu-dsgn/lib/python3.10/site-packages/torch/functional.py:534: UserWarning: torch.meshgrid: in an upcoming release, it will be required to pass the indexing argument. (Triggered internally at ../aten/src/ATen/native/TensorShape.cpp:3595.)
  return _VF.meshgrid(tensors, **kwargs)  # type: ignore[attr-defined]
2026-10-04 01:05:09,758 - mmdet - INFO - load checkpoint from torchvision path: torchvision://resnet34
2026-10-04 01:05:09,818 - mmdet - WARNING - The model and loaded state dict do not match exactly

size mismatch for layer3.0.conv1.weight: copying a param with shape torch.Size([256, 128, 3, 3]) from checkpoint, the shape in current model is torch.Size([128, 128, 3, 3]).
size mismatch for layer3.0.bn1.weight: copying a param with shape torch.Size([256]) from checkpoint, the shape in current model is torch.Size([128]).
size mismatch for layer3.0.bn1.bias: copying a param with shape torch.Size([256]) from checkpoint, the shape in current model is torch.Size([128]).
size mismatch for layer3.0.bn1.running_mean: copying a param with shape torch.Size([256]) from checkpoint, the shape in current model is torch.Size([128]).
size mismatch for layer3.0.bn1.running_var: copying a param with shape torch.Size([256]) from checkpoint, the shape in current model is torch.Size([128]).
size mismatch for layer3.0.conv2.weight: copying a param with shape torch.Size([256, 256, 3, 3]) from checkpoint, the shape in current model is torch.Size([128, 128, 3, 3]).
size mismatch for layer3.0.bn2.weight: copying a param with shape torch.Size([256]) from checkpoint, the shape in current model is torch.Size([128]).
size mismatch for layer3.0.bn2.bias: copying a param with shape torch.Size([256]) from checkpoint, the shape in current model is torch.Size([128]).
size mismatch for layer3.0.bn2.running_mean: copying a param with shape torch.Size([256]) from checkpoint, the shape in current model is torch.Size([128]).
size mismatch for layer3.0.bn2.running_var: copying a param with shape torch.Size([256]) from checkpoint, the shape in current model is torch.Size([128]).
size mismatch for layer3.1.conv1.weight: copying a param with shape torch.Size([256, 256, 3, 3]) from checkpoint, the shape in current model is torch.Size([128, 128, 3, 3]).
size mismatch for layer3.1.bn1.weight: copying a param with shape torch.Size([256]) from checkpoint, the shape in current model is torch.Size([128]).
size mismatch for layer3.1.bn1.bias: copying a param with shape torch.Size([256]) from checkpoint, the shape in current model is torch.Size([128]).
size mismatch for layer3.1.bn1.running_mean: copying a param with shape torch.Size([256]) from checkpoint, the shape in current model is torch.Size([128]).
size mismatch for layer3.1.bn1.running_var: copying a param with shape torch.Size([256]) from checkpoint, the shape in current model is torch.Size([128]).
size mismatch for layer3.1.conv2.weight: copying a param with shape torch.Size([256, 256, 3, 3]) from checkpoint, the shape in current model is torch.Size([128, 128, 3, 3]).
size mismatch for layer3.1.bn2.weight: copying a param with shape torch.Size([256]) from checkpoint, the shape in current model is torch.Size([128]).
size mismatch for layer3.1.bn2.bias: copying a param with shape torch.Size([256]) from checkpoint, the shape in current model is torch.Size([128]).
size mismatch for layer3.1.bn2.running_mean: copying a param with shape torch.Size([256]) from checkpoint, the shape in current model is torch.Size([128]).
size mismatch for layer3.1.bn2.running_var: copying a param with shape torch.Size([256]) from checkpoint, the shape in current model is torch.Size([128]).
size mismatch for layer3.2.conv1.weight: copying a param with shape torch.Size([256, 256, 3, 3]) from checkpoint, the shape in current model is torch.Size([128, 128, 3, 3]).
size mismatch for layer3.2.bn1.weight: copying a param with shape torch.Size([256]) from checkpoint, the shape in current model is torch.Size([128]).
size mismatch for layer3.2.bn1.bias: copying a param with shape torch.Size([256]) from checkpoint, the shape in current model is torch.Size([128]).
size mismatch for layer3.2.bn1.running_mean: copying a param with shape torch.Size([256]) from checkpoint, the shape in current model is torch.Size([128]).
size mismatch for layer3.2.bn1.running_var: copying a param with shape torch.Size([256]) from checkpoint, the shape in current model is torch.Size([128]).
size mismatch for layer3.2.conv2.weight: copying a param with shape torch.Size([256, 256, 3, 3]) from checkpoint, the shape in current model is torch.Size([128, 128, 3, 3]).
size mismatch for layer3.2.bn2.weight: copying a param with shape torch.Size([256]) from checkpoint, the shape in current model is torch.Size([128]).
size mismatch for layer3.2.bn2.bias: copying a param with shape torch.Size([256]) from checkpoint, the shape in current model is torch.Size([128]).
size mismatch for layer3.2.bn2.running_mean: copying a param with shape torch.Size([256]) from checkpoint, the shape in current model is torch.Size([128]).
size mismatch for layer3.2.bn2.running_var: copying a param with shape torch.Size([256]) from checkpoint, the shape in current model is torch.Size([128]).
size mismatch for layer3.3.conv1.weight: copying a param with shape torch.Size([256, 256, 3, 3]) from checkpoint, the shape in current model is torch.Size([128, 128, 3, 3]).
size mismatch for layer3.3.bn1.weight: copying a param with shape torch.Size([256]) from checkpoint, the shape in current model is torch.Size([128]).
size mismatch for layer3.3.bn1.bias: copying a param with shape torch.Size([256]) from checkpoint, the shape in current model is torch.Size([128]).
size mismatch for layer3.3.bn1.running_mean: copying a param with shape torch.Size([256]) from checkpoint, the shape in current model is torch.Size([128]).
size mismatch for layer3.3.bn1.running_var: copying a param with shape torch.Size([256]) from checkpoint, the shape in current model is torch.Size([128]).
size mismatch for layer3.3.conv2.weight: copying a param with shape torch.Size([256, 256, 3, 3]) from checkpoint, the shape in current model is torch.Size([128, 128, 3, 3]).
size mismatch for layer3.3.bn2.weight: copying a param with shape torch.Size([256]) from checkpoint, the shape in current model is torch.Size([128]).
size mismatch for layer3.3.bn2.bias: copying a param with shape torch.Size([256]) from checkpoint, the shape in current model is torch.Size([128]).
size mismatch for layer3.3.bn2.running_mean: copying a param with shape torch.Size([256]) from checkpoint, the shape in current model is torch.Size([128]).
size mismatch for layer3.3.bn2.running_var: copying a param with shape torch.Size([256]) from checkpoint, the shape in current model is torch.Size([128]).
size mismatch for layer3.4.conv1.weight: copying a param with shape torch.Size([256, 256, 3, 3]) from checkpoint, the shape in current model is torch.Size([128, 128, 3, 3]).
size mismatch for layer3.4.bn1.weight: copying a param with shape torch.Size([256]) from checkpoint, the shape in current model is torch.Size([128]).
size mismatch for layer3.4.bn1.bias: copying a param with shape torch.Size([256]) from checkpoint, the shape in current model is torch.Size([128]).
size mismatch for layer3.4.bn1.running_mean: copying a param with shape torch.Size([256]) from checkpoint, the shape in current model is torch.Size([128]).
size mismatch for layer3.4.bn1.running_var: copying a param with shape torch.Size([256]) from checkpoint, the shape in current model is torch.Size([128]).
size mismatch for layer3.4.conv2.weight: copying a param with shape torch.Size([256, 256, 3, 3]) from checkpoint, the shape in current model is torch.Size([128, 128, 3, 3]).
size mismatch for layer3.4.bn2.weight: copying a param with shape torch.Size([256]) from checkpoint, the shape in current model is torch.Size([128]).
size mismatch for layer3.4.bn2.bias: copying a param with shape torch.Size([256]) from checkpoint, the shape in current model is torch.Size([128]).
size mismatch for layer3.4.bn2.running_mean: copying a param with shape torch.Size([256]) from checkpoint, the shape in current model is torch.Size([128]).
size mismatch for layer3.4.bn2.running_var: copying a param with shape torch.Size([256]) from checkpoint, the shape in current model is torch.Size([128]).
size mismatch for layer3.5.conv1.weight: copying a param with shape torch.Size([256, 256, 3, 3]) from checkpoint, the shape in current model is torch.Size([128, 128, 3, 3]).
size mismatch for layer3.5.bn1.weight: copying a param with shape torch.Size([256]) from checkpoint, the shape in current model is torch.Size([128]).
size mismatch for layer3.5.bn1.bias: copying a param with shape torch.Size([256]) from checkpoint, the shape in current model is torch.Size([128]).
size mismatch for layer3.5.bn1.running_mean: copying a param with shape torch.Size([256]) from checkpoint, the shape in current model is torch.Size([128]).
size mismatch for layer3.5.bn1.running_var: copying a param with shape torch.Size([256]) from checkpoint, the shape in current model is torch.Size([128]).
size mismatch for layer3.5.conv2.weight: copying a param with shape torch.Size([256, 256, 3, 3]) from checkpoint, the shape in current model is torch.Size([128, 128, 3, 3]).
size mismatch for layer3.5.bn2.weight: copying a param with shape torch.Size([256]) from checkpoint, the shape in current model is torch.Size([128]).
size mismatch for layer3.5.bn2.bias: copying a param with shape torch.Size([256]) from checkpoint, the shape in current model is torch.Size([128]).
size mismatch for layer3.5.bn2.running_mean: copying a param with shape torch.Size([256]) from checkpoint, the shape in current model is torch.Size([128]).
size mismatch for layer3.5.bn2.running_var: copying a param with shape torch.Size([256]) from checkpoint, the shape in current model is torch.Size([128]).
size mismatch for layer4.0.conv1.weight: copying a param with shape torch.Size([512, 256, 3, 3]) from checkpoint, the shape in current model is torch.Size([128, 128, 3, 3]).
size mismatch for layer4.0.bn1.weight: copying a param with shape torch.Size([512]) from checkpoint, the shape in current model is torch.Size([128]).
size mismatch for layer4.0.bn1.bias: copying a param with shape torch.Size([512]) from checkpoint, the shape in current model is torch.Size([128]).
size mismatch for layer4.0.bn1.running_mean: copying a param with shape torch.Size([512]) from checkpoint, the shape in current model is torch.Size([128]).
size mismatch for layer4.0.bn1.running_var: copying a param with shape torch.Size([512]) from checkpoint, the shape in current model is torch.Size([128]).
size mismatch for layer4.0.conv2.weight: copying a param with shape torch.Size([512, 512, 3, 3]) from checkpoint, the shape in current model is torch.Size([128, 128, 3, 3]).
size mismatch for layer4.0.bn2.weight: copying a param with shape torch.Size([512]) from checkpoint, the shape in current model is torch.Size([128]).
size mismatch for layer4.0.bn2.bias: copying a param with shape torch.Size([512]) from checkpoint, the shape in current model is torch.Size([128]).
size mismatch for layer4.0.bn2.running_mean: copying a param with shape torch.Size([512]) from checkpoint, the shape in current model is torch.Size([128]).
size mismatch for layer4.0.bn2.running_var: copying a param with shape torch.Size([512]) from checkpoint, the shape in current model is torch.Size([128]).
size mismatch for layer4.1.conv1.weight: copying a param with shape torch.Size([512, 512, 3, 3]) from checkpoint, the shape in current model is torch.Size([128, 128, 3, 3]).
size mismatch for layer4.1.bn1.weight: copying a param with shape torch.Size([512]) from checkpoint, the shape in current model is torch.Size([128]).
size mismatch for layer4.1.bn1.bias: copying a param with shape torch.Size([512]) from checkpoint, the shape in current model is torch.Size([128]).
size mismatch for layer4.1.bn1.running_mean: copying a param with shape torch.Size([512]) from checkpoint, the shape in current model is torch.Size([128]).
size mismatch for layer4.1.bn1.running_var: copying a param with shape torch.Size([512]) from checkpoint, the shape in current model is torch.Size([128]).
size mismatch for layer4.1.conv2.weight: copying a param with shape torch.Size([512, 512, 3, 3]) from checkpoint, the shape in current model is torch.Size([128, 128, 3, 3]).
size mismatch for layer4.1.bn2.weight: copying a param with shape torch.Size([512]) from checkpoint, the shape in current model is torch.Size([128]).
size mismatch for layer4.1.bn2.bias: copying a param with shape torch.Size([512]) from checkpoint, the shape in current model is torch.Size([128]).
size mismatch for layer4.1.bn2.running_mean: copying a param with shape torch.Size([512]) from checkpoint, the shape in current model is torch.Size([128]).
size mismatch for layer4.1.bn2.running_var: copying a param with shape torch.Size([512]) from checkpoint, the shape in current model is torch.Size([128]).
size mismatch for layer4.2.conv1.weight: copying a param with shape torch.Size([512, 512, 3, 3]) from checkpoint, the shape in current model is torch.Size([128, 128, 3, 3]).
size mismatch for layer4.2.bn1.weight: copying a param with shape torch.Size([512]) from checkpoint, the shape in current model is torch.Size([128]).
size mismatch for layer4.2.bn1.bias: copying a param with shape torch.Size([512]) from checkpoint, the shape in current model is torch.Size([128]).
size mismatch for layer4.2.bn1.running_mean: copying a param with shape torch.Size([512]) from checkpoint, the shape in current model is torch.Size([128]).
size mismatch for layer4.2.bn1.running_var: copying a param with shape torch.Size([512]) from checkpoint, the shape in current model is torch.Size([128]).
size mismatch for layer4.2.conv2.weight: copying a param with shape torch.Size([512, 512, 3, 3]) from checkpoint, the shape in current model is torch.Size([128, 128, 3, 3]).
size mismatch for layer4.2.bn2.weight: copying a param with shape torch.Size([512]) from checkpoint, the shape in current model is torch.Size([128]).
size mismatch for layer4.2.bn2.bias: copying a param with shape torch.Size([512]) from checkpoint, the shape in current model is torch.Size([128]).
size mismatch for layer4.2.bn2.running_mean: copying a param with shape torch.Size([512]) from checkpoint, the shape in current model is torch.Size([128]).
size mismatch for layer4.2.bn2.running_var: copying a param with shape torch.Size([512]) from checkpoint, the shape in current model is torch.Size([128]).
unexpected key in source state_dict: fc.weight, fc.bias, layer3.0.downsample.0.weight, layer3.0.downsample.1.running_mean, layer3.0.downsample.1.running_var, layer3.0.downsample.1.weight, layer3.0.downsample.1.bias, layer4.0.downsample.0.weight, layer4.0.downsample.1.running_mean, layer4.0.downsample.1.running_var, layer4.0.downsample.1.weight, layer4.0.downsample.1.bias

2026-10-04 01:05:10,605   INFO  ==> Loading parameters from checkpoint /mnt/d/paper6/runs/codec-feature-seed17-001/checkpoint_epoch_1.pth to CPU
/home/sheng/paper6/third_party/LIGA-Stereo/liga/models/detectors_stereo/stereo_detector3d_template.py:342: FutureWarning: You are using `torch.load` with `weights_only=False` (the current default value), which uses the default pickle module implicitly. It is possible to construct malicious pickle data which will execute arbitrary code during unpickling (See https://github.com/pytorch/pytorch/blob/main/SECURITY.md#untrusted-models for more details). In a future release, the default value for `weights_only` will be flipped to `True`. This limits the functions that could be executed during unpickling. Arbitrary objects will no longer be allowed to be loaded via this mode unless they are explicitly allowlisted by the user via `torch.serialization.add_safe_globals`. We recommend you start setting `weights_only=True` for any use case where you don't have full control of the loaded file. Please open an issue on GitHub for any issues related to this experimental feature.
  checkpoint = torch.load(filename, map_location=loc_type)
2026-10-04 01:05:10,820   INFO  ==> Checkpoint trained from version: F4-codec-feature-only
2026-10-04 01:05:11,792   INFO  ==> Done (loaded 519/519)
2026-10-04 01:05:12,037   INFO  *************** EPOCH 1 EVALUATION *****************
[rank0]: Traceback (most recent call last):
[rank0]:   File "/home/sheng/paper6/scripts/diagnose_pooling.py", line 92, in <module>
[rank0]:     if __name__=='__main__': main()
[rank0]:   File "/home/sheng/paper6/scripts/diagnose_pooling.py", line 77, in main
[rank0]:     runpy.run_path(str(ROOT/'scripts/run_liga.py'),run_name='__main__')
[rank0]:   File "/home/sheng/anaconda3/envs/epiu-dsgn/lib/python3.10/runpy.py", line 289, in run_path
[rank0]:     return _run_module_code(code, init_globals, run_name,
[rank0]:   File "/home/sheng/anaconda3/envs/epiu-dsgn/lib/python3.10/runpy.py", line 96, in _run_module_code
[rank0]:     _run_code(code, mod_globals, init_globals,
[rank0]:   File "/home/sheng/anaconda3/envs/epiu-dsgn/lib/python3.10/runpy.py", line 86, in _run_code
[rank0]:     exec(code, run_globals)
[rank0]:   File "/home/sheng/paper6/scripts/run_liga.py", line 211, in <module>
[rank0]:     main()
[rank0]:   File "/home/sheng/paper6/scripts/run_liga.py", line 199, in main
[rank0]:     runpy.run_path(sys.argv[0], run_name="__main__")
[rank0]:   File "/home/sheng/anaconda3/envs/epiu-dsgn/lib/python3.10/runpy.py", line 289, in run_path
[rank0]:     return _run_module_code(code, init_globals, run_name,
[rank0]:   File "/home/sheng/anaconda3/envs/epiu-dsgn/lib/python3.10/runpy.py", line 96, in _run_module_code
[rank0]:     _run_code(code, mod_globals, init_globals,
[rank0]:   File "/home/sheng/anaconda3/envs/epiu-dsgn/lib/python3.10/runpy.py", line 86, in _run_code
[rank0]:     exec(code, run_globals)
[rank0]:   File "/home/sheng/paper6/third_party/LIGA-Stereo/tools/test.py", line 212, in <module>
[rank0]:     main()
[rank0]:   File "/home/sheng/paper6/third_party/LIGA-Stereo/tools/test.py", line 208, in main
[rank0]:     eval_single_ckpt(model, test_loader, args, eval_output_dir, logger, epoch_id, dist_test=dist_test)
[rank0]:   File "/home/sheng/paper6/third_party/LIGA-Stereo/tools/test.py", line 67, in eval_single_ckpt
[rank0]:     eval_utils.eval_one_epoch(
[rank0]:   File "/home/sheng/paper6/scripts/run_liga.py", line 184, in evaluation_with_metrics
[rank0]:     result = full_evaluation(*pargs, **kwargs)
[rank0]:   File "/home/sheng/paper6/third_party/LIGA-Stereo/tools/eval_utils/eval_utils.py", line 64, in eval_one_epoch
[rank0]:     model = torch.nn.parallel.DistributedDataParallel(
[rank0]:   File "/home/sheng/anaconda3/envs/epiu-dsgn/lib/python3.10/site-packages/torch/nn/parallel/distributed.py", line 708, in __init__
[rank0]:     self._log_and_throw(
[rank0]:   File "/home/sheng/anaconda3/envs/epiu-dsgn/lib/python3.10/site-packages/torch/nn/parallel/distributed.py", line 1130, in _log_and_throw
[rank0]:     raise err_type(err_msg)
[rank0]: RuntimeError: DistributedDataParallel is not needed when a module doesn't have any parameter that requires a gradient.
[rank0]:[W1004 01:05:12.095106532 ProcessGroupNCCL.cpp:1250] Warning: WARNING: process group has NOT been destroyed before we destruct ProcessGroupNCCL. On normal program exit, the application should call destroy_process_group to ensure that any pending NCCL operations have finished in this process. In rare cases this process can exit before this point and block the progress of another member of the process group. This constraint has always been present,  but this warning has only been added since PyTorch 2.4 (function operator())
E1004 01:05:12.672000 27423 site-packages/torch/distributed/elastic/multiprocessing/api.py:869] failed (exitcode: 1) local_rank: 0 (pid: 27429) of binary: /home/sheng/paper6/.venv/bin/python
Traceback (most recent call last):
  File "/home/sheng/anaconda3/envs/epiu-dsgn/lib/python3.10/runpy.py", line 196, in _run_module_as_main
    return _run_code(code, main_globals, None,
  File "/home/sheng/anaconda3/envs/epiu-dsgn/lib/python3.10/runpy.py", line 86, in _run_code
    exec(code, run_globals)
  File "/home/sheng/anaconda3/envs/epiu-dsgn/lib/python3.10/site-packages/torch/distributed/run.py", line 923, in <module>
    main()
  File "/home/sheng/anaconda3/envs/epiu-dsgn/lib/python3.10/site-packages/torch/distributed/elastic/multiprocessing/errors/__init__.py", line 355, in wrapper
    return f(*args, **kwargs)
  File "/home/sheng/anaconda3/envs/epiu-dsgn/lib/python3.10/site-packages/torch/distributed/run.py", line 919, in main
    run(args)
  File "/home/sheng/anaconda3/envs/epiu-dsgn/lib/python3.10/site-packages/torch/distributed/run.py", line 910, in run
    elastic_launch(
  File "/home/sheng/anaconda3/envs/epiu-dsgn/lib/python3.10/site-packages/torch/distributed/launcher/api.py", line 138, in __call__
    return launch_agent(self._config, self._entrypoint, list(args))
  File "/home/sheng/anaconda3/envs/epiu-dsgn/lib/python3.10/site-packages/torch/distributed/launcher/api.py", line 269, in launch_agent
    raise ChildFailedError(
torch.distributed.elastic.multiprocessing.errors.ChildFailedError: 
============================================================
scripts/diagnose_pooling.py FAILED
------------------------------------------------------------
Failures:
  <NO_OTHER_FAILURES>
------------------------------------------------------------
Root Cause (first observed failure):
[0]:
  time      : 2026-10-04_01:05:12
  host      : DESKTOP-UGDDO8T.localdomain
  rank      : 0 (local_rank: 0)
  exitcode  : 1 (pid: 27429)
  error_file: <N/A>
  traceback : To enable traceback see: https://pytorch.org/docs/stable/elastic/errors.html
============================================================
