Traceback (most recent call last):
  File "/home/sheng/paper6/scripts/verify_stereo_rcnn.py", line 165, in <module>
    main()
  File "/home/sheng/paper6/scripts/verify_stereo_rcnn.py", line 145, in main
    output = model(*inputs,info,gt,gt,gt,gt,gt,count)
  File "/home/sheng/anaconda3/envs/epiu-dsgn/lib/python3.10/site-packages/torch/nn/modules/module.py", line 1736, in _wrapped_call_impl
    return self._call_impl(*args, **kwargs)
  File "/home/sheng/anaconda3/envs/epiu-dsgn/lib/python3.10/site-packages/torch/nn/modules/module.py", line 1747, in _call_impl
    return forward_call(*args, **kwargs)
  File "/home/sheng/paper6/third_party/Stereo-RCNN/lib/model/stereo_rcnn/stereo_rcnn.py", line 157, in forward
    c1_left = self.RCNN_layer0(im_left_data) # 64 x 1/4
  File "/home/sheng/anaconda3/envs/epiu-dsgn/lib/python3.10/site-packages/torch/nn/modules/module.py", line 1736, in _wrapped_call_impl
    return self._call_impl(*args, **kwargs)
  File "/home/sheng/anaconda3/envs/epiu-dsgn/lib/python3.10/site-packages/torch/nn/modules/module.py", line 1747, in _call_impl
    return forward_call(*args, **kwargs)
  File "/home/sheng/anaconda3/envs/epiu-dsgn/lib/python3.10/site-packages/torch/nn/modules/container.py", line 250, in forward
    input = module(input)
  File "/home/sheng/anaconda3/envs/epiu-dsgn/lib/python3.10/site-packages/torch/nn/modules/module.py", line 1736, in _wrapped_call_impl
    return self._call_impl(*args, **kwargs)
  File "/home/sheng/anaconda3/envs/epiu-dsgn/lib/python3.10/site-packages/torch/nn/modules/module.py", line 1747, in _call_impl
    return forward_call(*args, **kwargs)
  File "/home/sheng/anaconda3/envs/epiu-dsgn/lib/python3.10/site-packages/torch/nn/modules/conv.py", line 554, in forward
    return self._conv_forward(input, self.weight, self.bias)
  File "/home/sheng/anaconda3/envs/epiu-dsgn/lib/python3.10/site-packages/torch/nn/modules/conv.py", line 549, in _conv_forward
    return F.conv2d(
RuntimeError: Input type (torch.cuda.DoubleTensor) and weight type (torch.cuda.FloatTensor) should be the same
