/home/sheng/anaconda3/envs/epiu-dsgn/lib/python3.10/site-packages/torch/distributed/launch.py:208: FutureWarning: The module torch.distributed.launch is deprecated
and will be removed in future. Use torchrun.
Note that --use-env is set by default in torchrun.
If your script expects `--local-rank` argument to be set, please
change it to read from `os.environ['LOCAL_RANK']` instead. See 
https://pytorch.org/docs/stable/distributed.html#launch-utility for 
further instructions

  main()
/home/sheng/paper6/.venv/lib/python3.10/site-packages/mmcv/__init__.py:20: UserWarning: On January 1, 2023, MMCV will release v2.0.0, in which it will remove components related to the training process and add a data transformation module. In addition, it will rename the package names mmcv to mmcv-lite and mmcv-full to mmcv. See https://github.com/open-mmlab/mmcv/blob/master/docs/en/compatibility.md for more details.
  warnings.warn(
Traceback (most recent call last):
  File "/home/sheng/paper6/scripts/run_liga.py", line 196, in <module>
    main()
  File "/home/sheng/paper6/scripts/run_liga.py", line 184, in main
    runpy.run_path(sys.argv[0], run_name="__main__")
  File "/home/sheng/anaconda3/envs/epiu-dsgn/lib/python3.10/runpy.py", line 289, in run_path
    return _run_module_code(code, init_globals, run_name,
  File "/home/sheng/anaconda3/envs/epiu-dsgn/lib/python3.10/runpy.py", line 96, in _run_module_code
    _run_code(code, mod_globals, init_globals,
  File "/home/sheng/anaconda3/envs/epiu-dsgn/lib/python3.10/runpy.py", line 86, in _run_code
    exec(code, run_globals)
  File "/home/sheng/paper6/third_party/LIGA-Stereo/tools/train.py", line 16, in <module>
    from train_utils.optimization import build_optimizer, build_scheduler
  File "/home/sheng/paper6/third_party/LIGA-Stereo/tools/train_utils/optimization/__init__.py", line 7, in <module>
    from .fastai_optim import OptimWrapper
  File "/home/sheng/paper6/third_party/LIGA-Stereo/tools/train_utils/optimization/fastai_optim.py", line 3, in <module>
    from collections import Iterable
ImportError: cannot import name 'Iterable' from 'collections' (/home/sheng/anaconda3/envs/epiu-dsgn/lib/python3.10/collections/__init__.py)
E1003 20:36:03.535000 11817 site-packages/torch/distributed/elastic/multiprocessing/api.py:869] failed (exitcode: 1) local_rank: 0 (pid: 11822) of binary: /home/sheng/paper6/.venv/bin/python
Traceback (most recent call last):
  File "/home/sheng/anaconda3/envs/epiu-dsgn/lib/python3.10/runpy.py", line 196, in _run_module_as_main
    return _run_code(code, main_globals, None,
  File "/home/sheng/anaconda3/envs/epiu-dsgn/lib/python3.10/runpy.py", line 86, in _run_code
    exec(code, run_globals)
  File "/home/sheng/anaconda3/envs/epiu-dsgn/lib/python3.10/site-packages/torch/distributed/launch.py", line 208, in <module>
    main()
  File "/home/sheng/anaconda3/envs/epiu-dsgn/lib/python3.10/site-packages/typing_extensions.py", line 2499, in wrapper
    return arg(*args, **kwargs)
  File "/home/sheng/anaconda3/envs/epiu-dsgn/lib/python3.10/site-packages/torch/distributed/launch.py", line 204, in main
    launch(args)
  File "/home/sheng/anaconda3/envs/epiu-dsgn/lib/python3.10/site-packages/torch/distributed/launch.py", line 189, in launch
    run(args)
  File "/home/sheng/anaconda3/envs/epiu-dsgn/lib/python3.10/site-packages/torch/distributed/run.py", line 910, in run
    elastic_launch(
  File "/home/sheng/anaconda3/envs/epiu-dsgn/lib/python3.10/site-packages/torch/distributed/launcher/api.py", line 138, in __call__
    return launch_agent(self._config, self._entrypoint, list(args))
  File "/home/sheng/anaconda3/envs/epiu-dsgn/lib/python3.10/site-packages/torch/distributed/launcher/api.py", line 269, in launch_agent
    raise ChildFailedError(
torch.distributed.elastic.multiprocessing.errors.ChildFailedError: 
============================================================
scripts/run_liga.py FAILED
------------------------------------------------------------
Failures:
  <NO_OTHER_FAILURES>
------------------------------------------------------------
Root Cause (first observed failure):
[0]:
  time      : 2026-10-03_20:36:03
  host      : DESKTOP-UGDDO8T.localdomain
  rank      : 0 (local_rank: 0)
  exitcode  : 1 (pid: 11822)
  error_file: <N/A>
  traceback : To enable traceback see: https://pytorch.org/docs/stable/elastic/errors.html
============================================================
