Collecting torchvision@ https://download-r2.pytorch.org/whl/cu128/torchvision-0.22.1%2Bcu128-cp312-cp312-manylinux_2_28_x86_64.whl#sha256=f64ef9bb91d71ab35d8384912a19f7419e35928685bc67544d58f45148334373 (from -r /mnt/nfs2/engdes/wc296/paper6/data/engineering/artemis-framework-resolution-001/requirements.txt (line 27))
  Downloading https://download-r2.pytorch.org/whl/cu128/torchvision-0.22.1%2Bcu128-cp312-cp312-manylinux_2_28_x86_64.whl (8.7 MB)
     ━━━━━━━━━━━━━━━━━━━━━━━━━━━━━━━━━━━━━━━━ 8.7/8.7 MB 29.2 MB/s eta 0:00:00
Collecting addict==2.4.0 (from -r /mnt/nfs2/engdes/wc296/paper6/data/engineering/artemis-framework-resolution-001/requirements.txt (line 1))
  Using cached addict-2.4.0-py3-none-any.whl.metadata (1.0 kB)
Collecting packaging==24.2 (from -r /mnt/nfs2/engdes/wc296/paper6/data/engineering/artemis-framework-resolution-001/requirements.txt (line 2))
  Using cached packaging-24.2-py3-none-any.whl.metadata (3.2 kB)
Collecting yapf==0.40.1 (from -r /mnt/nfs2/engdes/wc296/paper6/data/engineering/artemis-framework-resolution-001/requirements.txt (line 3))
  Downloading yapf-0.40.1-py3-none-any.whl.metadata (35 kB)
Collecting opencv-python-headless==4.10.0.84 (from -r /mnt/nfs2/engdes/wc296/paper6/data/engineering/artemis-framework-resolution-001/requirements.txt (line 4))
  Downloading opencv_python_headless-4.10.0.84-cp37-abi3-manylinux_2_17_x86_64.manylinux2014_x86_64.whl.metadata (20 kB)
Collecting psutil==6.1.0 (from -r /mnt/nfs2/engdes/wc296/paper6/data/engineering/artemis-framework-resolution-001/requirements.txt (line 5))
  Using cached psutil-6.1.0-cp36-abi3-manylinux_2_12_x86_64.manylinux2010_x86_64.manylinux_2_17_x86_64.manylinux2014_x86_64.whl.metadata (22 kB)
Collecting ninja==1.11.1.3 (from -r /mnt/nfs2/engdes/wc296/paper6/data/engineering/artemis-framework-resolution-001/requirements.txt (line 6))
  Downloading ninja-1.11.1.3-py3-none-manylinux_2_12_x86_64.manylinux2010_x86_64.whl.metadata (5.3 kB)
Collecting wheel==0.45.1 (from -r /mnt/nfs2/engdes/wc296/paper6/data/engineering/artemis-framework-resolution-001/requirements.txt (line 7))
  Downloading wheel-0.45.1-py3-none-any.whl.metadata (2.3 kB)
Collecting easydict==1.13 (from -r /mnt/nfs2/engdes/wc296/paper6/data/engineering/artemis-framework-resolution-001/requirements.txt (line 8))
  Using cached easydict-1.13-py3-none-any.whl.metadata (4.2 kB)
Collecting scipy==1.13.1 (from -r /mnt/nfs2/engdes/wc296/paper6/data/engineering/artemis-framework-resolution-001/requirements.txt (line 9))
  Downloading scipy-1.13.1-cp312-cp312-manylinux_2_17_x86_64.manylinux2014_x86_64.whl.metadata (60 kB)
Collecting scikit-image==0.24.0 (from -r /mnt/nfs2/engdes/wc296/paper6/data/engineering/artemis-framework-resolution-001/requirements.txt (line 10))
  Downloading scikit_image-0.24.0-cp312-cp312-manylinux_2_17_x86_64.manylinux2014_x86_64.whl.metadata (14 kB)
Collecting numba==0.59.1 (from -r /mnt/nfs2/engdes/wc296/paper6/data/engineering/artemis-framework-resolution-001/requirements.txt (line 11))
  Downloading numba-0.59.1-cp312-cp312-manylinux2014_x86_64.manylinux_2_17_x86_64.whl.metadata (2.7 kB)
Collecting llvmlite==0.42.0 (from -r /mnt/nfs2/engdes/wc296/paper6/data/engineering/artemis-framework-resolution-001/requirements.txt (line 12))
  Downloading llvmlite-0.42.0-cp312-cp312-manylinux_2_17_x86_64.manylinux2014_x86_64.whl.metadata (4.8 kB)
Collecting tensorboardX==2.6.2.2 (from -r /mnt/nfs2/engdes/wc296/paper6/data/engineering/artemis-framework-resolution-001/requirements.txt (line 13))
  Downloading tensorboardX-2.6.2.2-py2.py3-none-any.whl.metadata (5.8 kB)
Collecting protobuf==5.28.3 (from -r /mnt/nfs2/engdes/wc296/paper6/data/engineering/artemis-framework-resolution-001/requirements.txt (line 14))
  Downloading protobuf-5.28.3-cp38-abi3-manylinux2014_x86_64.whl.metadata (592 bytes)
Collecting tqdm==4.67.0 (from -r /mnt/nfs2/engdes/wc296/paper6/data/engineering/artemis-framework-resolution-001/requirements.txt (line 15))
  Downloading tqdm-4.67.0-py3-none-any.whl.metadata (57 kB)
ERROR: Could not find a version that satisfies the requirement fire==0.7.0 (from versions: 0.7.1)

[notice] A new release of pip is available: 24.3.1 -> 26.2.1
[notice] To update, run: python -m pip install --upgrade pip
ERROR: No matching distribution found for fire==0.7.0
