2026-10-03 21:38:52,543   INFO  boxes_gt_in_cam2_view False
2026-10-03 21:38:52,549   INFO  Loading KITTI dataset
2026-10-03 21:38:52,781   INFO  Total samples for KITTI dataset: 3340
2026-10-03 21:38:52,784   INFO  boxes_gt_in_cam2_view False
2026-10-03 21:38:52,789   INFO  Loading KITTI dataset
2026-10-03 21:38:52,808   INFO  Total samples for KITTI dataset: 372
2026-10-03 21:38:53,010   INFO  ==> Loading parameters from checkpoint ./ckpt/second_s4_hg.iouloss.ep78.backbone-no-final-bnrelu.input-only-xyz.default-lr-policy-with-wd-decay-78ep.pth to CPU
2026-10-03 21:38:53,073   INFO  ==> Checkpoint trained from version: liga+0.1.0+7aa7b92+py60b444b
2026-10-03 21:38:53,180   INFO  Not Loaded weight dense_head.rpn3d_cls_convs.0.0.0.weight: torch.Size([64, 64, 3, 3])
2026-10-03 21:38:53,184   INFO  Not Loaded weight dense_head.rpn3d_cls_convs.0.0.1.weight: torch.Size([64])
2026-10-03 21:38:53,185   INFO  Not Loaded weight dense_head.rpn3d_cls_convs.0.0.1.bias: torch.Size([64])
2026-10-03 21:38:53,186   INFO  Not Loaded weight dense_head.rpn3d_cls_convs.0.0.1.running_mean: torch.Size([64])
2026-10-03 21:38:53,188   INFO  Not Loaded weight dense_head.rpn3d_cls_convs.0.0.1.running_var: torch.Size([64])
2026-10-03 21:38:53,190   INFO  Not Loaded weight dense_head.rpn3d_cls_convs.0.0.1.num_batches_tracked: torch.Size([])
2026-10-03 21:38:53,192   INFO  Not Loaded weight dense_head.rpn3d_cls_convs.1.0.0.weight: torch.Size([64, 64, 3, 3])
2026-10-03 21:38:53,193   INFO  Not Loaded weight dense_head.rpn3d_cls_convs.1.0.1.weight: torch.Size([64])
2026-10-03 21:38:53,195   INFO  Not Loaded weight dense_head.rpn3d_cls_convs.1.0.1.bias: torch.Size([64])
2026-10-03 21:38:53,196   INFO  Not Loaded weight dense_head.rpn3d_cls_convs.1.0.1.running_mean: torch.Size([64])
2026-10-03 21:38:53,196   INFO  Not Loaded weight dense_head.rpn3d_cls_convs.1.0.1.running_var: torch.Size([64])
2026-10-03 21:38:53,198   INFO  Not Loaded weight dense_head.rpn3d_cls_convs.1.0.1.num_batches_tracked: torch.Size([])
2026-10-03 21:38:53,199   INFO  Not Loaded weight dense_head.rpn3d_bbox_convs.0.0.0.weight: torch.Size([64, 64, 3, 3])
2026-10-03 21:38:53,200   INFO  Not Loaded weight dense_head.rpn3d_bbox_convs.0.0.1.weight: torch.Size([64])
2026-10-03 21:38:53,201   INFO  Not Loaded weight dense_head.rpn3d_bbox_convs.0.0.1.bias: torch.Size([64])
2026-10-03 21:38:53,202   INFO  Not Loaded weight dense_head.rpn3d_bbox_convs.0.0.1.running_mean: torch.Size([64])
2026-10-03 21:38:53,202   INFO  Not Loaded weight dense_head.rpn3d_bbox_convs.0.0.1.running_var: torch.Size([64])
2026-10-03 21:38:53,203   INFO  Not Loaded weight dense_head.rpn3d_bbox_convs.0.0.1.num_batches_tracked: torch.Size([])
2026-10-03 21:38:53,203   INFO  Not Loaded weight dense_head.rpn3d_bbox_convs.1.0.0.weight: torch.Size([64, 64, 3, 3])
2026-10-03 21:38:53,204   INFO  Not Loaded weight dense_head.rpn3d_bbox_convs.1.0.1.weight: torch.Size([64])
2026-10-03 21:38:53,205   INFO  Not Loaded weight dense_head.rpn3d_bbox_convs.1.0.1.bias: torch.Size([64])
2026-10-03 21:38:53,206   INFO  Not Loaded weight dense_head.rpn3d_bbox_convs.1.0.1.running_mean: torch.Size([64])
2026-10-03 21:38:53,206   INFO  Not Loaded weight dense_head.rpn3d_bbox_convs.1.0.1.running_var: torch.Size([64])
2026-10-03 21:38:53,207   INFO  Not Loaded weight dense_head.rpn3d_bbox_convs.1.0.1.num_batches_tracked: torch.Size([])
2026-10-03 21:38:53,207   INFO  Not Loaded weight dense_head.conv_cls.weight: torch.Size([18, 64, 3, 3])
2026-10-03 21:38:53,208   INFO  Not Loaded weight dense_head.conv_cls.bias: torch.Size([18])
2026-10-03 21:38:53,208   INFO  Not Loaded weight dense_head.conv_box.weight: torch.Size([42, 64, 3, 3])
2026-10-03 21:38:53,209   INFO  Not Loaded weight dense_head.conv_box.bias: torch.Size([42])
2026-10-03 21:38:53,209   INFO  Not Loaded weight dense_head.conv_dir_cls.weight: torch.Size([12, 64, 1, 1])
2026-10-03 21:38:53,210   INFO  Not Loaded weight dense_head.conv_dir_cls.bias: torch.Size([12])
2026-10-03 21:38:53,210   INFO  ==> Done (loaded 110/110)
