Collecting torchvision@ https://download-r2.pytorch.org/whl/cu128/torchvision-0.22.1%2Bcu128-cp312-cp312-manylinux_2_28_x86_64.whl#sha256=f64ef9bb91d71ab35d8384912a19f7419e35928685bc67544d58f45148334373 (from -r /mnt/nfs2/engdes/wc296/paper6/data/engineering/artemis-framework-resolution-002/requirements.txt (line 27))
  Using cached https://download-r2.pytorch.org/whl/cu128/torchvision-0.22.1%2Bcu128-cp312-cp312-manylinux_2_28_x86_64.whl (8.7 MB)
Collecting addict==2.4.0 (from -r /mnt/nfs2/engdes/wc296/paper6/data/engineering/artemis-framework-resolution-002/requirements.txt (line 1))
  Using cached addict-2.4.0-py3-none-any.whl.metadata (1.0 kB)
Collecting packaging==24.2 (from -r /mnt/nfs2/engdes/wc296/paper6/data/engineering/artemis-framework-resolution-002/requirements.txt (line 2))
  Using cached packaging-24.2-py3-none-any.whl.metadata (3.2 kB)
Collecting yapf==0.40.1 (from -r /mnt/nfs2/engdes/wc296/paper6/data/engineering/artemis-framework-resolution-002/requirements.txt (line 3))
  Using cached yapf-0.40.1-py3-none-any.whl.metadata (35 kB)
Collecting opencv-python-headless==4.10.0.84 (from -r /mnt/nfs2/engdes/wc296/paper6/data/engineering/artemis-framework-resolution-002/requirements.txt (line 4))
  Using cached opencv_python_headless-4.10.0.84-cp37-abi3-manylinux_2_17_x86_64.manylinux2014_x86_64.whl.metadata (20 kB)
Collecting psutil==6.1.0 (from -r /mnt/nfs2/engdes/wc296/paper6/data/engineering/artemis-framework-resolution-002/requirements.txt (line 5))
  Using cached psutil-6.1.0-cp36-abi3-manylinux_2_12_x86_64.manylinux2010_x86_64.manylinux_2_17_x86_64.manylinux2014_x86_64.whl.metadata (22 kB)
Collecting ninja==1.11.1.3 (from -r /mnt/nfs2/engdes/wc296/paper6/data/engineering/artemis-framework-resolution-002/requirements.txt (line 6))
  Using cached ninja-1.11.1.3-py3-none-manylinux_2_12_x86_64.manylinux2010_x86_64.whl.metadata (5.3 kB)
Collecting wheel==0.45.1 (from -r /mnt/nfs2/engdes/wc296/paper6/data/engineering/artemis-framework-resolution-002/requirements.txt (line 7))
  Using cached wheel-0.45.1-py3-none-any.whl.metadata (2.3 kB)
Collecting easydict==1.13 (from -r /mnt/nfs2/engdes/wc296/paper6/data/engineering/artemis-framework-resolution-002/requirements.txt (line 8))
  Using cached easydict-1.13-py3-none-any.whl.metadata (4.2 kB)
Collecting scipy==1.13.1 (from -r /mnt/nfs2/engdes/wc296/paper6/data/engineering/artemis-framework-resolution-002/requirements.txt (line 9))
  Using cached scipy-1.13.1-cp312-cp312-manylinux_2_17_x86_64.manylinux2014_x86_64.whl.metadata (60 kB)
Collecting scikit-image==0.24.0 (from -r /mnt/nfs2/engdes/wc296/paper6/data/engineering/artemis-framework-resolution-002/requirements.txt (line 10))
  Using cached scikit_image-0.24.0-cp312-cp312-manylinux_2_17_x86_64.manylinux2014_x86_64.whl.metadata (14 kB)
Collecting numba==0.59.1 (from -r /mnt/nfs2/engdes/wc296/paper6/data/engineering/artemis-framework-resolution-002/requirements.txt (line 11))
  Using cached numba-0.59.1-cp312-cp312-manylinux2014_x86_64.manylinux_2_17_x86_64.whl.metadata (2.7 kB)
Collecting llvmlite==0.42.0 (from -r /mnt/nfs2/engdes/wc296/paper6/data/engineering/artemis-framework-resolution-002/requirements.txt (line 12))
  Using cached llvmlite-0.42.0-cp312-cp312-manylinux_2_17_x86_64.manylinux2014_x86_64.whl.metadata (4.8 kB)
Collecting tensorboardX==2.6.2.2 (from -r /mnt/nfs2/engdes/wc296/paper6/data/engineering/artemis-framework-resolution-002/requirements.txt (line 13))
  Using cached tensorboardX-2.6.2.2-py2.py3-none-any.whl.metadata (5.8 kB)
Collecting protobuf==5.28.3 (from -r /mnt/nfs2/engdes/wc296/paper6/data/engineering/artemis-framework-resolution-002/requirements.txt (line 14))
  Using cached protobuf-5.28.3-cp38-abi3-manylinux2014_x86_64.whl.metadata (592 bytes)
Collecting tqdm==4.67.0 (from -r /mnt/nfs2/engdes/wc296/paper6/data/engineering/artemis-framework-resolution-002/requirements.txt (line 15))
  Using cached tqdm-4.67.0-py3-none-any.whl.metadata (57 kB)
Collecting fire==0.7.1 (from -r /mnt/nfs2/engdes/wc296/paper6/data/engineering/artemis-framework-resolution-002/requirements.txt (line 16))
  Using cached fire-0.7.1-py3-none-any.whl.metadata (5.8 kB)
Collecting spconv==2.3.8 (from -r /mnt/nfs2/engdes/wc296/paper6/data/engineering/artemis-framework-resolution-002/requirements.txt (line 17))
  Downloading spconv-2.3.8-cp312-cp312-manylinux_2_17_x86_64.manylinux2014_x86_64.whl.metadata (12 kB)
Collecting cumm==0.7.11 (from -r /mnt/nfs2/engdes/wc296/paper6/data/engineering/artemis-framework-resolution-002/requirements.txt (line 18))
  Downloading cumm-0.7.11-cp312-cp312-manylinux_2_17_x86_64.manylinux2014_x86_64.whl.metadata (6.2 kB)
Collecting pccm==0.4.16 (from -r /mnt/nfs2/engdes/wc296/paper6/data/engineering/artemis-framework-resolution-002/requirements.txt (line 19))
  Using cached pccm-0.4.16-py3-none-any.whl.metadata (1.1 kB)
Collecting ccimport==0.4.4 (from -r /mnt/nfs2/engdes/wc296/paper6/data/engineering/artemis-framework-resolution-002/requirements.txt (line 20))
  Using cached ccimport-0.4.4-py3-none-any.whl.metadata (1.4 kB)
Collecting pybind11==2.13.6 (from -r /mnt/nfs2/engdes/wc296/paper6/data/engineering/artemis-framework-resolution-002/requirements.txt (line 21))
  Downloading pybind11-2.13.6-py3-none-any.whl.metadata (9.5 kB)
Collecting matplotlib==3.9.2 (from -r /mnt/nfs2/engdes/wc296/paper6/data/engineering/artemis-framework-resolution-002/requirements.txt (line 22))
  Downloading matplotlib-3.9.2-cp312-cp312-manylinux_2_17_x86_64.manylinux2014_x86_64.whl.metadata (11 kB)
Collecting pycocotools==2.0.8 (from -r /mnt/nfs2/engdes/wc296/paper6/data/engineering/artemis-framework-resolution-002/requirements.txt (line 23))
  Downloading pycocotools-2.0.8-cp312-cp312-manylinux_2_17_x86_64.manylinux2014_x86_64.whl.metadata (1.1 kB)
Collecting six==1.16.0 (from -r /mnt/nfs2/engdes/wc296/paper6/data/engineering/artemis-framework-resolution-002/requirements.txt (line 24))
  Downloading six-1.16.0-py2.py3-none-any.whl.metadata (1.8 kB)
Collecting terminaltables==3.1.10 (from -r /mnt/nfs2/engdes/wc296/paper6/data/engineering/artemis-framework-resolution-002/requirements.txt (line 25))
  Downloading terminaltables-3.1.10-py2.py3-none-any.whl.metadata (3.5 kB)
Collecting importlib-metadata>=6.6.0 (from yapf==0.40.1->-r /mnt/nfs2/engdes/wc296/paper6/data/engineering/artemis-framework-resolution-002/requirements.txt (line 3))
  Downloading importlib_metadata-9.0.1-py3-none-any.whl.metadata (4.5 kB)
Collecting platformdirs>=3.5.1 (from yapf==0.40.1->-r /mnt/nfs2/engdes/wc296/paper6/data/engineering/artemis-framework-resolution-002/requirements.txt (line 3))
  Downloading platformdirs-4.12.3-py3-none-any.whl.metadata (5.5 kB)
Collecting tomli>=2.0.1 (from yapf==0.40.1->-r /mnt/nfs2/engdes/wc296/paper6/data/engineering/artemis-framework-resolution-002/requirements.txt (line 3))
  Downloading tomli-2.4.1-cp312-cp312-manylinux2014_x86_64.manylinux_2_17_x86_64.manylinux_2_28_x86_64.whl.metadata (10 kB)
Requirement already satisfied: numpy>=1.21.2 in ./envs/torch-cu128-001/lib/python3.12/site-packages (from opencv-python-headless==4.10.0.84->-r /mnt/nfs2/engdes/wc296/paper6/data/engineering/artemis-framework-resolution-002/requirements.txt (line 4)) (1.26.4)
Requirement already satisfied: networkx>=2.8 in ./envs/torch-cu128-001/lib/python3.12/site-packages (from scikit-image==0.24.0->-r /mnt/nfs2/engdes/wc296/paper6/data/engineering/artemis-framework-resolution-002/requirements.txt (line 10)) (3.6.1)
Requirement already satisfied: pillow>=9.1 in ./envs/torch-cu128-001/lib/python3.12/site-packages (from scikit-image==0.24.0->-r /mnt/nfs2/engdes/wc296/paper6/data/engineering/artemis-framework-resolution-002/requirements.txt (line 10)) (10.2.0)
Collecting imageio>=2.33 (from scikit-image==0.24.0->-r /mnt/nfs2/engdes/wc296/paper6/data/engineering/artemis-framework-resolution-002/requirements.txt (line 10))
  Downloading imageio-2.38.0-py3-none-any.whl.metadata (9.7 kB)
Collecting tifffile>=2022.8.12 (from scikit-image==0.24.0->-r /mnt/nfs2/engdes/wc296/paper6/data/engineering/artemis-framework-resolution-002/requirements.txt (line 10))
  Downloading tifffile-2026.9.20-py3-none-any.whl.metadata (34 kB)
Collecting lazy-loader>=0.4 (from scikit-image==0.24.0->-r /mnt/nfs2/engdes/wc296/paper6/data/engineering/artemis-framework-resolution-002/requirements.txt (line 10))
  Downloading lazy_loader-0.6-py3-none-any.whl.metadata (6.0 kB)
Collecting termcolor (from fire==0.7.1->-r /mnt/nfs2/engdes/wc296/paper6/data/engineering/artemis-framework-resolution-002/requirements.txt (line 16))
  Using cached termcolor-3.3.0-py3-none-any.whl.metadata (6.5 kB)
Requirement already satisfied: sympy in ./envs/torch-cu128-001/lib/python3.12/site-packages (from cumm==0.7.11->-r /mnt/nfs2/engdes/wc296/paper6/data/engineering/artemis-framework-resolution-002/requirements.txt (line 18)) (1.14.0)
Collecting lark>=1.0.0 (from pccm==0.4.16->-r /mnt/nfs2/engdes/wc296/paper6/data/engineering/artemis-framework-resolution-002/requirements.txt (line 19))
  Using cached lark-1.3.1-py3-none-any.whl.metadata (1.8 kB)
Collecting portalocker>=2.3.2 (from pccm==0.4.16->-r /mnt/nfs2/engdes/wc296/paper6/data/engineering/artemis-framework-resolution-002/requirements.txt (line 19))
  Downloading portalocker-4.4.0-py3-none-any.whl.metadata (10 kB)
Collecting requests (from ccimport==0.4.4->-r /mnt/nfs2/engdes/wc296/paper6/data/engineering/artemis-framework-resolution-002/requirements.txt (line 20))
  Downloading requests-2.34.2-py3-none-any.whl.metadata (4.8 kB)
Collecting contourpy>=1.0.1 (from matplotlib==3.9.2->-r /mnt/nfs2/engdes/wc296/paper6/data/engineering/artemis-framework-resolution-002/requirements.txt (line 22))
  Downloading contourpy-1.4.0-cp312-cp312-manylinux_2_27_x86_64.manylinux_2_28_x86_64.whl.metadata (3.8 kB)
Collecting cycler>=0.10 (from matplotlib==3.9.2->-r /mnt/nfs2/engdes/wc296/paper6/data/engineering/artemis-framework-resolution-002/requirements.txt (line 22))
  Using cached cycler-0.12.1-py3-none-any.whl.metadata (3.8 kB)
Collecting fonttools>=4.22.0 (from matplotlib==3.9.2->-r /mnt/nfs2/engdes/wc296/paper6/data/engineering/artemis-framework-resolution-002/requirements.txt (line 22))
  Downloading fonttools-4.66.1-cp312-cp312-manylinux2014_x86_64.manylinux_2_17_x86_64.whl.metadata (130 kB)
Collecting kiwisolver>=1.3.1 (from matplotlib==3.9.2->-r /mnt/nfs2/engdes/wc296/paper6/data/engineering/artemis-framework-resolution-002/requirements.txt (line 22))
  Downloading kiwisolver-1.5.1-cp312-cp312-manylinux2014_x86_64.manylinux_2_17_x86_64.whl.metadata (5.2 kB)
Collecting pyparsing>=2.3.1 (from matplotlib==3.9.2->-r /mnt/nfs2/engdes/wc296/paper6/data/engineering/artemis-framework-resolution-002/requirements.txt (line 22))
  Downloading pyparsing-3.3.3-py3-none-any.whl.metadata (5.9 kB)
Collecting python-dateutil>=2.7 (from matplotlib==3.9.2->-r /mnt/nfs2/engdes/wc296/paper6/data/engineering/artemis-framework-resolution-002/requirements.txt (line 22))
  Using cached python_dateutil-2.9.0.post0-py2.py3-none-any.whl.metadata (8.4 kB)
Requirement already satisfied: torch==2.7.1 in ./envs/torch-cu128-001/lib/python3.12/site-packages (from torchvision@ https://download-r2.pytorch.org/whl/cu128/torchvision-0.22.1%2Bcu128-cp312-cp312-manylinux_2_28_x86_64.whl#sha256=f64ef9bb91d71ab35d8384912a19f7419e35928685bc67544d58f45148334373->-r /mnt/nfs2/engdes/wc296/paper6/data/engineering/artemis-framework-resolution-002/requirements.txt (line 27)) (2.7.1+cu128)
Requirement already satisfied: filelock in ./envs/torch-cu128-001/lib/python3.12/site-packages (from torch==2.7.1->torchvision@ https://download-r2.pytorch.org/whl/cu128/torchvision-0.22.1%2Bcu128-cp312-cp312-manylinux_2_28_x86_64.whl#sha256=f64ef9bb91d71ab35d8384912a19f7419e35928685bc67544d58f45148334373->-r /mnt/nfs2/engdes/wc296/paper6/data/engineering/artemis-framework-resolution-002/requirements.txt (line 27)) (3.32.3)
Requirement already satisfied: typing-extensions>=4.10.0 in ./envs/torch-cu128-001/lib/python3.12/site-packages (from torch==2.7.1->torchvision@ https://download-r2.pytorch.org/whl/cu128/torchvision-0.22.1%2Bcu128-cp312-cp312-manylinux_2_28_x86_64.whl#sha256=f64ef9bb91d71ab35d8384912a19f7419e35928685bc67544d58f45148334373->-r /mnt/nfs2/engdes/wc296/paper6/data/engineering/artemis-framework-resolution-002/requirements.txt (line 27)) (4.16.0)
Requirement already satisfied: setuptools in ./envs/torch-cu128-001/lib/python3.12/site-packages (from torch==2.7.1->torchvision@ https://download-r2.pytorch.org/whl/cu128/torchvision-0.22.1%2Bcu128-cp312-cp312-manylinux_2_28_x86_64.whl#sha256=f64ef9bb91d71ab35d8384912a19f7419e35928685bc67544d58f45148334373->-r /mnt/nfs2/engdes/wc296/paper6/data/engineering/artemis-framework-resolution-002/requirements.txt (line 27)) (78.1.0)
Requirement already satisfied: jinja2 in ./envs/torch-cu128-001/lib/python3.12/site-packages (from torch==2.7.1->torchvision@ https://download-r2.pytorch.org/whl/cu128/torchvision-0.22.1%2Bcu128-cp312-cp312-manylinux_2_28_x86_64.whl#sha256=f64ef9bb91d71ab35d8384912a19f7419e35928685bc67544d58f45148334373->-r /mnt/nfs2/engdes/wc296/paper6/data/engineering/artemis-framework-resolution-002/requirements.txt (line 27)) (3.1.6)
Requirement already satisfied: fsspec in ./envs/torch-cu128-001/lib/python3.12/site-packages (from torch==2.7.1->torchvision@ https://download-r2.pytorch.org/whl/cu128/torchvision-0.22.1%2Bcu128-cp312-cp312-manylinux_2_28_x86_64.whl#sha256=f64ef9bb91d71ab35d8384912a19f7419e35928685bc67544d58f45148334373->-r /mnt/nfs2/engdes/wc296/paper6/data/engineering/artemis-framework-resolution-002/requirements.txt (line 27)) (2026.7.0)
Requirement already satisfied: nvidia-cuda-nvrtc-cu12==12.8.61 in ./envs/torch-cu128-001/lib/python3.12/site-packages (from torch==2.7.1->torchvision@ https://download-r2.pytorch.org/whl/cu128/torchvision-0.22.1%2Bcu128-cp312-cp312-manylinux_2_28_x86_64.whl#sha256=f64ef9bb91d71ab35d8384912a19f7419e35928685bc67544d58f45148334373->-r /mnt/nfs2/engdes/wc296/paper6/data/engineering/artemis-framework-resolution-002/requirements.txt (line 27)) (12.8.61)
Requirement already satisfied: nvidia-cuda-runtime-cu12==12.8.57 in ./envs/torch-cu128-001/lib/python3.12/site-packages (from torch==2.7.1->torchvision@ https://download-r2.pytorch.org/whl/cu128/torchvision-0.22.1%2Bcu128-cp312-cp312-manylinux_2_28_x86_64.whl#sha256=f64ef9bb91d71ab35d8384912a19f7419e35928685bc67544d58f45148334373->-r /mnt/nfs2/engdes/wc296/paper6/data/engineering/artemis-framework-resolution-002/requirements.txt (line 27)) (12.8.57)
Requirement already satisfied: nvidia-cuda-cupti-cu12==12.8.57 in ./envs/torch-cu128-001/lib/python3.12/site-packages (from torch==2.7.1->torchvision@ https://download-r2.pytorch.org/whl/cu128/torchvision-0.22.1%2Bcu128-cp312-cp312-manylinux_2_28_x86_64.whl#sha256=f64ef9bb91d71ab35d8384912a19f7419e35928685bc67544d58f45148334373->-r /mnt/nfs2/engdes/wc296/paper6/data/engineering/artemis-framework-resolution-002/requirements.txt (line 27)) (12.8.57)
Requirement already satisfied: nvidia-cudnn-cu12==9.7.1.26 in ./envs/torch-cu128-001/lib/python3.12/site-packages (from torch==2.7.1->torchvision@ https://download-r2.pytorch.org/whl/cu128/torchvision-0.22.1%2Bcu128-cp312-cp312-manylinux_2_28_x86_64.whl#sha256=f64ef9bb91d71ab35d8384912a19f7419e35928685bc67544d58f45148334373->-r /mnt/nfs2/engdes/wc296/paper6/data/engineering/artemis-framework-resolution-002/requirements.txt (line 27)) (9.7.1.26)
Requirement already satisfied: nvidia-cublas-cu12==12.8.3.14 in ./envs/torch-cu128-001/lib/python3.12/site-packages (from torch==2.7.1->torchvision@ https://download-r2.pytorch.org/whl/cu128/torchvision-0.22.1%2Bcu128-cp312-cp312-manylinux_2_28_x86_64.whl#sha256=f64ef9bb91d71ab35d8384912a19f7419e35928685bc67544d58f45148334373->-r /mnt/nfs2/engdes/wc296/paper6/data/engineering/artemis-framework-resolution-002/requirements.txt (line 27)) (12.8.3.14)
Requirement already satisfied: nvidia-cufft-cu12==11.3.3.41 in ./envs/torch-cu128-001/lib/python3.12/site-packages (from torch==2.7.1->torchvision@ https://download-r2.pytorch.org/whl/cu128/torchvision-0.22.1%2Bcu128-cp312-cp312-manylinux_2_28_x86_64.whl#sha256=f64ef9bb91d71ab35d8384912a19f7419e35928685bc67544d58f45148334373->-r /mnt/nfs2/engdes/wc296/paper6/data/engineering/artemis-framework-resolution-002/requirements.txt (line 27)) (11.3.3.41)
Requirement already satisfied: nvidia-curand-cu12==10.3.9.55 in ./envs/torch-cu128-001/lib/python3.12/site-packages (from torch==2.7.1->torchvision@ https://download-r2.pytorch.org/whl/cu128/torchvision-0.22.1%2Bcu128-cp312-cp312-manylinux_2_28_x86_64.whl#sha256=f64ef9bb91d71ab35d8384912a19f7419e35928685bc67544d58f45148334373->-r /mnt/nfs2/engdes/wc296/paper6/data/engineering/artemis-framework-resolution-002/requirements.txt (line 27)) (10.3.9.55)
Requirement already satisfied: nvidia-cusolver-cu12==11.7.2.55 in ./envs/torch-cu128-001/lib/python3.12/site-packages (from torch==2.7.1->torchvision@ https://download-r2.pytorch.org/whl/cu128/torchvision-0.22.1%2Bcu128-cp312-cp312-manylinux_2_28_x86_64.whl#sha256=f64ef9bb91d71ab35d8384912a19f7419e35928685bc67544d58f45148334373->-r /mnt/nfs2/engdes/wc296/paper6/data/engineering/artemis-framework-resolution-002/requirements.txt (line 27)) (11.7.2.55)
Requirement already satisfied: nvidia-cusparse-cu12==12.5.7.53 in ./envs/torch-cu128-001/lib/python3.12/site-packages (from torch==2.7.1->torchvision@ https://download-r2.pytorch.org/whl/cu128/torchvision-0.22.1%2Bcu128-cp312-cp312-manylinux_2_28_x86_64.whl#sha256=f64ef9bb91d71ab35d8384912a19f7419e35928685bc67544d58f45148334373->-r /mnt/nfs2/engdes/wc296/paper6/data/engineering/artemis-framework-resolution-002/requirements.txt (line 27)) (12.5.7.53)
Requirement already satisfied: nvidia-cusparselt-cu12==0.6.3 in ./envs/torch-cu128-001/lib/python3.12/site-packages (from torch==2.7.1->torchvision@ https://download-r2.pytorch.org/whl/cu128/torchvision-0.22.1%2Bcu128-cp312-cp312-manylinux_2_28_x86_64.whl#sha256=f64ef9bb91d71ab35d8384912a19f7419e35928685bc67544d58f45148334373->-r /mnt/nfs2/engdes/wc296/paper6/data/engineering/artemis-framework-resolution-002/requirements.txt (line 27)) (0.6.3)
Requirement already satisfied: nvidia-nccl-cu12==2.26.2 in ./envs/torch-cu128-001/lib/python3.12/site-packages (from torch==2.7.1->torchvision@ https://download-r2.pytorch.org/whl/cu128/torchvision-0.22.1%2Bcu128-cp312-cp312-manylinux_2_28_x86_64.whl#sha256=f64ef9bb91d71ab35d8384912a19f7419e35928685bc67544d58f45148334373->-r /mnt/nfs2/engdes/wc296/paper6/data/engineering/artemis-framework-resolution-002/requirements.txt (line 27)) (2.26.2)
Requirement already satisfied: nvidia-nvtx-cu12==12.8.55 in ./envs/torch-cu128-001/lib/python3.12/site-packages (from torch==2.7.1->torchvision@ https://download-r2.pytorch.org/whl/cu128/torchvision-0.22.1%2Bcu128-cp312-cp312-manylinux_2_28_x86_64.whl#sha256=f64ef9bb91d71ab35d8384912a19f7419e35928685bc67544d58f45148334373->-r /mnt/nfs2/engdes/wc296/paper6/data/engineering/artemis-framework-resolution-002/requirements.txt (line 27)) (12.8.55)
Requirement already satisfied: nvidia-nvjitlink-cu12==12.8.61 in ./envs/torch-cu128-001/lib/python3.12/site-packages (from torch==2.7.1->torchvision@ https://download-r2.pytorch.org/whl/cu128/torchvision-0.22.1%2Bcu128-cp312-cp312-manylinux_2_28_x86_64.whl#sha256=f64ef9bb91d71ab35d8384912a19f7419e35928685bc67544d58f45148334373->-r /mnt/nfs2/engdes/wc296/paper6/data/engineering/artemis-framework-resolution-002/requirements.txt (line 27)) (12.8.61)
Requirement already satisfied: nvidia-cufile-cu12==1.13.0.11 in ./envs/torch-cu128-001/lib/python3.12/site-packages (from torch==2.7.1->torchvision@ https://download-r2.pytorch.org/whl/cu128/torchvision-0.22.1%2Bcu128-cp312-cp312-manylinux_2_28_x86_64.whl#sha256=f64ef9bb91d71ab35d8384912a19f7419e35928685bc67544d58f45148334373->-r /mnt/nfs2/engdes/wc296/paper6/data/engineering/artemis-framework-resolution-002/requirements.txt (line 27)) (1.13.0.11)
Requirement already satisfied: triton==3.3.1 in ./envs/torch-cu128-001/lib/python3.12/site-packages (from torch==2.7.1->torchvision@ https://download-r2.pytorch.org/whl/cu128/torchvision-0.22.1%2Bcu128-cp312-cp312-manylinux_2_28_x86_64.whl#sha256=f64ef9bb91d71ab35d8384912a19f7419e35928685bc67544d58f45148334373->-r /mnt/nfs2/engdes/wc296/paper6/data/engineering/artemis-framework-resolution-002/requirements.txt (line 27)) (3.3.1)
INFO: pip is looking at multiple versions of contourpy to determine which version is compatible with other requirements. This could take a while.
Collecting contourpy>=1.0.1 (from matplotlib==3.9.2->-r /mnt/nfs2/engdes/wc296/paper6/data/engineering/artemis-framework-resolution-002/requirements.txt (line 22))
  Using cached contourpy-1.3.3-cp312-cp312-manylinux_2_27_x86_64.manylinux_2_28_x86_64.whl.metadata (5.5 kB)
Collecting zipp>=3.20 (from importlib-metadata>=6.6.0->yapf==0.40.1->-r /mnt/nfs2/engdes/wc296/paper6/data/engineering/artemis-framework-resolution-002/requirements.txt (line 3))
  Downloading zipp-4.1.1-py3-none-any.whl.metadata (3.6 kB)
Requirement already satisfied: mpmath<1.4,>=1.1.0 in ./envs/torch-cu128-001/lib/python3.12/site-packages (from sympy->cumm==0.7.11->-r /mnt/nfs2/engdes/wc296/paper6/data/engineering/artemis-framework-resolution-002/requirements.txt (line 18)) (1.3.0)
INFO: pip is looking at multiple versions of tifffile to determine which version is compatible with other requirements. This could take a while.
Collecting tifffile>=2022.8.12 (from scikit-image==0.24.0->-r /mnt/nfs2/engdes/wc296/paper6/data/engineering/artemis-framework-resolution-002/requirements.txt (line 10))
  Downloading tifffile-2026.9.15-py3-none-any.whl.metadata (33 kB)
  Downloading tifffile-2026.9.9-py3-none-any.whl.metadata (33 kB)
  Downloading tifffile-2026.8.23-py3-none-any.whl.metadata (34 kB)
  Downloading tifffile-2026.8.16-py3-none-any.whl.metadata (34 kB)
  Downloading tifffile-2026.7.31-py3-none-any.whl.metadata (33 kB)
  Downloading tifffile-2026.7.14-py3-none-any.whl.metadata (33 kB)
  Downloading tifffile-2026.6.1-py3-none-any.whl.metadata (33 kB)
INFO: pip is still looking at multiple versions of tifffile to determine which version is compatible with other requirements. This could take a while.
  Downloading tifffile-2026.5.15-py3-none-any.whl.metadata (32 kB)
  Downloading tifffile-2026.5.2-py3-none-any.whl.metadata (32 kB)
  Downloading tifffile-2026.4.11-py3-none-any.whl.metadata (31 kB)
  Downloading tifffile-2026.3.3-py3-none-any.whl.metadata (31 kB)
Collecting charset_normalizer<4,>=2 (from requests->ccimport==0.4.4->-r /mnt/nfs2/engdes/wc296/paper6/data/engineering/artemis-framework-resolution-002/requirements.txt (line 20))
  Downloading charset_normalizer-3.5.2-cp312-cp312-manylinux2014_x86_64.manylinux_2_17_x86_64.manylinux_2_28_x86_64.whl.metadata (46 kB)
Collecting idna<4,>=2.5 (from requests->ccimport==0.4.4->-r /mnt/nfs2/engdes/wc296/paper6/data/engineering/artemis-framework-resolution-002/requirements.txt (line 20))
  Downloading idna-3.20-py3-none-any.whl.metadata (7.2 kB)
Collecting urllib3<3,>=1.26 (from requests->ccimport==0.4.4->-r /mnt/nfs2/engdes/wc296/paper6/data/engineering/artemis-framework-resolution-002/requirements.txt (line 20))
  Downloading urllib3-2.8.0-py3-none-any.whl.metadata (7.4 kB)
Collecting certifi>=2023.5.7 (from requests->ccimport==0.4.4->-r /mnt/nfs2/engdes/wc296/paper6/data/engineering/artemis-framework-resolution-002/requirements.txt (line 20))
  Downloading certifi-2026.7.22-py3-none-any.whl.metadata (2.5 kB)
Requirement already satisfied: MarkupSafe>=2.0 in ./envs/torch-cu128-001/lib/python3.12/site-packages (from jinja2->torch==2.7.1->torchvision@ https://download-r2.pytorch.org/whl/cu128/torchvision-0.22.1%2Bcu128-cp312-cp312-manylinux_2_28_x86_64.whl#sha256=f64ef9bb91d71ab35d8384912a19f7419e35928685bc67544d58f45148334373->-r /mnt/nfs2/engdes/wc296/paper6/data/engineering/artemis-framework-resolution-002/requirements.txt (line 27)) (3.0.3)
Using cached addict-2.4.0-py3-none-any.whl (3.8 kB)
Using cached packaging-24.2-py3-none-any.whl (65 kB)
Downloading yapf-0.40.1-py3-none-any.whl (250 kB)
Downloading opencv_python_headless-4.10.0.84-cp37-abi3-manylinux_2_17_x86_64.manylinux2014_x86_64.whl (49.9 MB)
   ━━━━━━━━━━━━━━━━━━━━━━━━━━━━━━━━━━━━━━━━ 49.9/49.9 MB 47.1 MB/s eta 0:00:00
Using cached psutil-6.1.0-cp36-abi3-manylinux_2_12_x86_64.manylinux2010_x86_64.manylinux_2_17_x86_64.manylinux2014_x86_64.whl (287 kB)
Downloading ninja-1.11.1.3-py3-none-manylinux_2_12_x86_64.manylinux2010_x86_64.whl (422 kB)
Downloading wheel-0.45.1-py3-none-any.whl (72 kB)
Using cached easydict-1.13-py3-none-any.whl (6.8 kB)
Downloading scipy-1.13.1-cp312-cp312-manylinux_2_17_x86_64.manylinux2014_x86_64.whl (38.2 MB)
   ━━━━━━━━━━━━━━━━━━━━━━━━━━━━━━━━━━━━━━━━ 38.2/38.2 MB 47.7 MB/s eta 0:00:00
Downloading scikit_image-0.24.0-cp312-cp312-manylinux_2_17_x86_64.manylinux2014_x86_64.whl (15.0 MB)
   ━━━━━━━━━━━━━━━━━━━━━━━━━━━━━━━━━━━━━━━━ 15.0/15.0 MB 58.6 MB/s eta 0:00:00
Downloading numba-0.59.1-cp312-cp312-manylinux2014_x86_64.manylinux_2_17_x86_64.whl (3.7 MB)
   ━━━━━━━━━━━━━━━━━━━━━━━━━━━━━━━━━━━━━━━━ 3.7/3.7 MB 13.7 MB/s eta 0:00:00
Downloading llvmlite-0.42.0-cp312-cp312-manylinux_2_17_x86_64.manylinux2014_x86_64.whl (43.8 MB)
   ━━━━━━━━━━━━━━━━━━━━━━━━━━━━━━━━━━━━━━━━ 43.8/43.8 MB 53.4 MB/s eta 0:00:00
Downloading tensorboardX-2.6.2.2-py2.py3-none-any.whl (101 kB)
Downloading protobuf-5.28.3-cp38-abi3-manylinux2014_x86_64.whl (316 kB)
Downloading tqdm-4.67.0-py3-none-any.whl (78 kB)
Using cached fire-0.7.1-py3-none-any.whl (115 kB)
Downloading spconv-2.3.8-cp312-cp312-manylinux_2_17_x86_64.manylinux2014_x86_64.whl (1.5 MB)
   ━━━━━━━━━━━━━━━━━━━━━━━━━━━━━━━━━━━━━━━━ 1.5/1.5 MB 40.5 MB/s eta 0:00:00
Downloading cumm-0.7.11-cp312-cp312-manylinux_2_17_x86_64.manylinux2014_x86_64.whl (2.6 MB)
   ━━━━━━━━━━━━━━━━━━━━━━━━━━━━━━━━━━━━━━━━ 2.6/2.6 MB 43.2 MB/s eta 0:00:00
Using cached pccm-0.4.16-py3-none-any.whl (73 kB)
Using cached ccimport-0.4.4-py3-none-any.whl (27 kB)
Downloading pybind11-2.13.6-py3-none-any.whl (243 kB)
Downloading matplotlib-3.9.2-cp312-cp312-manylinux_2_17_x86_64.manylinux2014_x86_64.whl (8.3 MB)
   ━━━━━━━━━━━━━━━━━━━━━━━━━━━━━━━━━━━━━━━━ 8.3/8.3 MB 45.3 MB/s eta 0:00:00
Downloading pycocotools-2.0.8-cp312-cp312-manylinux_2_17_x86_64.manylinux2014_x86_64.whl (443 kB)
Downloading six-1.16.0-py2.py3-none-any.whl (11 kB)
Downloading terminaltables-3.1.10-py2.py3-none-any.whl (15 kB)
Using cached contourpy-1.3.3-cp312-cp312-manylinux_2_27_x86_64.manylinux_2_28_x86_64.whl (362 kB)
Using cached cycler-0.12.1-py3-none-any.whl (8.3 kB)
Downloading fonttools-4.66.1-cp312-cp312-manylinux2014_x86_64.manylinux_2_17_x86_64.whl (5.4 MB)
   ━━━━━━━━━━━━━━━━━━━━━━━━━━━━━━━━━━━━━━━━ 5.4/5.4 MB 49.0 MB/s eta 0:00:00
Downloading imageio-2.38.0-py3-none-any.whl (328 kB)
Downloading importlib_metadata-9.0.1-py3-none-any.whl (27 kB)
Downloading kiwisolver-1.5.1-cp312-cp312-manylinux2014_x86_64.manylinux_2_17_x86_64.whl (1.5 MB)
   ━━━━━━━━━━━━━━━━━━━━━━━━━━━━━━━━━━━━━━━━ 1.5/1.5 MB 32.7 MB/s eta 0:00:00
Using cached lark-1.3.1-py3-none-any.whl (113 kB)
Downloading lazy_loader-0.6-py3-none-any.whl (8.8 kB)
Downloading platformdirs-4.12.3-py3-none-any.whl (32 kB)
Downloading portalocker-4.4.0-py3-none-any.whl (129 kB)
Downloading pyparsing-3.3.3-py3-none-any.whl (126 kB)
Using cached python_dateutil-2.9.0.post0-py2.py3-none-any.whl (229 kB)
Downloading tifffile-2026.3.3-py3-none-any.whl (243 kB)
Downloading tomli-2.4.1-cp312-cp312-manylinux2014_x86_64.manylinux_2_17_x86_64.manylinux_2_28_x86_64.whl (253 kB)
Downloading requests-2.34.2-py3-none-any.whl (73 kB)
Using cached termcolor-3.3.0-py3-none-any.whl (7.7 kB)
Downloading certifi-2026.7.22-py3-none-any.whl (136 kB)
Downloading charset_normalizer-3.5.2-cp312-cp312-manylinux2014_x86_64.manylinux_2_17_x86_64.manylinux_2_28_x86_64.whl (257 kB)
Downloading idna-3.20-py3-none-any.whl (69 kB)
Downloading urllib3-2.8.0-py3-none-any.whl (135 kB)
Downloading zipp-4.1.1-py3-none-any.whl (10 kB)
Would install ImageIO-2.38.0 addict-2.4.0 ccimport-0.4.4 certifi-2026.7.22 charset-normalizer-3.5.2 contourpy-1.3.3 cumm-0.7.11 cycler-0.12.1 easydict-1.13 fire-0.7.1 fonttools-4.66.1 idna-3.20 importlib_metadata-9.0.1 kiwisolver-1.5.1 lark-1.3.1 lazy-loader-0.6 llvmlite-0.42.0 matplotlib-3.9.2 ninja-1.11.1.3 numba-0.59.1 opencv-python-headless-4.10.0.84 packaging-24.2 pccm-0.4.16 platformdirs-4.12.3 portalocker-4.4.0 protobuf-5.28.3 psutil-6.1.0 pybind11-2.13.6 pycocotools-2.0.8 pyparsing-3.3.3 python-dateutil-2.9.0.post0 requests-2.34.2 scikit-image-0.24.0 scipy-1.13.1 six-1.16.0 spconv-2.3.8 tensorboardX-2.6.2.2 termcolor-3.3.0 terminaltables-3.1.10 tifffile-2026.3.3 tomli-2.4.1 torchvision-0.22.1+cu128 tqdm-4.67.0 urllib3-2.8.0 wheel-0.45.1 yapf-0.40.1 zipp-4.1.1

[notice] A new release of pip is available: 24.3.1 -> 26.2.1
[notice] To update, run: python -m pip install --upgrade pip
