Processing ./dependencies/artemis-framework-archives-004/addict-2.4.0-py3-none-any.whl
Processing ./dependencies/artemis-framework-archives-004/packaging-24.2-py3-none-any.whl
Processing ./dependencies/artemis-framework-archives-004/yapf-0.40.1-py3-none-any.whl
Processing ./dependencies/artemis-framework-archives-004/opencv_python_headless-4.10.0.84-cp37-abi3-manylinux_2_17_x86_64.manylinux2014_x86_64.whl
Processing ./dependencies/artemis-framework-archives-004/psutil-6.1.0-cp36-abi3-manylinux_2_12_x86_64.manylinux2010_x86_64.manylinux_2_17_x86_64.manylinux2014_x86_64.whl
Processing ./dependencies/artemis-framework-archives-004/ninja-1.11.1.3-py3-none-manylinux_2_12_x86_64.manylinux2010_x86_64.whl
Processing ./dependencies/artemis-framework-archives-004/wheel-0.45.1-py3-none-any.whl
Processing ./dependencies/artemis-framework-archives-004/easydict-1.13-py3-none-any.whl
Processing ./dependencies/artemis-framework-archives-004/scipy-1.13.1-cp312-cp312-manylinux_2_17_x86_64.manylinux2014_x86_64.whl
Processing ./dependencies/artemis-framework-archives-004/scikit_image-0.24.0-cp312-cp312-manylinux_2_17_x86_64.manylinux2014_x86_64.whl
Processing ./dependencies/artemis-framework-archives-004/numba-0.59.1-cp312-cp312-manylinux2014_x86_64.manylinux_2_17_x86_64.whl
Processing ./dependencies/artemis-framework-archives-004/llvmlite-0.42.0-cp312-cp312-manylinux_2_17_x86_64.manylinux2014_x86_64.whl
Processing ./dependencies/artemis-framework-archives-004/tensorboardX-2.6.2.2-py2.py3-none-any.whl
Processing ./dependencies/artemis-framework-archives-004/protobuf-5.28.3-cp38-abi3-manylinux2014_x86_64.whl
Processing ./dependencies/artemis-framework-archives-004/tqdm-4.67.0-py3-none-any.whl
Processing ./dependencies/artemis-framework-archives-004/fire-0.7.1-py3-none-any.whl
Processing ./dependencies/artemis-framework-archives-004/spconv-2.3.8-cp312-cp312-manylinux_2_17_x86_64.manylinux2014_x86_64.whl
Processing ./dependencies/artemis-framework-archives-004/cumm-0.7.11-cp312-cp312-manylinux_2_17_x86_64.manylinux2014_x86_64.whl
Processing ./dependencies/artemis-framework-archives-004/pccm-0.4.16-py3-none-any.whl
Processing ./dependencies/artemis-framework-archives-004/ccimport-0.4.4-py3-none-any.whl
Processing ./dependencies/artemis-framework-archives-004/pybind11-2.13.6-py3-none-any.whl
Processing ./dependencies/artemis-framework-archives-004/matplotlib-3.9.2-cp312-cp312-manylinux_2_17_x86_64.manylinux2014_x86_64.whl
Processing ./dependencies/artemis-framework-archives-004/pycocotools-2.0.8-cp312-cp312-manylinux_2_17_x86_64.manylinux2014_x86_64.whl
Processing ./dependencies/artemis-framework-archives-004/six-1.16.0-py2.py3-none-any.whl
Processing ./dependencies/artemis-framework-archives-004/terminaltables-3.1.10-py2.py3-none-any.whl
Processing ./dependencies/artemis-framework-archives-004/torchvision-0.22.1+cu128-cp312-cp312-manylinux_2_28_x86_64.whl
Processing ./dependencies/artemis-framework-archives-004/contourpy-1.3.3-cp312-cp312-manylinux_2_27_x86_64.manylinux_2_28_x86_64.whl
Processing ./dependencies/artemis-framework-archives-004/cycler-0.12.1-py3-none-any.whl
Processing ./dependencies/artemis-framework-archives-004/fonttools-4.66.1-cp312-cp312-manylinux2014_x86_64.manylinux_2_17_x86_64.whl
Processing ./dependencies/artemis-framework-archives-004/imageio-2.38.0-py3-none-any.whl
Processing ./dependencies/artemis-framework-archives-004/importlib_metadata-9.0.1-py3-none-any.whl
Processing ./dependencies/artemis-framework-archives-004/kiwisolver-1.5.1-cp312-cp312-manylinux2014_x86_64.manylinux_2_17_x86_64.whl
Processing ./dependencies/artemis-framework-archives-004/lark-1.3.1-py3-none-any.whl
Processing ./dependencies/artemis-framework-archives-004/lazy_loader-0.6-py3-none-any.whl
Processing ./dependencies/artemis-framework-archives-004/platformdirs-4.12.3-py3-none-any.whl
Processing ./dependencies/artemis-framework-archives-004/portalocker-4.4.0-py3-none-any.whl
Processing ./dependencies/artemis-framework-archives-004/pyparsing-3.3.3-py3-none-any.whl
Processing ./dependencies/artemis-framework-archives-004/python_dateutil-2.9.0.post0-py2.py3-none-any.whl
Processing ./dependencies/artemis-framework-archives-004/tifffile-2026.3.3-py3-none-any.whl
Processing ./dependencies/artemis-framework-archives-004/tomli-2.4.1-cp312-cp312-manylinux2014_x86_64.manylinux_2_17_x86_64.manylinux_2_28_x86_64.whl
Processing ./dependencies/artemis-framework-archives-004/requests-2.34.2-py3-none-any.whl
Processing ./dependencies/artemis-framework-archives-004/termcolor-3.3.0-py3-none-any.whl
Processing ./dependencies/artemis-framework-archives-004/certifi-2026.7.22-py3-none-any.whl
Processing ./dependencies/artemis-framework-archives-004/charset_normalizer-3.5.2-cp312-cp312-manylinux2014_x86_64.manylinux_2_17_x86_64.manylinux_2_28_x86_64.whl
Processing ./dependencies/artemis-framework-archives-004/idna-3.20-py3-none-any.whl
Processing ./dependencies/artemis-framework-archives-004/urllib3-2.8.0-py3-none-any.whl
Processing ./dependencies/artemis-framework-archives-004/zipp-4.1.1-py3-none-any.whl
Installing collected packages: tensorboardX, easydict, addict, zipp, yapf, wheel, urllib3, tqdm, torchvision, tomli, tifffile, terminaltables, termcolor, spconv, six, scipy, scikit-image, requests, python-dateutil, pyparsing, pycocotools, pybind11, psutil, protobuf, portalocker, platformdirs, pccm, packaging, opencv-python-headless, numba, ninja, matplotlib, llvmlite, lazy-loader, lark, kiwisolver, importlib-metadata, imageio, idna, fonttools, fire, cycler, cumm, contourpy, charset-normalizer, certifi, ccimport
Successfully installed addict-2.4.0 ccimport-0.4.4 certifi-2026.7.22 charset-normalizer-3.5.2 contourpy-1.3.3 cumm-0.7.11 cycler-0.12.1 easydict-1.13 fire-0.7.1 fonttools-4.66.1 idna-3.20 imageio-2.38.0 importlib-metadata-9.0.1 kiwisolver-1.5.1 lark-1.3.1 lazy-loader-0.6 llvmlite-0.42.0 matplotlib-3.9.2 ninja-1.11.1.3 numba-0.59.1 opencv-python-headless-4.10.0.84 packaging-24.2 pccm-0.4.16 platformdirs-4.12.3 portalocker-4.4.0 protobuf-5.28.3 psutil-6.1.0 pybind11-2.13.6 pycocotools-2.0.8 pyparsing-3.3.3 python-dateutil-2.9.0.post0 requests-2.34.2 scikit-image-0.24.0 scipy-1.13.1 six-1.16.0 spconv-2.3.8 tensorboardX-2.6.2.2 termcolor-3.3.0 terminaltables-3.1.10 tifffile-2026.3.3 tomli-2.4.1 torchvision-0.22.1+cu128 tqdm-4.67.0 urllib3-2.8.0 wheel-0.45.1 yapf-0.40.1 zipp-4.1.1
