{"packet": "00-synthetic32x64-ldpc_2_3_qam64-identity-10", "independent_audit": "passed"}
{"packet": "01-synthetic32x64-ldpc_2_3_qam64-awgn-6", "independent_audit": "passed"}
{"packet": "02-synthetic32x64-ldpc_2_3_qam64-awgn-18", "independent_audit": "passed"}
{"packet": "03-synthetic32x64-ldpc_2_3_qam64-rayleigh-6", "independent_audit": "passed"}
{"packet": "04-synthetic32x64-ldpc_2_3_qam64-rayleigh-18", "independent_audit": "passed"}
{"packet": "05-synthetic32x64-ldpc_1_2_qam256-identity-10", "independent_audit": "passed"}
{"packet": "06-synthetic32x64-ldpc_1_2_qam256-awgn-6", "independent_audit": "passed"}
{"packet": "07-synthetic32x64-ldpc_1_2_qam256-awgn-18", "independent_audit": "passed"}
{"packet": "08-synthetic32x64-ldpc_1_2_qam256-rayleigh-6", "independent_audit": "passed"}
{"packet": "09-synthetic32x64-ldpc_1_2_qam256-rayleigh-18", "independent_audit": "passed"}
{"packet": "10-training000000-ldpc_2_3_qam64-identity-10", "independent_audit": "passed"}
{"packet": "11-training000000-ldpc_2_3_qam64-awgn-6", "independent_audit": "passed"}
{"packet": "12-training000000-ldpc_2_3_qam64-awgn-18", "independent_audit": "passed"}
{"packet": "13-training000000-ldpc_2_3_qam64-rayleigh-6", "independent_audit": "passed"}
{"packet": "14-training000000-ldpc_2_3_qam64-rayleigh-18", "independent_audit": "passed"}
{"packet": "15-training000000-ldpc_1_2_qam256-identity-10", "independent_audit": "passed"}
{"packet": "16-training000000-ldpc_1_2_qam256-awgn-6", "independent_audit": "passed"}
{"packet": "17-training000000-ldpc_1_2_qam256-awgn-18", "independent_audit": "passed"}
{"packet": "18-training000000-ldpc_1_2_qam256-rayleigh-6", "independent_audit": "passed"}
{"packet": "19-training000000-ldpc_1_2_qam256-rayleigh-18", "independent_audit": "passed"}
{"state": "passed_all20_independent_actual_PHY_and_P6EC_frame_audits", "packets": 20, "received_packets": 11, "erased_packets": 9}
