Looking in indexes: https://download.pytorch.org/whl/cu128
Collecting torch==2.7.1
  Downloading https://download-r2.pytorch.org/whl/cu128/torch-2.7.1%2Bcu128-cp312-cp312-manylinux_2_28_x86_64.whl.metadata (29 kB)
Collecting filelock (from torch==2.7.1)
  Downloading filelock-3.32.3-py3-none-any.whl.metadata (2.0 kB)
Collecting typing-extensions>=4.10.0 (from torch==2.7.1)
  Downloading typing_extensions-4.16.0-py3-none-any.whl.metadata (3.3 kB)
Collecting setuptools (from torch==2.7.1)
  Downloading https://download.pytorch.org/whl/setuptools-78.1.0-py3-none-any.whl.metadata (6.6 kB)
Collecting sympy>=1.13.3 (from torch==2.7.1)
  Downloading sympy-1.14.0-py3-none-any.whl.metadata (12 kB)
Collecting networkx (from torch==2.7.1)
  Downloading networkx-3.6.1-py3-none-any.whl.metadata (6.8 kB)
Collecting jinja2 (from torch==2.7.1)
  Downloading https://download.pytorch.org/whl/jinja2-3.1.6-py3-none-any.whl.metadata (2.9 kB)
Collecting fsspec (from torch==2.7.1)
  Downloading fsspec-2026.7.0-py3-none-any.whl.metadata (10 kB)
Collecting nvidia-cuda-nvrtc-cu12==12.8.61 (from torch==2.7.1)
  Downloading https://pypi.nvidia.com/nvidia-cuda-nvrtc-cu12/nvidia_cuda_nvrtc_cu12-12.8.61-py3-none-manylinux2010_x86_64.manylinux_2_12_x86_64.whl (88.0 MB)
     ━━━━━━━━━━━━━━━━━━━━━━━━━━━━━━━━━━━━━━━━ 88.0/88.0 MB 79.9 MB/s eta 0:00:00
Collecting nvidia-cuda-runtime-cu12==12.8.57 (from torch==2.7.1)
  Downloading https://pypi.nvidia.com/nvidia-cuda-runtime-cu12/nvidia_cuda_runtime_cu12-12.8.57-py3-none-manylinux2014_x86_64.manylinux_2_17_x86_64.whl (954 kB)
     ━━━━━━━━━━━━━━━━━━━━━━━━━━━━━━━━━━━━━ 954.8/954.8 kB 451.7 MB/s eta 0:00:00
Collecting nvidia-cuda-cupti-cu12==12.8.57 (from torch==2.7.1)
  Downloading https://pypi.nvidia.com/nvidia-cuda-cupti-cu12/nvidia_cuda_cupti_cu12-12.8.57-py3-none-manylinux2014_x86_64.manylinux_2_17_x86_64.whl (10.2 MB)
     ━━━━━━━━━━━━━━━━━━━━━━━━━━━━━━━━━━━━━━━ 10.2/10.2 MB 138.1 MB/s eta 0:00:00
Collecting nvidia-cudnn-cu12==9.7.1.26 (from torch==2.7.1)
  Downloading https://pypi.nvidia.com/nvidia-cudnn-cu12/nvidia_cudnn_cu12-9.7.1.26-py3-none-manylinux_2_27_x86_64.whl (726.9 MB)
     ━━━━━━━━━━━━━━━━━━━━━━━━━━━━━━━━━━━━━━ 726.9/726.9 MB 86.5 MB/s eta 0:00:00
Collecting nvidia-cublas-cu12==12.8.3.14 (from torch==2.7.1)
  Downloading https://pypi.nvidia.com/nvidia-cublas-cu12/nvidia_cublas_cu12-12.8.3.14-py3-none-manylinux_2_27_x86_64.whl (609.6 MB)
     ━━━━━━━━━━━━━━━━━━━━━━━━━━━━━━━━━━━━━ 609.6/609.6 MB 110.4 MB/s eta 0:00:00
Collecting nvidia-cufft-cu12==11.3.3.41 (from torch==2.7.1)
  Downloading https://pypi.nvidia.com/nvidia-cufft-cu12/nvidia_cufft_cu12-11.3.3.41-py3-none-manylinux2014_x86_64.manylinux_2_17_x86_64.whl (193.1 MB)
     ━━━━━━━━━━━━━━━━━━━━━━━━━━━━━━━━━━━━━━ 193.1/193.1 MB 91.4 MB/s eta 0:00:00
Collecting nvidia-curand-cu12==10.3.9.55 (from torch==2.7.1)
  Downloading https://pypi.nvidia.com/nvidia-curand-cu12/nvidia_curand_cu12-10.3.9.55-py3-none-manylinux_2_27_x86_64.whl (63.6 MB)
     ━━━━━━━━━━━━━━━━━━━━━━━━━━━━━━━━━━━━━━━ 63.6/63.6 MB 101.4 MB/s eta 0:00:00
Collecting nvidia-cusolver-cu12==11.7.2.55 (from torch==2.7.1)
  Downloading https://pypi.nvidia.com/nvidia-cusolver-cu12/nvidia_cusolver_cu12-11.7.2.55-py3-none-manylinux_2_27_x86_64.whl (260.4 MB)
     ━━━━━━━━━━━━━━━━━━━━━━━━━━━━━━━━━━━━━━ 260.4/260.4 MB 82.5 MB/s eta 0:00:00
Collecting nvidia-cusparse-cu12==12.5.7.53 (from torch==2.7.1)
  Downloading https://pypi.nvidia.com/nvidia-cusparse-cu12/nvidia_cusparse_cu12-12.5.7.53-py3-none-manylinux2014_x86_64.manylinux_2_17_x86_64.whl (292.1 MB)
     ━━━━━━━━━━━━━━━━━━━━━━━━━━━━━━━━━━━━━ 292.1/292.1 MB 102.0 MB/s eta 0:00:00
Collecting nvidia-cusparselt-cu12==0.6.3 (from torch==2.7.1)
  Downloading https://pypi.nvidia.com/nvidia-cusparselt-cu12/nvidia_cusparselt_cu12-0.6.3-py3-none-manylinux2014_x86_64.whl (156.8 MB)
     ━━━━━━━━━━━━━━━━━━━━━━━━━━━━━━━━━━━━━━ 156.8/156.8 MB 85.7 MB/s eta 0:00:00
Collecting nvidia-nccl-cu12==2.26.2 (from torch==2.7.1)
  Downloading https://pypi.nvidia.com/nvidia-nccl-cu12/nvidia_nccl_cu12-2.26.2-py3-none-manylinux2014_x86_64.manylinux_2_17_x86_64.whl (201.3 MB)
     ━━━━━━━━━━━━━━━━━━━━━━━━━━━━━━━━━━━━━ 201.3/201.3 MB 107.0 MB/s eta 0:00:00
Collecting nvidia-nvtx-cu12==12.8.55 (from torch==2.7.1)
  Downloading https://pypi.nvidia.com/nvidia-nvtx-cu12/nvidia_nvtx_cu12-12.8.55-py3-none-manylinux2014_x86_64.manylinux_2_17_x86_64.whl (89 kB)
Collecting nvidia-nvjitlink-cu12==12.8.61 (from torch==2.7.1)
  Downloading https://pypi.nvidia.com/nvidia-nvjitlink-cu12/nvidia_nvjitlink_cu12-12.8.61-py3-none-manylinux2010_x86_64.manylinux_2_12_x86_64.whl (39.2 MB)
     ━━━━━━━━━━━━━━━━━━━━━━━━━━━━━━━━━━━━━━━━ 39.2/39.2 MB 86.6 MB/s eta 0:00:00
Collecting nvidia-cufile-cu12==1.13.0.11 (from torch==2.7.1)
  Downloading https://pypi.nvidia.com/nvidia-cufile-cu12/nvidia_cufile_cu12-1.13.0.11-py3-none-manylinux2014_x86_64.manylinux_2_17_x86_64.whl (1.2 MB)
     ━━━━━━━━━━━━━━━━━━━━━━━━━━━━━━━━━━━━━━━━ 1.2/1.2 MB 195.6 MB/s eta 0:00:00
Collecting triton==3.3.1 (from torch==2.7.1)
  Downloading https://download-r2.pytorch.org/whl/triton-3.3.1-cp312-cp312-manylinux_2_27_x86_64.manylinux_2_28_x86_64.whl.metadata (1.5 kB)
Collecting mpmath<1.4,>=1.1.0 (from sympy>=1.13.3->torch==2.7.1)
  Downloading mpmath-1.3.0-py3-none-any.whl.metadata (8.6 kB)
Collecting MarkupSafe>=2.0 (from jinja2->torch==2.7.1)
  Downloading https://download.pytorch.org/whl/markupsafe-3.0.3-cp312-cp312-manylinux2014_x86_64.manylinux_2_17_x86_64.manylinux_2_28_x86_64.whl.metadata (2.7 kB)
Downloading https://download-r2.pytorch.org/whl/cu128/torch-2.7.1%2Bcu128-cp312-cp312-manylinux_2_28_x86_64.whl (1039.2 MB)
   ━━━━━━━━━━━━━━━━━━━━━━━━━━━━━━━━━━━━━━━━ 1.0/1.0 GB 223.0 MB/s eta 0:00:00
Downloading https://download-r2.pytorch.org/whl/triton-3.3.1-cp312-cp312-manylinux_2_27_x86_64.manylinux_2_28_x86_64.whl (155.7 MB)
   ━━━━━━━━━━━━━━━━━━━━━━━━━━━━━━━━━━━━━━━ 155.7/155.7 MB 262.3 MB/s eta 0:00:00
Downloading https://download.pytorch.org/whl/setuptools-78.1.0-py3-none-any.whl (1.3 MB)
   ━━━━━━━━━━━━━━━━━━━━━━━━━━━━━━━━━━━━━━━━ 1.3/1.3 MB 78.8 MB/s eta 0:00:00
Downloading sympy-1.14.0-py3-none-any.whl (6.3 MB)
   ━━━━━━━━━━━━━━━━━━━━━━━━━━━━━━━━━━━━━━━━ 6.3/6.3 MB 141.6 MB/s eta 0:00:00
Downloading typing_extensions-4.16.0-py3-none-any.whl (45 kB)
Downloading filelock-3.32.3-py3-none-any.whl (98 kB)
Downloading fsspec-2026.7.0-py3-none-any.whl (206 kB)
Downloading https://download.pytorch.org/whl/jinja2-3.1.6-py3-none-any.whl (134 kB)
Downloading networkx-3.6.1-py3-none-any.whl (2.1 MB)
   ━━━━━━━━━━━━━━━━━━━━━━━━━━━━━━━━━━━━━━━━ 2.1/2.1 MB 146.2 MB/s eta 0:00:00
Downloading https://download.pytorch.org/whl/markupsafe-3.0.3-cp312-cp312-manylinux2014_x86_64.manylinux_2_17_x86_64.manylinux_2_28_x86_64.whl (22 kB)
Downloading mpmath-1.3.0-py3-none-any.whl (536 kB)
   ━━━━━━━━━━━━━━━━━━━━━━━━━━━━━━━━━━━━━━━ 536.2/536.2 kB 471.7 MB/s eta 0:00:00
Installing collected packages: nvidia-cusparselt-cu12, mpmath, typing-extensions, sympy, setuptools, nvidia-nvtx-cu12, nvidia-nvjitlink-cu12, nvidia-nccl-cu12, nvidia-curand-cu12, nvidia-cufile-cu12, nvidia-cuda-runtime-cu12, nvidia-cuda-nvrtc-cu12, nvidia-cuda-cupti-cu12, nvidia-cublas-cu12, networkx, MarkupSafe, fsspec, filelock, triton, nvidia-cusparse-cu12, nvidia-cufft-cu12, nvidia-cudnn-cu12, jinja2, nvidia-cusolver-cu12, torch
Successfully installed MarkupSafe-3.0.3 filelock-3.32.3 fsspec-2026.7.0 jinja2-3.1.6 mpmath-1.3.0 networkx-3.6.1 nvidia-cublas-cu12-12.8.3.14 nvidia-cuda-cupti-cu12-12.8.57 nvidia-cuda-nvrtc-cu12-12.8.61 nvidia-cuda-runtime-cu12-12.8.57 nvidia-cudnn-cu12-9.7.1.26 nvidia-cufft-cu12-11.3.3.41 nvidia-cufile-cu12-1.13.0.11 nvidia-curand-cu12-10.3.9.55 nvidia-cusolver-cu12-11.7.2.55 nvidia-cusparse-cu12-12.5.7.53 nvidia-cusparselt-cu12-0.6.3 nvidia-nccl-cu12-2.26.2 nvidia-nvjitlink-cu12-12.8.61 nvidia-nvtx-cu12-12.8.55 setuptools-78.1.0 sympy-1.14.0 torch-2.7.1+cu128 triton-3.3.1 typing-extensions-4.16.0
Collecting numpy==1.26.4
  Downloading numpy-1.26.4-cp312-cp312-manylinux_2_17_x86_64.manylinux2014_x86_64.whl.metadata (61 kB)
Collecting Pillow==10.2.0
  Downloading pillow-10.2.0-cp312-cp312-manylinux_2_28_x86_64.whl.metadata (9.7 kB)
Collecting PyYAML==6.0.2
  Downloading PyYAML-6.0.2-cp312-cp312-manylinux_2_17_x86_64.manylinux2014_x86_64.whl.metadata (2.1 kB)
Downloading numpy-1.26.4-cp312-cp312-manylinux_2_17_x86_64.manylinux2014_x86_64.whl (18.0 MB)
   ━━━━━━━━━━━━━━━━━━━━━━━━━━━━━━━━━━━━━━━━ 18.0/18.0 MB 159.0 MB/s eta 0:00:00
Downloading pillow-10.2.0-cp312-cp312-manylinux_2_28_x86_64.whl (4.5 MB)
   ━━━━━━━━━━━━━━━━━━━━━━━━━━━━━━━━━━━━━━━━ 4.5/4.5 MB 188.9 MB/s eta 0:00:00
Downloading PyYAML-6.0.2-cp312-cp312-manylinux_2_17_x86_64.manylinux2014_x86_64.whl (767 kB)
   ━━━━━━━━━━━━━━━━━━━━━━━━━━━━━━━━━━━━━━━ 767.5/767.5 kB 266.7 MB/s eta 0:00:00
Installing collected packages: PyYAML, Pillow, numpy
Successfully installed Pillow-10.2.0 PyYAML-6.0.2 numpy-1.26.4
No broken requirements found.
{
  "state": "installed_CPU_imports_and_pip_check_passed_GPU_not_tested",
  "job_id": "11423897",
  "started_at_unix": 1791110356.8593075,
  "environment": "/mnt/nfs2/engdes/wc296/paper6/envs/torch-cu128-001",
  "protocol_sha256": "2f912d99245e8f3e6347844b62cf3618f834b265d658d4bc3209c2cfb08774dd",
  "script_sha256": "fc20d2b3a657d6051829b663a0e2ecc2d9001c3c40be499c6c6df581b7496867",
  "freeze_sha256": "dc7729b6740c9ee74e7b643efb5c3fc130f76d58b49786f6efe1f8f56a029355",
  "wheel_hashes": [
    {
      "name": "torch",
      "version": "2.7.1+cu128",
      "hashes": {
        "sha256": "0b64f7d0a6f2a739ed052ba959f7b67c677028c9566ce51997f9f90fe573ddaa"
      }
    },
    {
      "name": "nvidia-cublas-cu12",
      "version": "12.8.3.14",
      "hashes": {
        "sha256": "3f0e05e7293598cf61933258b73e66a160c27d59c4422670bf0b79348c04be44"
      }
    },
    {
      "name": "nvidia-cuda-cupti-cu12",
      "version": "12.8.57",
      "hashes": {
        "sha256": "8e0b2eb847de260739bee4a3f66fac31378f4ff49538ff527a38a01a9a39f950"
      }
    },
    {
      "name": "nvidia-cuda-nvrtc-cu12",
      "version": "12.8.61",
      "hashes": {
        "sha256": "a0fa9c2a21583105550ebd871bd76e2037205d56f33f128e69f6d2a55e0af9ed"
      }
    },
    {
      "name": "nvidia-cuda-runtime-cu12",
      "version": "12.8.57",
      "hashes": {
        "sha256": "75342e28567340b7428ce79a5d6bb6ca5ff9d07b69e7ce00d2c7b4dc23eff0be"
      }
    },
    {
      "name": "nvidia-cudnn-cu12",
      "version": "9.7.1.26",
      "hashes": {
        "sha256": "6d011159a158f3cfc47bf851aea79e31bcff60d530b70ef70474c84cac484d07"
      }
    },
    {
      "name": "nvidia-cufft-cu12",
      "version": "11.3.3.41",
      "hashes": {
        "sha256": "da650080ab79fcdf7a4b06aa1b460e99860646b176a43f6208099bdc17836b6a"
      }
    },
    {
      "name": "nvidia-cufile-cu12",
      "version": "1.13.0.11",
      "hashes": {
        "sha256": "483f434c541806936b98366f6d33caef5440572de8ddf38d453213729da3e7d4"
      }
    },
    {
      "name": "nvidia-curand-cu12",
      "version": "10.3.9.55",
      "hashes": {
        "sha256": "8387d974240c91f6a60b761b83d4b2f9b938b7e0b9617bae0f0dafe4f5c36b86"
      }
    },
    {
      "name": "nvidia-cusolver-cu12",
      "version": "11.7.2.55",
      "hashes": {
        "sha256": "4d1354102f1e922cee9db51920dba9e2559877cf6ff5ad03a00d853adafb191b"
      }
    },
    {
      "name": "nvidia-cusparse-cu12",
      "version": "12.5.7.53",
      "hashes": {
        "sha256": "3c1b61eb8c85257ea07e9354606b26397612627fdcd327bfd91ccf6155e7c86d"
      }
    },
    {
      "name": "nvidia-cusparselt-cu12",
      "version": "0.6.3",
      "hashes": {
        "sha256": "e5c8a26c36445dd2e6812f1177978a24e2d37cacce7e090f297a688d1ec44f46"
      }
    },
    {
      "name": "nvidia-nccl-cu12",
      "version": "2.26.2",
      "hashes": {
        "sha256": "694cf3879a206553cc9d7dbda76b13efaf610fdb70a50cba303de1b0d1530ac6"
      }
    },
    {
      "name": "nvidia-nvjitlink-cu12",
      "version": "12.8.61",
      "hashes": {
        "sha256": "45fd79f2ae20bd67e8bc411055939049873bfd8fac70ff13bd4865e0b9bdab17"
      }
    },
    {
      "name": "nvidia-nvtx-cu12",
      "version": "12.8.55",
      "hashes": {
        "sha256": "2dd0780f1a55c21d8e06a743de5bd95653de630decfff40621dbde78cc307102"
      }
    },
    {
      "name": "triton",
      "version": "3.3.1",
      "hashes": {
        "sha256": "9999e83aba21e1a78c1f36f21bce621b77bcaa530277a50484a7cb4a822f6e43"
      }
    },
    {
      "name": "setuptools",
      "version": "78.1.0",
      "hashes": {
        "sha256": "3e386e96793c8702ae83d17b853fb93d3e09ef82ec62722e61da5cd22376dcd8"
      }
    },
    {
      "name": "sympy",
      "version": "1.14.0",
      "hashes": {
        "sha256": "e091cc3e99d2141a0ba2847328f5479b05d94a6635cb96148ccb3f34671bd8f5"
      }
    },
    {
      "name": "typing_extensions",
      "version": "4.16.0",
      "hashes": {
        "sha256": "481caa481374e813c1b176ada14e97f1f67a4539ce9cfeb3f350d78d6370c2e8"
      }
    },
    {
      "name": "filelock",
      "version": "3.32.3",
      "hashes": {
        "sha256": "7f0ca4bcc0e181c60dbbd8aa9ab5b120ebb99e4e064e83636340056f833a1f09"
      }
    },
    {
      "name": "fsspec",
      "version": "2026.7.0",
      "hashes": {
        "sha256": "b57ddbafedfaef7018c1ecab32aa200a9d7ca26b77965f64e48b70061249d279"
      }
    },
    {
      "name": "Jinja2",
      "version": "3.1.6",
      "hashes": {
        "sha256": "85ece4451f492d0c13c5dd7c13a64681a86afae63a5f347908daf103ce6d2f67"
      }
    },
    {
      "name": "networkx",
      "version": "3.6.1",
      "hashes": {
        "sha256": "d47fbf302e7d9cbbb9e2555a0d267983d2aa476bac30e90dfbe5669bd57f3762"
      }
    },
    {
      "name": "MarkupSafe",
      "version": "3.0.3",
      "hashes": {
        "sha256": "d6dd0be5b5b189d31db7cda48b91d7e0a9795f31430b7f271219ab30f1d3ac9d"
      }
    },
    {
      "name": "mpmath",
      "version": "1.3.0",
      "hashes": {
        "sha256": "a0b2b9fe80bbcd81a6647ff13108738cfb482d481d826cc0e02f5b35e5c88d2c"
      }
    },
    {
      "name": "numpy",
      "version": "1.26.4",
      "hashes": {
        "sha256": "675d61ffbfa78604709862923189bad94014bef562cc35cf61d3a07bba02a7ed"
      }
    },
    {
      "name": "pillow",
      "version": "10.2.0",
      "hashes": {
        "sha256": "127cee571038f252a552760076407f9cff79761c3d436a12af6000cd182a9d04"
      }
    },
    {
      "name": "PyYAML",
      "version": "6.0.2",
      "hashes": {
        "sha256": "80bab7bfc629882493af4aa31a4cfa43a4c57c83813253626916b8c7ada83476"
      }
    }
  ],
  "CPU_imports": {
    "torch": "2.7.1+cu128",
    "CUDA": "12.8",
    "numpy": "1.26.4",
    "Pillow": "10.2.0",
    "PyYAML": "6.0.2"
  },
  "finished_at_unix": 1791110611.714598
}
