{"packet": "00-synthetic32x64-ldpc_2_3_qam64-identity-10", "state": "neural_and_crop_finished_independent_audit_pending"}
{"packet": "01-synthetic32x64-ldpc_2_3_qam64-awgn-6", "state": "erased_preserved_no_neural_or_crop"}
{"packet": "02-synthetic32x64-ldpc_2_3_qam64-awgn-18", "state": "neural_and_crop_finished_independent_audit_pending"}
{"packet": "03-synthetic32x64-ldpc_2_3_qam64-rayleigh-6", "state": "erased_preserved_no_neural_or_crop"}
{"packet": "04-synthetic32x64-ldpc_2_3_qam64-rayleigh-18", "state": "neural_and_crop_finished_independent_audit_pending"}
{"packet": "05-synthetic32x64-ldpc_1_2_qam256-identity-10", "state": "neural_and_crop_finished_independent_audit_pending"}
{"packet": "06-synthetic32x64-ldpc_1_2_qam256-awgn-6", "state": "erased_preserved_no_neural_or_crop"}
{"packet": "07-synthetic32x64-ldpc_1_2_qam256-awgn-18", "state": "neural_and_crop_finished_independent_audit_pending"}
{"packet": "08-synthetic32x64-ldpc_1_2_qam256-rayleigh-6", "state": "erased_preserved_no_neural_or_crop"}
{"packet": "09-synthetic32x64-ldpc_1_2_qam256-rayleigh-18", "state": "neural_and_crop_finished_independent_audit_pending"}
{"packet": "10-training000000-ldpc_2_3_qam64-identity-10", "state": "neural_and_crop_finished_independent_audit_pending"}
{"packet": "11-training000000-ldpc_2_3_qam64-awgn-6", "state": "erased_preserved_no_neural_or_crop"}
{"packet": "12-training000000-ldpc_2_3_qam64-awgn-18", "state": "neural_and_crop_finished_independent_audit_pending"}
{"packet": "13-training000000-ldpc_2_3_qam64-rayleigh-6", "state": "erased_preserved_no_neural_or_crop"}
{"packet": "14-training000000-ldpc_2_3_qam64-rayleigh-18", "state": "neural_and_crop_finished_independent_audit_pending"}
{"packet": "15-training000000-ldpc_1_2_qam256-identity-10", "state": "neural_and_crop_finished_independent_audit_pending"}
{"packet": "16-training000000-ldpc_1_2_qam256-awgn-6", "state": "erased_preserved_no_neural_or_crop"}
{"packet": "17-training000000-ldpc_1_2_qam256-awgn-18", "state": "neural_and_crop_finished_independent_audit_pending"}
{"packet": "18-training000000-ldpc_1_2_qam256-rayleigh-6", "state": "erased_preserved_no_neural_or_crop"}
{"packet": "19-training000000-ldpc_1_2_qam256-rayleigh-18", "state": "erased_preserved_no_neural_or_crop"}
