Traceback (most recent call last):
  File "/home/sheng/paper6/data/provenance/verify-geometry-risk-pilot-001.py", line 137, in <module>
    if __name__=='__main__':main()
  File "/home/sheng/paper6/data/provenance/verify-geometry-risk-pilot-001.py", line 63, in main
    data_root=Path(run['dataset']['root']);input_check(f,frame,data_root,summary['augmented_evidence'])
  File "/home/sheng/paper6/data/provenance/verify-geometry-risk-native-engineering-001.py", line 74, in input_check
    np.testing.assert_allclose(f['gt_boxes'],expected_boxes,rtol=2e-6,atol=2e-6)
  File "/home/sheng/anaconda3/envs/epiu-dsgn/lib/python3.10/site-packages/numpy/testing/_private/utils.py", line 1504, in assert_allclose
    assert_array_compare(compare, actual, desired, err_msg=str(err_msg),
  File "/home/sheng/anaconda3/envs/epiu-dsgn/lib/python3.10/contextlib.py", line 79, in inner
    return func(*args, **kwds)
  File "/home/sheng/anaconda3/envs/epiu-dsgn/lib/python3.10/site-packages/numpy/testing/_private/utils.py", line 713, in assert_array_compare
    raise AssertionError(msg)
AssertionError: 
Not equal to tolerance rtol=2e-06, atol=2e-06

(shapes (1, 1, 8), (1, 2, 8) mismatch)
 x: array([[[58.84    , -5.35    , -1.82    ,  3.51    ,  1.36    ,
          1.48    ,  0.179204,  1.      ]]], dtype=float32)
 y: array([[[58.84    , -5.35    , -1.82    ,  3.51    ,  1.36    ,
          1.48    ,  0.179204,  1.      ],
        [65.02    , 13.02    , -1.66    ,  5.78    ,  2.2     ,
          2.5     , -3.070796,  1.      ]]], dtype=float32)
