/home/sheng/paper6/third_party/Stereo-RCNN/lib/model/dense_align/box_3d.py:39: UserWarning: Using torch.cross without specifying the dim arg is deprecated.
Please either pass the dim explicitly or simply use torch.linalg.cross.
The default value of dim will change to agree with that of linalg.cross in a future release. (Triggered internally at ../aten/src/ATen/native/Cross.cpp:62.)
  normal = torch.cross(arrow1, arrow2)
{"condition": "jpeg-cr10", "detector": "stereo_rcnn", "frames": 20}
{"condition": "jpeg-cr10", "detector": "stereo_rcnn", "frames": 40}
{"condition": "jpeg-cr10", "detector": "stereo_rcnn", "frames": 60}
{"condition": "jpeg-cr10", "detector": "stereo_rcnn", "frames": 80}
{"condition": "jpeg-cr10", "detector": "stereo_rcnn", "frames": 100}
{"condition": "jpeg-cr10", "detector": "stereo_rcnn", "frames": 120}
{"condition": "jpeg-cr10", "detector": "stereo_rcnn", "frames": 140}
{"condition": "jpeg-cr10", "detector": "stereo_rcnn", "frames": 160}
{"condition": "jpeg-cr10", "detector": "stereo_rcnn", "frames": 180}
{"condition": "jpeg-cr10", "detector": "stereo_rcnn", "frames": 200}
{"condition": "jpeg-cr10", "detector": "stereo_rcnn", "frames": 220}
{"condition": "jpeg-cr10", "detector": "stereo_rcnn", "frames": 240}
{"condition": "jpeg-cr10", "detector": "stereo_rcnn", "frames": 260}
{"condition": "jpeg-cr10", "detector": "stereo_rcnn", "frames": 280}
{"condition": "jpeg-cr10", "detector": "stereo_rcnn", "frames": 300}
{"condition": "jpeg-cr10", "detector": "stereo_rcnn", "frames": 320}
{"condition": "jpeg-cr10", "detector": "stereo_rcnn", "frames": 340}
{"condition": "jpeg-cr10", "detector": "stereo_rcnn", "frames": 360}
{"condition": "jpeg-cr10", "detector": "stereo_rcnn", "frames": 380}
{"condition": "jpeg-cr10", "detector": "stereo_rcnn", "frames": 400}
{"condition": "jpeg-cr10", "detector": "stereo_rcnn", "frames": 420}
{"condition": "jpeg-cr10", "detector": "stereo_rcnn", "frames": 440}
{"condition": "jpeg-cr10", "detector": "stereo_rcnn", "frames": 460}
{"condition": "jpeg-cr10", "detector": "stereo_rcnn", "frames": 480}
{"condition": "jpeg-cr10", "detector": "stereo_rcnn", "frames": 500}
{"condition": "jpeg-cr10", "detector": "stereo_rcnn", "frames": 520}
{"condition": "jpeg-cr10", "detector": "stereo_rcnn", "frames": 540}
{"condition": "jpeg-cr10", "detector": "stereo_rcnn", "frames": 560}
{"condition": "jpeg-cr10", "detector": "stereo_rcnn", "frames": 580}
{"condition": "jpeg-cr10", "detector": "stereo_rcnn", "frames": 600}
{"condition": "jpeg-cr10", "detector": "stereo_rcnn", "frames": 620}
{"condition": "jpeg-cr10", "detector": "stereo_rcnn", "frames": 640}
{"condition": "jpeg-cr10", "detector": "stereo_rcnn", "frames": 660}
{"condition": "jpeg-cr10", "detector": "stereo_rcnn", "frames": 680}
{"condition": "jpeg-cr10", "detector": "stereo_rcnn", "frames": 700}
{"condition": "jpeg-cr10", "detector": "stereo_rcnn", "frames": 720}
{"condition": "jpeg-cr10", "detector": "stereo_rcnn", "frames": 740}
{"condition": "jpeg-cr10", "detector": "stereo_rcnn", "frames": 760}
{"condition": "jpeg-cr10", "detector": "stereo_rcnn", "frames": 780}
{"condition": "jpeg-cr10", "detector": "stereo_rcnn", "frames": 800}
{"condition": "jpeg-cr10", "detector": "stereo_rcnn", "frames": 820}
{"condition": "jpeg-cr10", "detector": "stereo_rcnn", "frames": 840}
{"condition": "jpeg-cr10", "detector": "stereo_rcnn", "frames": 860}
{"condition": "jpeg-cr10", "detector": "stereo_rcnn", "frames": 880}
{"condition": "jpeg-cr10", "detector": "stereo_rcnn", "frames": 900}
{"condition": "jpeg-cr10", "detector": "stereo_rcnn", "frames": 920}
{"condition": "jpeg-cr10", "detector": "stereo_rcnn", "frames": 940}
{"condition": "jpeg-cr10", "detector": "stereo_rcnn", "frames": 960}
{"condition": "jpeg-cr10", "detector": "stereo_rcnn", "frames": 980}
{"condition": "jpeg-cr10", "detector": "stereo_rcnn", "frames": 1000}
{"condition": "jpeg-cr10", "detector": "stereo_rcnn", "frames": 1020}
{"condition": "jpeg-cr10", "detector": "stereo_rcnn", "frames": 1040}
{"condition": "jpeg-cr10", "detector": "stereo_rcnn", "frames": 1060}
{"condition": "jpeg-cr10", "detector": "stereo_rcnn", "frames": 1080}
{"condition": "jpeg-cr10", "detector": "stereo_rcnn", "frames": 1100}
{"condition": "jpeg-cr10", "detector": "stereo_rcnn", "frames": 1120}
{"condition": "jpeg-cr10", "detector": "stereo_rcnn", "frames": 1140}
{"condition": "jpeg-cr10", "detector": "stereo_rcnn", "frames": 1160}
{"condition": "jpeg-cr10", "detector": "stereo_rcnn", "frames": 1180}
{"condition": "jpeg-cr10", "detector": "stereo_rcnn", "frames": 1200}
{"condition": "jpeg-cr10", "detector": "stereo_rcnn", "frames": 1220}
{"condition": "jpeg-cr10", "detector": "stereo_rcnn", "frames": 1240}
{"condition": "jpeg-cr10", "detector": "stereo_rcnn", "frames": 1260}
{"condition": "jpeg-cr10", "detector": "stereo_rcnn", "frames": 1280}
{"condition": "jpeg-cr10", "detector": "stereo_rcnn", "frames": 1300}
{"condition": "jpeg-cr10", "detector": "stereo_rcnn", "frames": 1320}
{"condition": "jpeg-cr10", "detector": "stereo_rcnn", "frames": 1340}
{"condition": "jpeg-cr10", "detector": "stereo_rcnn", "frames": 1360}
{"condition": "jpeg-cr10", "detector": "stereo_rcnn", "frames": 1380}
{"condition": "jpeg-cr10", "detector": "stereo_rcnn", "frames": 1400}
{"condition": "jpeg-cr10", "detector": "stereo_rcnn", "frames": 1420}
{"condition": "jpeg-cr10", "detector": "stereo_rcnn", "frames": 1440}
{"condition": "jpeg-cr10", "detector": "stereo_rcnn", "frames": 1460}
{"condition": "jpeg-cr10", "detector": "stereo_rcnn", "frames": 1480}
{"condition": "jpeg-cr10", "detector": "stereo_rcnn", "frames": 1500}
{"condition": "jpeg-cr10", "detector": "stereo_rcnn", "frames": 1520}
{"condition": "jpeg-cr10", "detector": "stereo_rcnn", "frames": 1540}
{"condition": "jpeg-cr10", "detector": "stereo_rcnn", "frames": 1560}
{"condition": "jpeg-cr10", "detector": "stereo_rcnn", "frames": 1580}
{"condition": "jpeg-cr10", "detector": "stereo_rcnn", "frames": 1600}
{"condition": "jpeg-cr10", "detector": "stereo_rcnn", "frames": 1620}
{"condition": "jpeg-cr10", "detector": "stereo_rcnn", "frames": 1640}
{"condition": "jpeg-cr10", "detector": "stereo_rcnn", "frames": 1660}
{"condition": "jpeg-cr10", "detector": "stereo_rcnn", "frames": 1680}
{"condition": "jpeg-cr10", "detector": "stereo_rcnn", "frames": 1700}
{"condition": "jpeg-cr10", "detector": "stereo_rcnn", "frames": 1720}
{"condition": "jpeg-cr10", "detector": "stereo_rcnn", "frames": 1740}
{"condition": "jpeg-cr10", "detector": "stereo_rcnn", "frames": 1760}
{"condition": "jpeg-cr10", "detector": "stereo_rcnn", "frames": 1780}
{"condition": "jpeg-cr10", "detector": "stereo_rcnn", "frames": 1800}
{"condition": "jpeg-cr10", "detector": "stereo_rcnn", "frames": 1820}
{"condition": "jpeg-cr10", "detector": "stereo_rcnn", "frames": 1840}
{"condition": "jpeg-cr10", "detector": "stereo_rcnn", "frames": 1860}
{"condition": "jpeg-cr10", "detector": "stereo_rcnn", "frames": 1880}
{"condition": "jpeg-cr10", "detector": "stereo_rcnn", "frames": 1900}
{"condition": "jpeg-cr10", "detector": "stereo_rcnn", "frames": 1920}
{"condition": "jpeg-cr10", "detector": "stereo_rcnn", "frames": 1940}
{"condition": "jpeg-cr10", "detector": "stereo_rcnn", "frames": 1960}
{"condition": "jpeg-cr10", "detector": "stereo_rcnn", "frames": 1980}
{"condition": "jpeg-cr10", "detector": "stereo_rcnn", "frames": 2000}
{"condition": "jpeg-cr10", "detector": "stereo_rcnn", "frames": 2020}
{"condition": "jpeg-cr10", "detector": "stereo_rcnn", "frames": 2040}
{"condition": "jpeg-cr10", "detector": "stereo_rcnn", "frames": 2060}
{"condition": "jpeg-cr10", "detector": "stereo_rcnn", "frames": 2080}
{"condition": "jpeg-cr10", "detector": "stereo_rcnn", "frames": 2100}
{"condition": "jpeg-cr10", "detector": "stereo_rcnn", "frames": 2120}
{"condition": "jpeg-cr10", "detector": "stereo_rcnn", "frames": 2140}
{"condition": "jpeg-cr10", "detector": "stereo_rcnn", "frames": 2160}
{"condition": "jpeg-cr10", "detector": "stereo_rcnn", "frames": 2180}
{"condition": "jpeg-cr10", "detector": "stereo_rcnn", "frames": 2200}
{"condition": "jpeg-cr10", "detector": "stereo_rcnn", "frames": 2220}
{"condition": "jpeg-cr10", "detector": "stereo_rcnn", "frames": 2240}
{"condition": "jpeg-cr10", "detector": "stereo_rcnn", "frames": 2260}
{"condition": "jpeg-cr10", "detector": "stereo_rcnn", "frames": 2280}
{"condition": "jpeg-cr10", "detector": "stereo_rcnn", "frames": 2300}
{"condition": "jpeg-cr10", "detector": "stereo_rcnn", "frames": 2320}
{"condition": "jpeg-cr10", "detector": "stereo_rcnn", "frames": 2340}
{"condition": "jpeg-cr10", "detector": "stereo_rcnn", "frames": 2360}
{"condition": "jpeg-cr10", "detector": "stereo_rcnn", "frames": 2380}
{"condition": "jpeg-cr10", "detector": "stereo_rcnn", "frames": 2400}
{"condition": "jpeg-cr10", "detector": "stereo_rcnn", "frames": 2420}
{"condition": "jpeg-cr10", "detector": "stereo_rcnn", "frames": 2440}
{"condition": "jpeg-cr10", "detector": "stereo_rcnn", "frames": 2460}
{"condition": "jpeg-cr10", "detector": "stereo_rcnn", "frames": 2480}
{"condition": "jpeg-cr10", "detector": "stereo_rcnn", "frames": 2500}
{"condition": "jpeg-cr10", "detector": "stereo_rcnn", "frames": 2520}
{"condition": "jpeg-cr10", "detector": "stereo_rcnn", "frames": 2540}
{"condition": "jpeg-cr10", "detector": "stereo_rcnn", "frames": 2560}
{"condition": "jpeg-cr10", "detector": "stereo_rcnn", "frames": 2580}
{"condition": "jpeg-cr10", "detector": "stereo_rcnn", "frames": 2600}
{"condition": "jpeg-cr10", "detector": "stereo_rcnn", "frames": 2620}
{"condition": "jpeg-cr10", "detector": "stereo_rcnn", "frames": 2640}
{"condition": "jpeg-cr10", "detector": "stereo_rcnn", "frames": 2660}
{"condition": "jpeg-cr10", "detector": "stereo_rcnn", "frames": 2680}
{"condition": "jpeg-cr10", "detector": "stereo_rcnn", "frames": 2700}
{"condition": "jpeg-cr10", "detector": "stereo_rcnn", "frames": 2720}
{"condition": "jpeg-cr10", "detector": "stereo_rcnn", "frames": 2740}
{"condition": "jpeg-cr10", "detector": "stereo_rcnn", "frames": 2760}
{"condition": "jpeg-cr10", "detector": "stereo_rcnn", "frames": 2780}
{"condition": "jpeg-cr10", "detector": "stereo_rcnn", "frames": 2800}
{"condition": "jpeg-cr10", "detector": "stereo_rcnn", "frames": 2820}
{"condition": "jpeg-cr10", "detector": "stereo_rcnn", "frames": 2840}
{"condition": "jpeg-cr10", "detector": "stereo_rcnn", "frames": 2860}
{"condition": "jpeg-cr10", "detector": "stereo_rcnn", "frames": 2880}
{"condition": "jpeg-cr10", "detector": "stereo_rcnn", "frames": 2900}
{"condition": "jpeg-cr10", "detector": "stereo_rcnn", "frames": 2920}
{"condition": "jpeg-cr10", "detector": "stereo_rcnn", "frames": 2940}
{"condition": "jpeg-cr10", "detector": "stereo_rcnn", "frames": 2960}
{"condition": "jpeg-cr10", "detector": "stereo_rcnn", "frames": 2980}
{"condition": "jpeg-cr10", "detector": "stereo_rcnn", "frames": 3000}
{"condition": "jpeg-cr10", "detector": "stereo_rcnn", "frames": 3020}
{"condition": "jpeg-cr10", "detector": "stereo_rcnn", "frames": 3040}
{"condition": "jpeg-cr10", "detector": "stereo_rcnn", "frames": 3060}
{"condition": "jpeg-cr10", "detector": "stereo_rcnn", "frames": 3080}
{"condition": "jpeg-cr10", "detector": "stereo_rcnn", "frames": 3100}
{"condition": "jpeg-cr10", "detector": "stereo_rcnn", "frames": 3120}
{"condition": "jpeg-cr10", "detector": "stereo_rcnn", "frames": 3140}
{"condition": "jpeg-cr10", "detector": "stereo_rcnn", "frames": 3160}
{"condition": "jpeg-cr10", "detector": "stereo_rcnn", "frames": 3180}
{"condition": "jpeg-cr10", "detector": "stereo_rcnn", "frames": 3200}
{"condition": "jpeg-cr10", "detector": "stereo_rcnn", "frames": 3220}
{"condition": "jpeg-cr10", "detector": "stereo_rcnn", "frames": 3240}
{"condition": "jpeg-cr10", "detector": "stereo_rcnn", "frames": 3260}
{"condition": "jpeg-cr10", "detector": "stereo_rcnn", "frames": 3280}
{"condition": "jpeg-cr10", "detector": "stereo_rcnn", "frames": 3300}
{"condition": "jpeg-cr10", "detector": "stereo_rcnn", "frames": 3320}
{"condition": "jpeg-cr10", "detector": "stereo_rcnn", "frames": 3340}
{"condition": "jpeg-cr10", "detector": "stereo_rcnn", "frames": 3360}
{"condition": "jpeg-cr10", "detector": "stereo_rcnn", "frames": 3380}
{"condition": "jpeg-cr10", "detector": "stereo_rcnn", "frames": 3400}
{"condition": "jpeg-cr10", "detector": "stereo_rcnn", "frames": 3420}
{"condition": "jpeg-cr10", "detector": "stereo_rcnn", "frames": 3440}
{"condition": "jpeg-cr10", "detector": "stereo_rcnn", "frames": 3460}
{"condition": "jpeg-cr10", "detector": "stereo_rcnn", "frames": 3480}
{"condition": "jpeg-cr10", "detector": "stereo_rcnn", "frames": 3500}
{"condition": "jpeg-cr10", "detector": "stereo_rcnn", "frames": 3520}
{"condition": "jpeg-cr10", "detector": "stereo_rcnn", "frames": 3540}
{"condition": "jpeg-cr10", "detector": "stereo_rcnn", "frames": 3560}
{"condition": "jpeg-cr10", "detector": "stereo_rcnn", "frames": 3580}
{"condition": "jpeg-cr10", "detector": "stereo_rcnn", "frames": 3600}
{"condition": "jpeg-cr10", "detector": "stereo_rcnn", "frames": 3620}
{"condition": "jpeg-cr10", "detector": "stereo_rcnn", "frames": 3640}
{"condition": "jpeg-cr10", "detector": "stereo_rcnn", "frames": 3660}
{"condition": "jpeg-cr10", "detector": "stereo_rcnn", "frames": 3680}
{"condition": "jpeg-cr10", "detector": "stereo_rcnn", "frames": 3700}
{"condition": "jpeg-cr10", "detector": "stereo_rcnn", "frames": 3720}
{"condition": "jpeg-cr10", "detector": "stereo_rcnn", "frames": 3740}
{"condition": "jpeg-cr10", "detector": "stereo_rcnn", "frames": 3760}
/home/sheng/paper6/.venv/lib/python3.10/site-packages/numba/cuda/dispatcher.py:536: NumbaPerformanceWarning: [1mGrid size 8 will likely result in GPU under-utilization due to low occupancy.[0m
  warn(NumbaPerformanceWarning(msg))
/home/sheng/paper6/.venv/lib/python3.10/site-packages/numba/cuda/dispatcher.py:536: NumbaPerformanceWarning: [1mGrid size 10 will likely result in GPU under-utilization due to low occupancy.[0m
  warn(NumbaPerformanceWarning(msg))
/home/sheng/paper6/.venv/lib/python3.10/site-packages/numba/cuda/dispatcher.py:536: NumbaPerformanceWarning: [1mGrid size 15 will likely result in GPU under-utilization due to low occupancy.[0m
  warn(NumbaPerformanceWarning(msg))
/home/sheng/paper6/.venv/lib/python3.10/site-packages/numba/cuda/dispatcher.py:536: NumbaPerformanceWarning: [1mGrid size 12 will likely result in GPU under-utilization due to low occupancy.[0m
  warn(NumbaPerformanceWarning(msg))
/home/sheng/paper6/.venv/lib/python3.10/site-packages/numba/cuda/dispatcher.py:536: NumbaPerformanceWarning: [1mGrid size 32 will likely result in GPU under-utilization due to low occupancy.[0m
  warn(NumbaPerformanceWarning(msg))
/home/sheng/paper6/.venv/lib/python3.10/site-packages/numba/core/typed_passes.py:336: NumbaPerformanceWarning: [1m
The keyword argument 'parallel=True' was specified but no transformation for parallel execution was possible.

To find out why, try turning on parallel diagnostics, see https://numba.readthedocs.io/en/stable/user/parallel.html#diagnostics for help.
[1m
File "third_party/LIGA-Stereo/liga/datasets/kitti/kitti_object_eval_python/eval.py", line 121:[0m
[1m@numba.jit(nopython=True, parallel=True)
[1mdef d3_box_overlap_kernel(boxes, qboxes, rinc, criterion=-1):
[0m[1m^[0m[0m
[0m
  warnings.warn(errors.NumbaPerformanceWarning(msg,
/home/sheng/paper6/.venv/lib/python3.10/site-packages/numba/cuda/dispatcher.py:536: NumbaPerformanceWarning: [1mGrid size 10 will likely result in GPU under-utilization due to low occupancy.[0m
  warn(NumbaPerformanceWarning(msg))
/home/sheng/paper6/.venv/lib/python3.10/site-packages/numba/cuda/dispatcher.py:536: NumbaPerformanceWarning: [1mGrid size 8 will likely result in GPU under-utilization due to low occupancy.[0m
  warn(NumbaPerformanceWarning(msg))
/home/sheng/paper6/.venv/lib/python3.10/site-packages/numba/cuda/dispatcher.py:536: NumbaPerformanceWarning: [1mGrid size 15 will likely result in GPU under-utilization due to low occupancy.[0m
  warn(NumbaPerformanceWarning(msg))
/home/sheng/paper6/.venv/lib/python3.10/site-packages/numba/cuda/dispatcher.py:536: NumbaPerformanceWarning: [1mGrid size 12 will likely result in GPU under-utilization due to low occupancy.[0m
  warn(NumbaPerformanceWarning(msg))
/home/sheng/paper6/.venv/lib/python3.10/site-packages/numba/cuda/dispatcher.py:536: NumbaPerformanceWarning: [1mGrid size 32 will likely result in GPU under-utilization due to low occupancy.[0m
  warn(NumbaPerformanceWarning(msg))
{"state": "finished", "name": "source-cache-inference-main-001-jpeg-cr10-stereo_rcnn", "frames": 3769}
