/home/sheng/paper6/.venv/lib/python3.10/site-packages/numba/cuda/dispatcher.py:536: NumbaPerformanceWarning: [1mGrid size 1 will likely result in GPU under-utilization due to low occupancy.[0m
  warn(NumbaPerformanceWarning(msg))
/home/sheng/paper6/.venv/lib/python3.10/site-packages/numba/cuda/dispatcher.py:536: NumbaPerformanceWarning: [1mGrid size 63 will likely result in GPU under-utilization due to low occupancy.[0m
  warn(NumbaPerformanceWarning(msg))
/home/sheng/paper6/.venv/lib/python3.10/site-packages/numba/cuda/dispatcher.py:536: NumbaPerformanceWarning: [1mGrid size 1 will likely result in GPU under-utilization due to low occupancy.[0m
  warn(NumbaPerformanceWarning(msg))
/home/sheng/paper6/.venv/lib/python3.10/site-packages/numba/core/typed_passes.py:336: NumbaPerformanceWarning: [1m
The keyword argument 'parallel=True' was specified but no transformation for parallel execution was possible.

To find out why, try turning on parallel diagnostics, see https://numba.readthedocs.io/en/stable/user/parallel.html#diagnostics for help.
[1m
File "third_party/LIGA-Stereo/liga/datasets/kitti/kitti_object_eval_python/eval.py", line 121:[0m
[1m@numba.jit(nopython=True, parallel=True)
[1mdef d3_box_overlap_kernel(boxes, qboxes, rinc, criterion=-1):
[0m[1m^[0m[0m
[0m
  warnings.warn(errors.NumbaPerformanceWarning(msg,
/home/sheng/paper6/.venv/lib/python3.10/site-packages/numba/cuda/dispatcher.py:536: NumbaPerformanceWarning: [1mGrid size 1 will likely result in GPU under-utilization due to low occupancy.[0m
  warn(NumbaPerformanceWarning(msg))
/home/sheng/paper6/.venv/lib/python3.10/site-packages/numba/core/typed_passes.py:336: NumbaPerformanceWarning: [1m
The keyword argument 'parallel=True' was specified but no transformation for parallel execution was possible.

To find out why, try turning on parallel diagnostics, see https://numba.readthedocs.io/en/stable/user/parallel.html#diagnostics for help.
[1m
File "third_party/LIGA-Stereo/liga/datasets/kitti/kitti_object_eval_python/eval.py", line 121:[0m
[1m@numba.jit(nopython=True, parallel=True)
[1mdef d3_box_overlap_kernel(boxes, qboxes, rinc, criterion=-1):
[0m[1m^[0m[0m
[0m
  warnings.warn(errors.NumbaPerformanceWarning(msg,
/home/sheng/paper6/.venv/lib/python3.10/site-packages/numba/cuda/dispatcher.py:536: NumbaPerformanceWarning: [1mGrid size 1 will likely result in GPU under-utilization due to low occupancy.[0m
  warn(NumbaPerformanceWarning(msg))
/home/sheng/paper6/.venv/lib/python3.10/site-packages/numba/cuda/dispatcher.py:536: NumbaPerformanceWarning: [1mGrid size 63 will likely result in GPU under-utilization due to low occupancy.[0m
  warn(NumbaPerformanceWarning(msg))
{"state": "passed", "evidence_type": "training_only_holdout_artifact_and_recomputed_AP_audit", "F9_arm": "S", "F9_snr_db": 10.0, "F9_channel": "awgn", "boundary_report_sha256": "cf71804b1826595b661a89b428420809f62f42b2aaeb235db6959c938f3be980", "checkpoint_sha256": "965ac1498efa2851f1858b99f5b38809f2f8b343cad2bed55f0aecea7cb494e8", "evaluation_sources": {"sha256": "afd8d6722ea4ad911f2c0d4fbfe31f34545f86fd445701bf04c8778f85d68d67", "file_hashes": {"experiments/geometry-link/F9/evaluation/AP_audit.py": "5f5dcd2e959e2d528a4d23ae61f197a94185e464b08d49343325ca81eea8c4e0", "experiments/geometry-link/F9/evaluation/formal_cycle.py": "c17aa52f5853d60d29ac4cf088c55491358b3182789de479e2c27d4e0dae3e15", "experiments/geometry-link/F9/evaluation/diagnose.py": "4bb741645314b7fb57d8680815e47e5c4cdfcde5115798994f3a5ac6429772d0", "experiments/geometry-link/F9/evaluation/integration.py": "1a227f940345f5f4afddf66a74e2ce56bf11bb68bced1ef296f2d170e6700758", "experiments/geometry-link/F9/evaluation/receiver_reference.py": "781a04f479129e56bde54f46d8b0319fca423a8f8618c7d285434b877076f6cd", "experiments/geometry-link/F9/evaluation/integration_cycle.py": "933dc0c42209d63fb8fd50de6438cfbb191f56a640217d10b141dc522c6e5ff9", "experiments/geometry-link/F9/evaluation/integration_audit.py": "5d994510d09f68c4ba514d0537b76a0b1500e34cb415281429a168c1724743aa", "experiments/geometry-link/F9/evaluation/record_contract.py": "e558e89c42339838ee0f39c95b69b31b806f4dcb9547b698e0bb22af6c334648", "experiments/geometry-link/F9/evaluation/check_cpu.py": "ed98c655edcb6945ace9ba7393643ae11f94953fff5782d1bc60ee1b58e198c2", "experiments/geometry-link/F9/evaluation/common.py": "84fc3d2d6c8b85c2d93abc8a8c111f87f76542cd10e67eaab0b845afa7b832c1", "experiments/geometry-link/F9/evaluation/feature_audit.py": "e0d859f1c019dd42800985129280fd2b341ac5f17e1e4084cb313f1c08421a70", "experiments/geometry-link/F9/evaluation/configs/awgn18-holdout.yaml": "67341f0d15bd95f6f7844f0ad17c453f1cb0371dc864308b738946a7f4c1d3da", "experiments/geometry-link/F9/evaluation/configs/identity10-holdout.yaml": "8d8053cc19d69eceb89280182b30ccb2d60d9d1a7ff6971c2343fe3bee2c247f", "experiments/geometry-link/F9/evaluation/configs/awgn6-holdout.yaml": "96df3083d6ce8fa5d3e77cd98ee80e9fce48073e077510351613b9a86003d129", "experiments/geometry-link/F9/evaluation/configs/awgn10-holdout.yaml": "0e4e64cfedcbbf605ff4a057d745307f2e64076b3089d395de5b8f5563b00941"}, "generated_version_py_excluded": true}, "frames": 372, "predictions": 2863, "empty_frames": 3, "run_manifest_sha256": "7c7209e1b77cf6dacc06c059083fdcdfc666f01393df85d20b9960f5becf5065", "source_manifest_sha256": "3f935457abff972d441518ef44bb25f9ca3ee48dbf1a6fd9a41ede8f4665b970", "preparation_sha256": "911473b1a3dda3238e20dc3951929ce0dfff87dc5c84f4a131c35d906ff95701", "metrics_sha256": "ce5dbf21e9af582dbbd4dfb9cbdead4afa234ecc5c63cc29275b42f9692dc2a4", "result_pickle_sha256": "571c58e6e7301b607272896811e3d3185d5aedc9680579e73a665be3edc64f65", "all_file_hashes_sha256": "b13a0df0ee579decdcaff40c7bf716cc912ec6a78ffe979af1d7370b858b7004", "recomputed_metrics": {"Car_aos/easy_R40": 83.74786589903465, "Car_aos/moderate_R40": 60.049445647472496, "Car_aos/hard_R40": 53.002129411566976, "Car_3d/easy_R40": 49.95400291134363, "Car_3d/moderate_R40": 29.797786558946125, "Car_3d/hard_R40": 24.630560009689937, "Car_bev/easy_R40": 70.69738427297908, "Car_bev/moderate_R40": 44.56814373569181, "Car_bev/hard_R40": 36.929912175653534, "Car_image/easy_R40": 87.45400250348148, "Car_image/moderate_R40": 64.08782658762681, "Car_image/hard_R40": 56.91871896637127, "Pedestrian_aos/easy_R40": 30.627220965234635, "Pedestrian_aos/moderate_R40": 29.614935009090924, "Pedestrian_aos/hard_R40": 28.105972917906875, "Pedestrian_3d/easy_R40": 35.64545645987251, "Pedestrian_3d/moderate_R40": 32.70625926692051, "Pedestrian_3d/hard_R40": 29.55188367886063, "Pedestrian_bev/easy_R40": 42.37396780395329, "Pedestrian_bev/moderate_R40": 38.32612466273345, "Pedestrian_bev/hard_R40": 34.780013397029116, "Pedestrian_image/easy_R40": 56.99691410214197, "Pedestrian_image/moderate_R40": 52.9689810489392, "Pedestrian_image/hard_R40": 49.81240118038532, "Cyclist_aos/easy_R40": 12.578068790798739, "Cyclist_aos/moderate_R40": 14.245470364254173, "Cyclist_aos/hard_R40": 15.59567003916429, "Cyclist_3d/easy_R40": 3.5398621916678503, "Cyclist_3d/moderate_R40": 2.9410133885534337, "Cyclist_3d/hard_R40": 3.198746341874252, "Cyclist_bev/easy_R40": 8.739513733789686, "Cyclist_bev/moderate_R40": 8.381280847496724, "Cyclist_bev/hard_R40": 8.660680723056764, "Cyclist_image/easy_R40": 14.203595527436818, "Cyclist_image/moderate_R40": 15.944473200920244, "Cyclist_image/hard_R40": 17.253359693600398}, "tuning_fold_sha256": "35f22b0022b5968c09c9a8a7e1b9ad6c8ab23c52283673495a36ddba59406f4c", "communication": {"sha256": "0c2342310e4750c72f1de237199f73d7bffe615516165902f7cf6b9013aa857d", "frames": 372, "channel": ["awgn"], "allocation": ["F9_S"], "complex_uses": [62400], "CBR": [0.026041666666666668]}, "limitations": "fresh prediction/label/calibration hashes and raw-GT versus infos checks; image/LiDAR identity comes from verified archives; not original communication codec reproduction; original detector pretraining included this codec holdout; not main-validation scientific result"}
