/home/sheng/paper6/.venv/lib/python3.10/site-packages/numba/cuda/dispatcher.py:536: NumbaPerformanceWarning: [1mGrid size 1 will likely result in GPU under-utilization due to low occupancy.[0m
  warn(NumbaPerformanceWarning(msg))
/home/sheng/paper6/.venv/lib/python3.10/site-packages/numba/cuda/dispatcher.py:536: NumbaPerformanceWarning: [1mGrid size 63 will likely result in GPU under-utilization due to low occupancy.[0m
  warn(NumbaPerformanceWarning(msg))
/home/sheng/paper6/.venv/lib/python3.10/site-packages/numba/cuda/dispatcher.py:536: NumbaPerformanceWarning: [1mGrid size 1 will likely result in GPU under-utilization due to low occupancy.[0m
  warn(NumbaPerformanceWarning(msg))
/home/sheng/paper6/.venv/lib/python3.10/site-packages/numba/core/typed_passes.py:336: NumbaPerformanceWarning: [1m
The keyword argument 'parallel=True' was specified but no transformation for parallel execution was possible.

To find out why, try turning on parallel diagnostics, see https://numba.readthedocs.io/en/stable/user/parallel.html#diagnostics for help.
[1m
File "third_party/LIGA-Stereo/liga/datasets/kitti/kitti_object_eval_python/eval.py", line 121:[0m
[1m@numba.jit(nopython=True, parallel=True)
[1mdef d3_box_overlap_kernel(boxes, qboxes, rinc, criterion=-1):
[0m[1m^[0m[0m
[0m
  warnings.warn(errors.NumbaPerformanceWarning(msg,
/home/sheng/paper6/.venv/lib/python3.10/site-packages/numba/cuda/dispatcher.py:536: NumbaPerformanceWarning: [1mGrid size 1 will likely result in GPU under-utilization due to low occupancy.[0m
  warn(NumbaPerformanceWarning(msg))
/home/sheng/paper6/.venv/lib/python3.10/site-packages/numba/core/typed_passes.py:336: NumbaPerformanceWarning: [1m
The keyword argument 'parallel=True' was specified but no transformation for parallel execution was possible.

To find out why, try turning on parallel diagnostics, see https://numba.readthedocs.io/en/stable/user/parallel.html#diagnostics for help.
[1m
File "third_party/LIGA-Stereo/liga/datasets/kitti/kitti_object_eval_python/eval.py", line 121:[0m
[1m@numba.jit(nopython=True, parallel=True)
[1mdef d3_box_overlap_kernel(boxes, qboxes, rinc, criterion=-1):
[0m[1m^[0m[0m
[0m
  warnings.warn(errors.NumbaPerformanceWarning(msg,
/home/sheng/paper6/.venv/lib/python3.10/site-packages/numba/cuda/dispatcher.py:536: NumbaPerformanceWarning: [1mGrid size 1 will likely result in GPU under-utilization due to low occupancy.[0m
  warn(NumbaPerformanceWarning(msg))
/home/sheng/paper6/.venv/lib/python3.10/site-packages/numba/cuda/dispatcher.py:536: NumbaPerformanceWarning: [1mGrid size 63 will likely result in GPU under-utilization due to low occupancy.[0m
  warn(NumbaPerformanceWarning(msg))
{"state": "passed", "evidence_type": "training_only_holdout_artifact_and_recomputed_AP_audit", "F9_arm": "G", "F9_snr_db": 18.0, "F9_channel": "awgn", "boundary_report_sha256": "3b5f278038fa6b89d46c3b329f4ca048f177808273217b4dd6462b7daf50e75f", "checkpoint_sha256": "439f3ea3b35de993456a9eca5d61eed89b92f45db0ed4c888997a8a46a210a75", "evaluation_sources": {"sha256": "afd8d6722ea4ad911f2c0d4fbfe31f34545f86fd445701bf04c8778f85d68d67", "file_hashes": {"experiments/geometry-link/F9/evaluation/AP_audit.py": "5f5dcd2e959e2d528a4d23ae61f197a94185e464b08d49343325ca81eea8c4e0", "experiments/geometry-link/F9/evaluation/formal_cycle.py": "c17aa52f5853d60d29ac4cf088c55491358b3182789de479e2c27d4e0dae3e15", "experiments/geometry-link/F9/evaluation/diagnose.py": "4bb741645314b7fb57d8680815e47e5c4cdfcde5115798994f3a5ac6429772d0", "experiments/geometry-link/F9/evaluation/integration.py": "1a227f940345f5f4afddf66a74e2ce56bf11bb68bced1ef296f2d170e6700758", "experiments/geometry-link/F9/evaluation/receiver_reference.py": "781a04f479129e56bde54f46d8b0319fca423a8f8618c7d285434b877076f6cd", "experiments/geometry-link/F9/evaluation/integration_cycle.py": "933dc0c42209d63fb8fd50de6438cfbb191f56a640217d10b141dc522c6e5ff9", "experiments/geometry-link/F9/evaluation/integration_audit.py": "5d994510d09f68c4ba514d0537b76a0b1500e34cb415281429a168c1724743aa", "experiments/geometry-link/F9/evaluation/record_contract.py": "e558e89c42339838ee0f39c95b69b31b806f4dcb9547b698e0bb22af6c334648", "experiments/geometry-link/F9/evaluation/check_cpu.py": "ed98c655edcb6945ace9ba7393643ae11f94953fff5782d1bc60ee1b58e198c2", "experiments/geometry-link/F9/evaluation/common.py": "84fc3d2d6c8b85c2d93abc8a8c111f87f76542cd10e67eaab0b845afa7b832c1", "experiments/geometry-link/F9/evaluation/feature_audit.py": "e0d859f1c019dd42800985129280fd2b341ac5f17e1e4084cb313f1c08421a70", "experiments/geometry-link/F9/evaluation/configs/awgn18-holdout.yaml": "67341f0d15bd95f6f7844f0ad17c453f1cb0371dc864308b738946a7f4c1d3da", "experiments/geometry-link/F9/evaluation/configs/identity10-holdout.yaml": "8d8053cc19d69eceb89280182b30ccb2d60d9d1a7ff6971c2343fe3bee2c247f", "experiments/geometry-link/F9/evaluation/configs/awgn6-holdout.yaml": "96df3083d6ce8fa5d3e77cd98ee80e9fce48073e077510351613b9a86003d129", "experiments/geometry-link/F9/evaluation/configs/awgn10-holdout.yaml": "0e4e64cfedcbbf605ff4a057d745307f2e64076b3089d395de5b8f5563b00941"}, "generated_version_py_excluded": true}, "frames": 372, "predictions": 2700, "empty_frames": 1, "run_manifest_sha256": "2d469299ba732ebe9e82151bca731f641094f54b541bd2245ea5422dc3d0697a", "source_manifest_sha256": "3f935457abff972d441518ef44bb25f9ca3ee48dbf1a6fd9a41ede8f4665b970", "preparation_sha256": "911473b1a3dda3238e20dc3951929ce0dfff87dc5c84f4a131c35d906ff95701", "metrics_sha256": "30adf6f0e16e8397b6506f66c55e9d5f51799291af47297decd299b3f2631520", "result_pickle_sha256": "7f816d32e60795e3e2184e72c52b08065a3c4a5e7e3586b26533b757751d0c31", "all_file_hashes_sha256": "72babc392047944adcf146e2eb1043a6e4774db6b7dfa210f9866077b354fa20", "recomputed_metrics": {"Car_aos/easy_R40": 80.31996172651044, "Car_aos/moderate_R40": 62.91485051164889, "Car_aos/hard_R40": 54.62474783453589, "Car_3d/easy_R40": 54.582851300672985, "Car_3d/moderate_R40": 32.1878120606251, "Car_3d/hard_R40": 26.153288505368284, "Car_bev/easy_R40": 72.17086931223125, "Car_bev/moderate_R40": 46.09169751105608, "Car_bev/hard_R40": 38.97159964899194, "Car_image/easy_R40": 84.47710596201375, "Car_image/moderate_R40": 66.90394957730626, "Car_image/hard_R40": 58.12517550527756, "Pedestrian_aos/easy_R40": 32.817013908345444, "Pedestrian_aos/moderate_R40": 31.86828079033413, "Pedestrian_aos/hard_R40": 29.735510408097852, "Pedestrian_3d/easy_R40": 40.71039835855332, "Pedestrian_3d/moderate_R40": 35.83504841414577, "Pedestrian_3d/hard_R40": 32.46763679590547, "Pedestrian_bev/easy_R40": 47.23751532604297, "Pedestrian_bev/moderate_R40": 40.920527634472506, "Pedestrian_bev/hard_R40": 37.00991931249552, "Pedestrian_image/easy_R40": 59.393271130392556, "Pedestrian_image/moderate_R40": 54.1763088186698, "Pedestrian_image/hard_R40": 50.459560700277564, "Cyclist_aos/easy_R40": 14.797493142307747, "Cyclist_aos/moderate_R40": 17.112918597163258, "Cyclist_aos/hard_R40": 18.934836847199293, "Cyclist_3d/easy_R40": 5.376846371247266, "Cyclist_3d/moderate_R40": 5.947577106138563, "Cyclist_3d/hard_R40": 6.836704149694732, "Cyclist_bev/easy_R40": 11.565452817255647, "Cyclist_bev/moderate_R40": 11.004399866007006, "Cyclist_bev/hard_R40": 11.953265527786435, "Cyclist_image/easy_R40": 20.611529002382177, "Cyclist_image/moderate_R40": 22.971360445111262, "Cyclist_image/hard_R40": 24.32969042960676}, "tuning_fold_sha256": "35f22b0022b5968c09c9a8a7e1b9ad6c8ab23c52283673495a36ddba59406f4c", "communication": {"sha256": "d3b37579028e1462d064a9ef4c95c99a9e7f2db8ae75d2bfb3cdf81a80d11375", "frames": 372, "channel": ["awgn"], "allocation": ["F9_G"], "complex_uses": [62400], "CBR": [0.026041666666666668]}, "limitations": "fresh prediction/label/calibration hashes and raw-GT versus infos checks; image/LiDAR identity comes from verified archives; not original communication codec reproduction; original detector pretraining included this codec holdout; not main-validation scientific result"}
