/home/sheng/paper6/.venv/lib/python3.10/site-packages/mmcv/__init__.py:20: UserWarning: On January 1, 2023, MMCV will release v2.0.0, in which it will remove components related to the training process and add a data transformation module. In addition, it will rename the package names mmcv to mmcv-lite and mmcv-full to mmcv. See https://github.com/open-mmlab/mmcv/blob/master/docs/en/compatibility.md for more details.
  warnings.warn(
2026-10-04 20:56:43,301   INFO  boxes_gt_in_cam2_view False
2026-10-04 20:56:43,305   INFO  Loading KITTI dataset
2026-10-04 20:56:43,402   INFO  Total samples for KITTI dataset: 3340
2026-10-04 20:56:43,473   INFO  ==> Loading parameters from checkpoint ./ckpt/second_s4_hg.iouloss.ep78.backbone-no-final-bnrelu.input-only-xyz.default-lr-policy-with-wd-decay-78ep.pth to CPU
/home/sheng/paper6/third_party/LIGA-Stereo/liga/models/detectors_lidar/lidar_detector3d_template.py:297: FutureWarning: You are using `torch.load` with `weights_only=False` (the current default value), which uses the default pickle module implicitly. It is possible to construct malicious pickle data which will execute arbitrary code during unpickling (See https://github.com/pytorch/pytorch/blob/main/SECURITY.md#untrusted-models for more details). In a future release, the default value for `weights_only` will be flipped to `True`. This limits the functions that could be executed during unpickling. Arbitrary objects will no longer be allowed to be loaded via this mode unless they are explicitly allowlisted by the user via `torch.serialization.add_safe_globals`. We recommend you start setting `weights_only=True` for any use case where you don't have full control of the loaded file. Please open an issue on GitHub for any issues related to this experimental feature.
  checkpoint = torch.load(filename, map_location=loc_type)
2026-10-04 20:56:43,486   INFO  ==> Checkpoint trained from version: liga+0.1.0+7aa7b92+py60b444b
2026-10-04 20:56:43,527   INFO  Not Loaded weight dense_head.rpn3d_cls_convs.0.0.0.weight: torch.Size([64, 64, 3, 3])
2026-10-04 20:56:43,527   INFO  Not Loaded weight dense_head.rpn3d_cls_convs.0.0.1.weight: torch.Size([64])
2026-10-04 20:56:43,528   INFO  Not Loaded weight dense_head.rpn3d_cls_convs.0.0.1.bias: torch.Size([64])
2026-10-04 20:56:43,529   INFO  Not Loaded weight dense_head.rpn3d_cls_convs.0.0.1.running_mean: torch.Size([64])
2026-10-04 20:56:43,529   INFO  Not Loaded weight dense_head.rpn3d_cls_convs.0.0.1.running_var: torch.Size([64])
2026-10-04 20:56:43,530   INFO  Not Loaded weight dense_head.rpn3d_cls_convs.0.0.1.num_batches_tracked: torch.Size([])
2026-10-04 20:56:43,530   INFO  Not Loaded weight dense_head.rpn3d_cls_convs.1.0.0.weight: torch.Size([64, 64, 3, 3])
2026-10-04 20:56:43,531   INFO  Not Loaded weight dense_head.rpn3d_cls_convs.1.0.1.weight: torch.Size([64])
2026-10-04 20:56:43,531   INFO  Not Loaded weight dense_head.rpn3d_cls_convs.1.0.1.bias: torch.Size([64])
2026-10-04 20:56:43,531   INFO  Not Loaded weight dense_head.rpn3d_cls_convs.1.0.1.running_mean: torch.Size([64])
2026-10-04 20:56:43,532   INFO  Not Loaded weight dense_head.rpn3d_cls_convs.1.0.1.running_var: torch.Size([64])
2026-10-04 20:56:43,532   INFO  Not Loaded weight dense_head.rpn3d_cls_convs.1.0.1.num_batches_tracked: torch.Size([])
2026-10-04 20:56:43,533   INFO  Not Loaded weight dense_head.rpn3d_bbox_convs.0.0.0.weight: torch.Size([64, 64, 3, 3])
2026-10-04 20:56:43,533   INFO  Not Loaded weight dense_head.rpn3d_bbox_convs.0.0.1.weight: torch.Size([64])
2026-10-04 20:56:43,534   INFO  Not Loaded weight dense_head.rpn3d_bbox_convs.0.0.1.bias: torch.Size([64])
2026-10-04 20:56:43,534   INFO  Not Loaded weight dense_head.rpn3d_bbox_convs.0.0.1.running_mean: torch.Size([64])
2026-10-04 20:56:43,535   INFO  Not Loaded weight dense_head.rpn3d_bbox_convs.0.0.1.running_var: torch.Size([64])
2026-10-04 20:56:43,535   INFO  Not Loaded weight dense_head.rpn3d_bbox_convs.0.0.1.num_batches_tracked: torch.Size([])
2026-10-04 20:56:43,535   INFO  Not Loaded weight dense_head.rpn3d_bbox_convs.1.0.0.weight: torch.Size([64, 64, 3, 3])
2026-10-04 20:56:43,536   INFO  Not Loaded weight dense_head.rpn3d_bbox_convs.1.0.1.weight: torch.Size([64])
2026-10-04 20:56:43,536   INFO  Not Loaded weight dense_head.rpn3d_bbox_convs.1.0.1.bias: torch.Size([64])
2026-10-04 20:56:43,536   INFO  Not Loaded weight dense_head.rpn3d_bbox_convs.1.0.1.running_mean: torch.Size([64])
2026-10-04 20:56:43,537   INFO  Not Loaded weight dense_head.rpn3d_bbox_convs.1.0.1.running_var: torch.Size([64])
2026-10-04 20:56:43,537   INFO  Not Loaded weight dense_head.rpn3d_bbox_convs.1.0.1.num_batches_tracked: torch.Size([])
2026-10-04 20:56:43,538   INFO  Not Loaded weight dense_head.conv_cls.weight: torch.Size([18, 64, 3, 3])
2026-10-04 20:56:43,538   INFO  Not Loaded weight dense_head.conv_cls.bias: torch.Size([18])
2026-10-04 20:56:43,538   INFO  Not Loaded weight dense_head.conv_box.weight: torch.Size([42, 64, 3, 3])
2026-10-04 20:56:43,538   INFO  Not Loaded weight dense_head.conv_box.bias: torch.Size([42])
2026-10-04 20:56:43,539   INFO  Not Loaded weight dense_head.conv_dir_cls.weight: torch.Size([12, 64, 1, 1])
2026-10-04 20:56:43,539   INFO  Not Loaded weight dense_head.conv_dir_cls.bias: torch.Size([12])
2026-10-04 20:56:43,539   INFO  ==> Done (loaded 110/110)
/home/sheng/anaconda3/envs/epiu-dsgn/lib/python3.10/site-packages/torch/functional.py:534: UserWarning: torch.meshgrid: in an upcoming release, it will be required to pass the indexing argument. (Triggered internally at ../aten/src/ATen/native/TensorShape.cpp:3595.)
  return _VF.meshgrid(tensors, **kwargs)  # type: ignore[attr-defined]
2026-10-04 20:56:43,583 - mmdet - INFO - load checkpoint from torchvision path: torchvision://resnet34
2026-10-04 20:56:43,634 - mmdet - WARNING - The model and loaded state dict do not match exactly

size mismatch for layer3.0.conv1.weight: copying a param with shape torch.Size([256, 128, 3, 3]) from checkpoint, the shape in current model is torch.Size([128, 128, 3, 3]).
size mismatch for layer3.0.bn1.weight: copying a param with shape torch.Size([256]) from checkpoint, the shape in current model is torch.Size([128]).
size mismatch for layer3.0.bn1.bias: copying a param with shape torch.Size([256]) from checkpoint, the shape in current model is torch.Size([128]).
size mismatch for layer3.0.bn1.running_mean: copying a param with shape torch.Size([256]) from checkpoint, the shape in current model is torch.Size([128]).
size mismatch for layer3.0.bn1.running_var: copying a param with shape torch.Size([256]) from checkpoint, the shape in current model is torch.Size([128]).
size mismatch for layer3.0.conv2.weight: copying a param with shape torch.Size([256, 256, 3, 3]) from checkpoint, the shape in current model is torch.Size([128, 128, 3, 3]).
size mismatch for layer3.0.bn2.weight: copying a param with shape torch.Size([256]) from checkpoint, the shape in current model is torch.Size([128]).
size mismatch for layer3.0.bn2.bias: copying a param with shape torch.Size([256]) from checkpoint, the shape in current model is torch.Size([128]).
size mismatch for layer3.0.bn2.running_mean: copying a param with shape torch.Size([256]) from checkpoint, the shape in current model is torch.Size([128]).
size mismatch for layer3.0.bn2.running_var: copying a param with shape torch.Size([256]) from checkpoint, the shape in current model is torch.Size([128]).
size mismatch for layer3.1.conv1.weight: copying a param with shape torch.Size([256, 256, 3, 3]) from checkpoint, the shape in current model is torch.Size([128, 128, 3, 3]).
size mismatch for layer3.1.bn1.weight: copying a param with shape torch.Size([256]) from checkpoint, the shape in current model is torch.Size([128]).
size mismatch for layer3.1.bn1.bias: copying a param with shape torch.Size([256]) from checkpoint, the shape in current model is torch.Size([128]).
size mismatch for layer3.1.bn1.running_mean: copying a param with shape torch.Size([256]) from checkpoint, the shape in current model is torch.Size([128]).
size mismatch for layer3.1.bn1.running_var: copying a param with shape torch.Size([256]) from checkpoint, the shape in current model is torch.Size([128]).
size mismatch for layer3.1.conv2.weight: copying a param with shape torch.Size([256, 256, 3, 3]) from checkpoint, the shape in current model is torch.Size([128, 128, 3, 3]).
size mismatch for layer3.1.bn2.weight: copying a param with shape torch.Size([256]) from checkpoint, the shape in current model is torch.Size([128]).
size mismatch for layer3.1.bn2.bias: copying a param with shape torch.Size([256]) from checkpoint, the shape in current model is torch.Size([128]).
size mismatch for layer3.1.bn2.running_mean: copying a param with shape torch.Size([256]) from checkpoint, the shape in current model is torch.Size([128]).
size mismatch for layer3.1.bn2.running_var: copying a param with shape torch.Size([256]) from checkpoint, the shape in current model is torch.Size([128]).
size mismatch for layer3.2.conv1.weight: copying a param with shape torch.Size([256, 256, 3, 3]) from checkpoint, the shape in current model is torch.Size([128, 128, 3, 3]).
size mismatch for layer3.2.bn1.weight: copying a param with shape torch.Size([256]) from checkpoint, the shape in current model is torch.Size([128]).
size mismatch for layer3.2.bn1.bias: copying a param with shape torch.Size([256]) from checkpoint, the shape in current model is torch.Size([128]).
size mismatch for layer3.2.bn1.running_mean: copying a param with shape torch.Size([256]) from checkpoint, the shape in current model is torch.Size([128]).
size mismatch for layer3.2.bn1.running_var: copying a param with shape torch.Size([256]) from checkpoint, the shape in current model is torch.Size([128]).
size mismatch for layer3.2.conv2.weight: copying a param with shape torch.Size([256, 256, 3, 3]) from checkpoint, the shape in current model is torch.Size([128, 128, 3, 3]).
size mismatch for layer3.2.bn2.weight: copying a param with shape torch.Size([256]) from checkpoint, the shape in current model is torch.Size([128]).
size mismatch for layer3.2.bn2.bias: copying a param with shape torch.Size([256]) from checkpoint, the shape in current model is torch.Size([128]).
size mismatch for layer3.2.bn2.running_mean: copying a param with shape torch.Size([256]) from checkpoint, the shape in current model is torch.Size([128]).
size mismatch for layer3.2.bn2.running_var: copying a param with shape torch.Size([256]) from checkpoint, the shape in current model is torch.Size([128]).
size mismatch for layer3.3.conv1.weight: copying a param with shape torch.Size([256, 256, 3, 3]) from checkpoint, the shape in current model is torch.Size([128, 128, 3, 3]).
size mismatch for layer3.3.bn1.weight: copying a param with shape torch.Size([256]) from checkpoint, the shape in current model is torch.Size([128]).
size mismatch for layer3.3.bn1.bias: copying a param with shape torch.Size([256]) from checkpoint, the shape in current model is torch.Size([128]).
size mismatch for layer3.3.bn1.running_mean: copying a param with shape torch.Size([256]) from checkpoint, the shape in current model is torch.Size([128]).
size mismatch for layer3.3.bn1.running_var: copying a param with shape torch.Size([256]) from checkpoint, the shape in current model is torch.Size([128]).
size mismatch for layer3.3.conv2.weight: copying a param with shape torch.Size([256, 256, 3, 3]) from checkpoint, the shape in current model is torch.Size([128, 128, 3, 3]).
size mismatch for layer3.3.bn2.weight: copying a param with shape torch.Size([256]) from checkpoint, the shape in current model is torch.Size([128]).
size mismatch for layer3.3.bn2.bias: copying a param with shape torch.Size([256]) from checkpoint, the shape in current model is torch.Size([128]).
size mismatch for layer3.3.bn2.running_mean: copying a param with shape torch.Size([256]) from checkpoint, the shape in current model is torch.Size([128]).
size mismatch for layer3.3.bn2.running_var: copying a param with shape torch.Size([256]) from checkpoint, the shape in current model is torch.Size([128]).
size mismatch for layer3.4.conv1.weight: copying a param with shape torch.Size([256, 256, 3, 3]) from checkpoint, the shape in current model is torch.Size([128, 128, 3, 3]).
size mismatch for layer3.4.bn1.weight: copying a param with shape torch.Size([256]) from checkpoint, the shape in current model is torch.Size([128]).
size mismatch for layer3.4.bn1.bias: copying a param with shape torch.Size([256]) from checkpoint, the shape in current model is torch.Size([128]).
size mismatch for layer3.4.bn1.running_mean: copying a param with shape torch.Size([256]) from checkpoint, the shape in current model is torch.Size([128]).
size mismatch for layer3.4.bn1.running_var: copying a param with shape torch.Size([256]) from checkpoint, the shape in current model is torch.Size([128]).
size mismatch for layer3.4.conv2.weight: copying a param with shape torch.Size([256, 256, 3, 3]) from checkpoint, the shape in current model is torch.Size([128, 128, 3, 3]).
size mismatch for layer3.4.bn2.weight: copying a param with shape torch.Size([256]) from checkpoint, the shape in current model is torch.Size([128]).
size mismatch for layer3.4.bn2.bias: copying a param with shape torch.Size([256]) from checkpoint, the shape in current model is torch.Size([128]).
size mismatch for layer3.4.bn2.running_mean: copying a param with shape torch.Size([256]) from checkpoint, the shape in current model is torch.Size([128]).
size mismatch for layer3.4.bn2.running_var: copying a param with shape torch.Size([256]) from checkpoint, the shape in current model is torch.Size([128]).
size mismatch for layer3.5.conv1.weight: copying a param with shape torch.Size([256, 256, 3, 3]) from checkpoint, the shape in current model is torch.Size([128, 128, 3, 3]).
size mismatch for layer3.5.bn1.weight: copying a param with shape torch.Size([256]) from checkpoint, the shape in current model is torch.Size([128]).
size mismatch for layer3.5.bn1.bias: copying a param with shape torch.Size([256]) from checkpoint, the shape in current model is torch.Size([128]).
size mismatch for layer3.5.bn1.running_mean: copying a param with shape torch.Size([256]) from checkpoint, the shape in current model is torch.Size([128]).
size mismatch for layer3.5.bn1.running_var: copying a param with shape torch.Size([256]) from checkpoint, the shape in current model is torch.Size([128]).
size mismatch for layer3.5.conv2.weight: copying a param with shape torch.Size([256, 256, 3, 3]) from checkpoint, the shape in current model is torch.Size([128, 128, 3, 3]).
size mismatch for layer3.5.bn2.weight: copying a param with shape torch.Size([256]) from checkpoint, the shape in current model is torch.Size([128]).
size mismatch for layer3.5.bn2.bias: copying a param with shape torch.Size([256]) from checkpoint, the shape in current model is torch.Size([128]).
size mismatch for layer3.5.bn2.running_mean: copying a param with shape torch.Size([256]) from checkpoint, the shape in current model is torch.Size([128]).
size mismatch for layer3.5.bn2.running_var: copying a param with shape torch.Size([256]) from checkpoint, the shape in current model is torch.Size([128]).
size mismatch for layer4.0.conv1.weight: copying a param with shape torch.Size([512, 256, 3, 3]) from checkpoint, the shape in current model is torch.Size([128, 128, 3, 3]).
size mismatch for layer4.0.bn1.weight: copying a param with shape torch.Size([512]) from checkpoint, the shape in current model is torch.Size([128]).
size mismatch for layer4.0.bn1.bias: copying a param with shape torch.Size([512]) from checkpoint, the shape in current model is torch.Size([128]).
size mismatch for layer4.0.bn1.running_mean: copying a param with shape torch.Size([512]) from checkpoint, the shape in current model is torch.Size([128]).
size mismatch for layer4.0.bn1.running_var: copying a param with shape torch.Size([512]) from checkpoint, the shape in current model is torch.Size([128]).
size mismatch for layer4.0.conv2.weight: copying a param with shape torch.Size([512, 512, 3, 3]) from checkpoint, the shape in current model is torch.Size([128, 128, 3, 3]).
size mismatch for layer4.0.bn2.weight: copying a param with shape torch.Size([512]) from checkpoint, the shape in current model is torch.Size([128]).
size mismatch for layer4.0.bn2.bias: copying a param with shape torch.Size([512]) from checkpoint, the shape in current model is torch.Size([128]).
size mismatch for layer4.0.bn2.running_mean: copying a param with shape torch.Size([512]) from checkpoint, the shape in current model is torch.Size([128]).
size mismatch for layer4.0.bn2.running_var: copying a param with shape torch.Size([512]) from checkpoint, the shape in current model is torch.Size([128]).
size mismatch for layer4.1.conv1.weight: copying a param with shape torch.Size([512, 512, 3, 3]) from checkpoint, the shape in current model is torch.Size([128, 128, 3, 3]).
size mismatch for layer4.1.bn1.weight: copying a param with shape torch.Size([512]) from checkpoint, the shape in current model is torch.Size([128]).
size mismatch for layer4.1.bn1.bias: copying a param with shape torch.Size([512]) from checkpoint, the shape in current model is torch.Size([128]).
size mismatch for layer4.1.bn1.running_mean: copying a param with shape torch.Size([512]) from checkpoint, the shape in current model is torch.Size([128]).
size mismatch for layer4.1.bn1.running_var: copying a param with shape torch.Size([512]) from checkpoint, the shape in current model is torch.Size([128]).
size mismatch for layer4.1.conv2.weight: copying a param with shape torch.Size([512, 512, 3, 3]) from checkpoint, the shape in current model is torch.Size([128, 128, 3, 3]).
size mismatch for layer4.1.bn2.weight: copying a param with shape torch.Size([512]) from checkpoint, the shape in current model is torch.Size([128]).
size mismatch for layer4.1.bn2.bias: copying a param with shape torch.Size([512]) from checkpoint, the shape in current model is torch.Size([128]).
size mismatch for layer4.1.bn2.running_mean: copying a param with shape torch.Size([512]) from checkpoint, the shape in current model is torch.Size([128]).
size mismatch for layer4.1.bn2.running_var: copying a param with shape torch.Size([512]) from checkpoint, the shape in current model is torch.Size([128]).
size mismatch for layer4.2.conv1.weight: copying a param with shape torch.Size([512, 512, 3, 3]) from checkpoint, the shape in current model is torch.Size([128, 128, 3, 3]).
size mismatch for layer4.2.bn1.weight: copying a param with shape torch.Size([512]) from checkpoint, the shape in current model is torch.Size([128]).
size mismatch for layer4.2.bn1.bias: copying a param with shape torch.Size([512]) from checkpoint, the shape in current model is torch.Size([128]).
size mismatch for layer4.2.bn1.running_mean: copying a param with shape torch.Size([512]) from checkpoint, the shape in current model is torch.Size([128]).
size mismatch for layer4.2.bn1.running_var: copying a param with shape torch.Size([512]) from checkpoint, the shape in current model is torch.Size([128]).
size mismatch for layer4.2.conv2.weight: copying a param with shape torch.Size([512, 512, 3, 3]) from checkpoint, the shape in current model is torch.Size([128, 128, 3, 3]).
size mismatch for layer4.2.bn2.weight: copying a param with shape torch.Size([512]) from checkpoint, the shape in current model is torch.Size([128]).
size mismatch for layer4.2.bn2.bias: copying a param with shape torch.Size([512]) from checkpoint, the shape in current model is torch.Size([128]).
size mismatch for layer4.2.bn2.running_mean: copying a param with shape torch.Size([512]) from checkpoint, the shape in current model is torch.Size([128]).
size mismatch for layer4.2.bn2.running_var: copying a param with shape torch.Size([512]) from checkpoint, the shape in current model is torch.Size([128]).
unexpected key in source state_dict: fc.weight, fc.bias, layer3.0.downsample.0.weight, layer3.0.downsample.1.running_mean, layer3.0.downsample.1.running_var, layer3.0.downsample.1.weight, layer3.0.downsample.1.bias, layer4.0.downsample.0.weight, layer4.0.downsample.1.running_mean, layer4.0.downsample.1.running_var, layer4.0.downsample.1.weight, layer4.0.downsample.1.bias

stereo volume depth range: 2.0 -> 59.599998474121094, interval 0.19999999470180935
/home/sheng/paper6/third_party/LIGA-Stereo/liga/models/backbones_3d_stereo/liga_backbone.py:293: UserWarning: Creating a tensor from a list of numpy.ndarrays is extremely slow. Please consider converting the list to a single numpy.ndarray with numpy.array() before converting to a tensor. (Triggered internally at ../torch/csrc/utils/tensor_new.cpp:278.)
  calibs_Proj = torch.as_tensor(
{"step": 100, "arm": "P", "frame_id": "004247", "loss": 0.2876144349575043}
{"step": 200, "arm": "P", "frame_id": "002240", "loss": 1.243173599243164}
{"step": 300, "arm": "P", "frame_id": "006245", "loss": 1.3923372030258179}
{"step": 400, "arm": "P", "frame_id": "005734", "loss": 1.1957674026489258}
{"step": 500, "arm": "P", "frame_id": "002611", "loss": 0.9464489221572876}
{"step": 600, "arm": "P", "frame_id": "004208", "loss": 1.2508578300476074}
{"step": 700, "arm": "P", "frame_id": "002264", "loss": 1.8459618091583252}
{"step": 800, "arm": "P", "frame_id": "001998", "loss": 1.46604585647583}
{"step": 900, "arm": "P", "frame_id": "004325", "loss": 0.770553469657898}
{"step": 1000, "arm": "P", "frame_id": "006564", "loss": 1.5801018476486206}
{"step": 1100, "arm": "P", "frame_id": "003954", "loss": 0.5112074613571167}
{"step": 1200, "arm": "P", "frame_id": "000791", "loss": 1.172349452972412}
{"step": 1300, "arm": "P", "frame_id": "007400", "loss": 1.8872036933898926}
{"step": 1400, "arm": "P", "frame_id": "002072", "loss": 0.6562905311584473}
{'NAME': 'filter_truncated', 'AREA_RATIO_THRESH': None, 'AREA_2D_RATIO_THRESH': None, 'GT_TRUNCATED_THRESH': 0.98}
filter truncated ratio: null 3d boxes [[ 3.81       -3.5        -0.45999992  5.75        2.08        2.38
   0.01920366]] flipped False image idx 1294 frame_id 002873 

{'NAME': 'filter_truncated', 'AREA_RATIO_THRESH': None, 'AREA_2D_RATIO_THRESH': None, 'GT_TRUNCATED_THRESH': 0.98}
filter truncated ratio: null 3d boxes [[ 1.03       -2.84       -0.855       3.81        1.6         1.49
   0.02920365]] flipped False image idx 2545 frame_id 005654 

{'NAME': 'filter_truncated', 'AREA_RATIO_THRESH': None, 'AREA_2D_RATIO_THRESH': None, 'GT_TRUNCATED_THRESH': 0.98}
filter truncated ratio: null 3d boxes [[ 2.28       -2.56       -1.0749999   3.26        1.5         1.45
  -0.09079635]] flipped False image idx 2171 frame_id 004834 

{'NAME': 'filter_truncated', 'AREA_RATIO_THRESH': None, 'AREA_2D_RATIO_THRESH': None, 'GT_TRUNCATED_THRESH': 0.98}
filter truncated ratio: null 3d boxes [[ 2.32      -3.95      -0.87       4.23       1.61       1.52
  -3.1607964]] flipped False image idx 2236 frame_id 004975 

{'NAME': 'filter_truncated', 'AREA_RATIO_THRESH': None, 'AREA_2D_RATIO_THRESH': None, 'GT_TRUNCATED_THRESH': 0.98}
filter truncated ratio: null 3d boxes [[ 3.69      5.56     -0.615     3.78      1.61      1.31     -4.742389]] flipped True image idx 2673 frame_id 005934 

{'NAME': 'filter_truncated', 'AREA_RATIO_THRESH': None, 'AREA_2D_RATIO_THRESH': None, 'GT_TRUNCATED_THRESH': 0.98}
filter truncated ratio: null 3d boxes [[ 2.61       -3.63       -0.85499996  3.11        1.6         1.61
  -0.31079638]] flipped False image idx 311 frame_id 000668 

{'NAME': 'filter_truncated', 'AREA_RATIO_THRESH': None, 'AREA_2D_RATIO_THRESH': None, 'GT_TRUNCATED_THRESH': 0.98}
filter truncated ratio: null 3d boxes [[ 1.35        2.42       -0.88500005  3.73        1.6         1.63
  -3.1507964 ]] flipped False image idx 1600 frame_id 003565 

{'NAME': 'filter_truncated', 'AREA_RATIO_THRESH': None, 'AREA_2D_RATIO_THRESH': None, 'GT_TRUNCATED_THRESH': 0.98}
filter truncated ratio: null 3d boxes [[ 2.99       -3.87       -0.66499996  4.43        1.84        1.75
  -0.2907964 ]] flipped False image idx 808 frame_id 001773 

{'NAME': 'filter_truncated', 'AREA_RATIO_THRESH': None, 'AREA_2D_RATIO_THRESH': None, 'GT_TRUNCATED_THRESH': 0.98}
filter truncated ratio: null 3d boxes [[ 3.46       3.75      -0.85       4.32       1.66       1.72
  -3.1307964]] flipped False image idx 2586 frame_id 005734 

{'NAME': 'filter_truncated', 'AREA_RATIO_THRESH': None, 'AREA_2D_RATIO_THRESH': None, 'GT_TRUNCATED_THRESH': 0.98}
filter truncated ratio: null 3d boxes [[ 1.72        3.22       -0.88000005  3.72        1.5         1.4
  -6.3123894 ]] flipped True image idx 1634 frame_id 003625 

{'NAME': 'filter_truncated', 'AREA_RATIO_THRESH': None, 'AREA_2D_RATIO_THRESH': None, 'GT_TRUNCATED_THRESH': 0.98}
filter truncated ratio: null 3d boxes [[17.93       18.9         0.08500004  5.31        2.16        1.97
  -6.262389  ]] flipped True image idx 3040 frame_id 006757 

{'NAME': 'filter_truncated', 'AREA_RATIO_THRESH': None, 'AREA_2D_RATIO_THRESH': None, 'GT_TRUNCATED_THRESH': 0.98}
filter truncated ratio: null 3d boxes [[ 1.83       -3.67       -0.79499996  3.95        1.58        1.69
   0.01920366]] flipped False image idx 636 frame_id 001403 

{'NAME': 'filter_truncated', 'AREA_RATIO_THRESH': None, 'AREA_2D_RATIO_THRESH': None, 'GT_TRUNCATED_THRESH': 0.98}
filter truncated ratio: null 3d boxes [[ 2.92     -3.68     -0.955     3.95      1.7       1.43     -3.102389]] flipped True image idx 738 frame_id 001618 

{'NAME': 'filter_truncated', 'AREA_RATIO_THRESH': None, 'AREA_2D_RATIO_THRESH': None, 'GT_TRUNCATED_THRESH': 0.98}
filter truncated ratio: null 3d boxes [[ 1.9        -2.45       -0.96000004  3.48        1.5         1.54
  -6.3323894 ]] flipped True image idx 1345 frame_id 002996 

{'NAME': 'filter_truncated', 'AREA_RATIO_THRESH': None, 'AREA_2D_RATIO_THRESH': None, 'GT_TRUNCATED_THRESH': 0.98}
filter truncated ratio: null 3d boxes [[ 6.61       -7.74       -0.90500003  3.25        1.48        1.43
   0.00920367]] flipped False image idx 2814 frame_id 006235 

{'NAME': 'filter_truncated', 'AREA_RATIO_THRESH': None, 'AREA_2D_RATIO_THRESH': None, 'GT_TRUNCATED_THRESH': 0.98}
filter truncated ratio: null 3d boxes [[ 3.34      -3.82      -0.925      3.11       1.6        1.61
  -0.3807963]] flipped False image idx 2383 frame_id 005327 

{'NAME': 'filter_truncated', 'AREA_RATIO_THRESH': None, 'AREA_2D_RATIO_THRESH': None, 'GT_TRUNCATED_THRESH': 0.98}
filter truncated ratio: null 3d boxes [[ 1.96        3.69       -0.90999997  3.89        1.62        1.5
  -6.3323894 ]] flipped True image idx 421 frame_id 000890 

{'NAME': 'filter_truncated', 'AREA_RATIO_THRESH': None, 'AREA_2D_RATIO_THRESH': None, 'GT_TRUNCATED_THRESH': 0.98}
filter truncated ratio: null 3d boxes [[ 2.01       -2.99       -0.67499995  4.63        1.75        1.95
  -3.152389  ]] flipped True image idx 2233 frame_id 004971 

{'NAME': 'filter_truncated', 'AREA_RATIO_THRESH': None, 'AREA_2D_RATIO_THRESH': None, 'GT_TRUNCATED_THRESH': 0.98}
filter truncated ratio: null 3d boxes [[ 2.04      -3.51      -1.0500001  3.59       1.63       1.54
  -3.092389 ]] flipped True image idx 1396 frame_id 003113 

{'NAME': 'filter_truncated', 'AREA_RATIO_THRESH': None, 'AREA_2D_RATIO_THRESH': None, 'GT_TRUNCATED_THRESH': 0.98}
filter truncated ratio: null 3d boxes [[ 2.32        3.02       -0.28999996  5.49        2.03        2.42
  -6.3123894 ]] flipped True image idx 203 frame_id 000445 

{'NAME': 'filter_truncated', 'AREA_RATIO_THRESH': None, 'AREA_2D_RATIO_THRESH': None, 'GT_TRUNCATED_THRESH': 0.98}
filter truncated ratio: null 3d boxes [[ 0.76      -2.63      -1.055      3.26       1.5        1.45
  -0.0407964]] flipped False image idx 1923 frame_id 004238 

{'NAME': 'filter_truncated', 'AREA_RATIO_THRESH': None, 'AREA_2D_RATIO_THRESH': None, 'GT_TRUNCATED_THRESH': 0.98}
filter truncated ratio: null 3d boxes [[ 2.86      -3.02      -1.0450001  4.47       1.59       1.41
  -3.1623893]] flipped True image idx 1762 frame_id 003875 

{'NAME': 'filter_truncated', 'AREA_RATIO_THRESH': None, 'AREA_2D_RATIO_THRESH': None, 'GT_TRUNCATED_THRESH': 0.98}
filter truncated ratio: null 3d boxes [[ 3.14      -4.71      -0.72       3.2        1.58       1.54
  -1.5007963]] flipped False image idx 811 frame_id 001779 

{'NAME': 'filter_truncated', 'AREA_RATIO_THRESH': None, 'AREA_2D_RATIO_THRESH': None, 'GT_TRUNCATED_THRESH': 0.98}
filter truncated ratio: null 3d boxes [[ 3.08       3.46      -1.075      4.03       1.63       1.51
  -3.1507964]] flipped False image idx 2695 frame_id 005973 

{'NAME': 'filter_truncated', 'AREA_RATIO_THRESH': None, 'AREA_2D_RATIO_THRESH': None, 'GT_TRUNCATED_THRESH': 0.98}
filter truncated ratio: null 3d boxes [[ 2.33        2.63       -0.89500004  3.34        1.49        1.59
  -6.3123894 ]] flipped True image idx 120 frame_id 000244 

{'NAME': 'filter_truncated', 'AREA_RATIO_THRESH': None, 'AREA_2D_RATIO_THRESH': None, 'GT_TRUNCATED_THRESH': 0.98}
filter truncated ratio: null 3d boxes [[ 1.51      2.99     -0.625     3.83      1.5       2.05     -6.272389]] flipped True image idx 2644 frame_id 005860 

{'NAME': 'filter_truncated', 'AREA_RATIO_THRESH': None, 'AREA_2D_RATIO_THRESH': None, 'GT_TRUNCATED_THRESH': 0.98}
filter truncated ratio: null 3d boxes [[ 1.85      2.85     -0.845     4.07      1.57      1.49     -6.302389]] flipped True image idx 2390 frame_id 005348 

{'NAME': 'filter_truncated', 'AREA_RATIO_THRESH': None, 'AREA_2D_RATIO_THRESH': None, 'GT_TRUNCATED_THRESH': 0.98}
filter truncated ratio: null 3d boxes [[ 2.89     -3.67     -0.965     4.93      1.48      1.41     -3.132389]] flipped True image idx 2795 frame_id 006205 

{'NAME': 'filter_truncated', 'AREA_RATIO_THRESH': None, 'AREA_2D_RATIO_THRESH': None, 'GT_TRUNCATED_THRESH': 0.98}
filter truncated ratio: null 3d boxes [[ 2.46      -4.18      -0.905      4.47       1.66       1.55
  -1.7007964]] flipped False image idx 2826 frame_id 006256 

{"step": 1500, "arm": "P", "frame_id": "006861", "loss": 0.1803995668888092}
{"step": 1600, "arm": "P", "frame_id": "000433", "loss": 1.6028846502304077}
{'NAME': 'filter_truncated', 'AREA_RATIO_THRESH': None, 'AREA_2D_RATIO_THRESH': None, 'GT_TRUNCATED_THRESH': 0.98}
filter truncated ratio: null 3d boxes [[ 2.27       -3.43       -0.80499995  3.31        1.58        1.51
  -0.34079635]] flipped False image idx 1085 frame_id 002407 

{'NAME': 'filter_truncated', 'AREA_RATIO_THRESH': None, 'AREA_2D_RATIO_THRESH': None, 'GT_TRUNCATED_THRESH': 0.98}
filter truncated ratio: null 3d boxes [[ 5.04       6.22      -1.295      4.38       1.67       1.49
  -3.1207962]] flipped False image idx 174 frame_id 000374 

{'NAME': 'filter_truncated', 'AREA_RATIO_THRESH': None, 'AREA_2D_RATIO_THRESH': None, 'GT_TRUNCATED_THRESH': 0.98}
filter truncated ratio: null 3d boxes [[ 0.91      2.51     -1.035     3.64      1.59      1.53     -6.322389]] flipped True image idx 2789 frame_id 006192 

{'NAME': 'filter_truncated', 'AREA_RATIO_THRESH': None, 'AREA_2D_RATIO_THRESH': None, 'GT_TRUNCATED_THRESH': 0.98}
filter truncated ratio: null 3d boxes [[ 2.69        3.27       -0.81000006  3.52        1.57        1.54
  -6.1623893 ]] flipped True image idx 293 frame_id 000637 

{'NAME': 'filter_truncated', 'AREA_RATIO_THRESH': None, 'AREA_2D_RATIO_THRESH': None, 'GT_TRUNCATED_THRESH': 0.98}
filter truncated ratio: null 3d boxes [[ 3.69        4.39       -0.79499996  4.16        1.63        1.49
  -5.512389  ]] flipped True image idx 2479 frame_id 005516 

{'NAME': 'filter_truncated', 'AREA_RATIO_THRESH': None, 'AREA_2D_RATIO_THRESH': None, 'GT_TRUNCATED_THRESH': 0.98}
filter truncated ratio: null 3d boxes [[ 2.75       -2.88       -0.73        4.13        1.62        1.74
  -0.02079642]] flipped False image idx 1159 frame_id 002573 

{'NAME': 'filter_truncated', 'AREA_RATIO_THRESH': None, 'AREA_2D_RATIO_THRESH': None, 'GT_TRUNCATED_THRESH': 0.98}
filter truncated ratio: null 3d boxes [[ 2.59       -2.9        -0.84999996  3.71        1.66        1.42
  -0.12079632]] flipped False image idx 1546 frame_id 003444 

{'NAME': 'filter_truncated', 'AREA_RATIO_THRESH': None, 'AREA_2D_RATIO_THRESH': None, 'GT_TRUNCATED_THRESH': 0.98}
filter truncated ratio: null 3d boxes [[ 3.67       -4.34       -0.715       3.96        1.61        1.63
  -0.84079635]] flipped False image idx 1186 frame_id 002632 

{'NAME': 'filter_truncated', 'AREA_RATIO_THRESH': None, 'AREA_2D_RATIO_THRESH': None, 'GT_TRUNCATED_THRESH': 0.98}
filter truncated ratio: null 3d boxes [[ 0.8         3.03       -0.26999998  5.49        2.03        2.42
  -6.3123894 ]] flipped True image idx 3110 frame_id 006932 

{'NAME': 'filter_truncated', 'AREA_RATIO_THRESH': None, 'AREA_2D_RATIO_THRESH': None, 'GT_TRUNCATED_THRESH': 0.98}
filter truncated ratio: null 3d boxes [[ 2.23       3.52      -0.6500001  4.41       1.86       2.12
  -6.222389 ]] flipped True image idx 1399 frame_id 003120 

{'NAME': 'filter_truncated', 'AREA_RATIO_THRESH': None, 'AREA_2D_RATIO_THRESH': None, 'GT_TRUNCATED_THRESH': 0.98}
filter truncated ratio: null 3d boxes [[ 1.97      -2.68      -0.995      4.39       1.7        1.47
  -3.1823893]] flipped True image idx 2642 frame_id 005851 

{'NAME': 'filter_truncated', 'AREA_RATIO_THRESH': None, 'AREA_2D_RATIO_THRESH': None, 'GT_TRUNCATED_THRESH': 0.98}
filter truncated ratio: null 3d boxes [[ 0.4        -2.89       -0.73        4.13        1.62        1.74
  -0.02079642]] flipped False image idx 1843 frame_id 004031 

{'NAME': 'filter_truncated', 'AREA_RATIO_THRESH': None, 'AREA_2D_RATIO_THRESH': None, 'GT_TRUNCATED_THRESH': 0.98}
filter truncated ratio: null 3d boxes [[ 3.04        3.88       -0.96500003  3.57        1.61        1.51
  -3.1207962 ]] flipped False image idx 353 frame_id 000757 

{'NAME': 'filter_truncated', 'AREA_RATIO_THRESH': None, 'AREA_2D_RATIO_THRESH': None, 'GT_TRUNCATED_THRESH': 0.98}
filter truncated ratio: null 3d boxes [[ 1.78       3.01      -1.0350001  4.47       1.59       1.41
  -3.1507964]] flipped False image idx 759 frame_id 001657 

{'NAME': 'filter_truncated', 'AREA_RATIO_THRESH': None, 'AREA_2D_RATIO_THRESH': None, 'GT_TRUNCATED_THRESH': 0.98}
filter truncated ratio: null 3d boxes [[ 2.47      2.71     -0.91      3.56      1.53      1.4      -6.282389]] flipped True image idx 3193 frame_id 007121 

{'NAME': 'filter_truncated', 'AREA_RATIO_THRESH': None, 'AREA_2D_RATIO_THRESH': None, 'GT_TRUNCATED_THRESH': 0.98}
filter truncated ratio: null 3d boxes [[ 1.23      2.59     -0.75      4.28      1.58      1.52     -6.322389]] flipped True image idx 675 frame_id 001475 

{'NAME': 'filter_truncated', 'AREA_RATIO_THRESH': None, 'AREA_2D_RATIO_THRESH': None, 'GT_TRUNCATED_THRESH': 0.98}
filter truncated ratio: null 3d boxes [[ 2.2        3.49      -0.7049999  4.12       1.76       1.69
  -4.6023893]] flipped True image idx 462 frame_id 000982 

{'NAME': 'filter_truncated', 'AREA_RATIO_THRESH': None, 'AREA_2D_RATIO_THRESH': None, 'GT_TRUNCATED_THRESH': 0.98}
filter truncated ratio: null 3d boxes [[ 2.43        2.78       -0.91999996  3.95        1.72        1.46
  -6.302389  ]] flipped True image idx 251 frame_id 000553 

{'NAME': 'filter_truncated', 'AREA_RATIO_THRESH': None, 'AREA_2D_RATIO_THRESH': None, 'GT_TRUNCATED_THRESH': 0.98}
filter truncated ratio: null 3d boxes [[ 2.41       -2.45       -1.065       3.64        1.59        1.53
   0.02920365]] flipped False image idx 2750 frame_id 006113 

{'NAME': 'filter_truncated', 'AREA_RATIO_THRESH': None, 'AREA_2D_RATIO_THRESH': None, 'GT_TRUNCATED_THRESH': 0.98}
filter truncated ratio: null 3d boxes [[ 0.75       2.73      -0.87       4.08       1.64       1.54
  -3.2507963]] flipped False image idx 410 frame_id 000867 

{'NAME': 'filter_truncated', 'AREA_RATIO_THRESH': None, 'AREA_2D_RATIO_THRESH': None, 'GT_TRUNCATED_THRESH': 0.98}
filter truncated ratio: null 3d boxes [[ 2.77       3.93      -1.01       4.05       1.66       1.46
  -3.1107965]] flipped False image idx 1183 frame_id 002623 

{'NAME': 'filter_truncated', 'AREA_RATIO_THRESH': None, 'AREA_2D_RATIO_THRESH': None, 'GT_TRUNCATED_THRESH': 0.98}
filter truncated ratio: null 3d boxes [[ 2.82        4.         -0.86499995  3.35        1.65        1.57
  -6.232389  ]] flipped True image idx 1578 frame_id 003514 

{'NAME': 'filter_truncated', 'AREA_RATIO_THRESH': None, 'AREA_2D_RATIO_THRESH': None, 'GT_TRUNCATED_THRESH': 0.98}
filter truncated ratio: null 3d boxes [[ 1.67       2.95      -0.85       3.7        1.47       1.48
  -6.3123894]] flipped True image idx 875 frame_id 001916 

{'NAME': 'filter_truncated', 'AREA_RATIO_THRESH': None, 'AREA_2D_RATIO_THRESH': None, 'GT_TRUNCATED_THRESH': 0.98}
filter truncated ratio: null 3d boxes [[ 3.06     -3.52     -0.99      3.56      1.54      1.52     -3.132389]] flipped True image idx 2662 frame_id 005897 

{'NAME': 'filter_truncated', 'AREA_RATIO_THRESH': None, 'AREA_2D_RATIO_THRESH': None, 'GT_TRUNCATED_THRESH': 0.98}
filter truncated ratio: null 3d boxes [[ 1.34       -2.79       -0.8550001   4.39        1.68        1.43
  -0.01079643]] flipped False image idx 914 frame_id 002020 

{'NAME': 'filter_truncated', 'AREA_RATIO_THRESH': None, 'AREA_2D_RATIO_THRESH': None, 'GT_TRUNCATED_THRESH': 0.98}
filter truncated ratio: null 3d boxes [[ 2.89      3.31     -0.62      1.72      0.5       1.98     -6.302389]] flipped True image idx 2894 frame_id 006414 

{'NAME': 'filter_truncated', 'AREA_RATIO_THRESH': None, 'AREA_2D_RATIO_THRESH': None, 'GT_TRUNCATED_THRESH': 0.98}
filter truncated ratio: null 3d boxes [[ 4.11      -4.82      -0.53       6.78       2.02       2.48
  -3.2023892]] flipped True image idx 210 frame_id 000464 

{'NAME': 'filter_truncated', 'AREA_RATIO_THRESH': None, 'AREA_2D_RATIO_THRESH': None, 'GT_TRUNCATED_THRESH': 0.98}
filter truncated ratio: null 3d boxes [[ 2.31        3.02       -0.84999996  3.93        1.68        1.58
  -6.2523894 ]] flipped True image idx 2543 frame_id 005648 

{'NAME': 'filter_truncated', 'AREA_RATIO_THRESH': None, 'AREA_2D_RATIO_THRESH': None, 'GT_TRUNCATED_THRESH': 0.98}
filter truncated ratio: null 3d boxes [[ 2.14       -2.56       -1.02        3.32        1.63        1.44
  -3.122389  ]
 [ 1.59        2.79       -0.96500003  3.27        1.55        1.55
  -6.3523893 ]] flipped True image idx 403 frame_id 000856 

{'NAME': 'filter_truncated', 'AREA_RATIO_THRESH': None, 'AREA_2D_RATIO_THRESH': None, 'GT_TRUNCATED_THRESH': 0.98}
filter truncated ratio: null 3d boxes [[ 1.92       -3.22       -0.96500003  3.95        1.53        1.27
  -0.01079643]] flipped False image idx 2782 frame_id 006174 

{'NAME': 'filter_truncated', 'AREA_RATIO_THRESH': None, 'AREA_2D_RATIO_THRESH': None, 'GT_TRUNCATED_THRESH': 0.98}
filter truncated ratio: null 3d boxes [[ 1.93     -3.43     -1.115     3.79      1.62      1.47     -3.142389]] flipped True image idx 1620 frame_id 003595 

{'NAME': 'filter_truncated', 'AREA_RATIO_THRESH': None, 'AREA_2D_RATIO_THRESH': None, 'GT_TRUNCATED_THRESH': 0.98}
filter truncated ratio: null 3d boxes [[ 3.25        5.38       -0.80499995  4.16        1.66        1.49
  -4.742389  ]] flipped True image idx 2189 frame_id 004877 

{'NAME': 'filter_truncated', 'AREA_RATIO_THRESH': None, 'AREA_2D_RATIO_THRESH': None, 'GT_TRUNCATED_THRESH': 0.98}
filter truncated ratio: null 3d boxes [[ 3.1        -5.25       -0.70000005  3.8         1.5         1.56
   1.5392035 ]] flipped False image idx 1555 frame_id 003460 

{'NAME': 'filter_truncated', 'AREA_RATIO_THRESH': None, 'AREA_2D_RATIO_THRESH': None, 'GT_TRUNCATED_THRESH': 0.98}
filter truncated ratio: null 3d boxes [[ 2.24        3.46       -0.88500005  3.38        1.5         1.43
  -6.3123894 ]] flipped True image idx 2544 frame_id 005651 

{'NAME': 'filter_truncated', 'AREA_RATIO_THRESH': None, 'AREA_2D_RATIO_THRESH': None, 'GT_TRUNCATED_THRESH': 0.98}
filter truncated ratio: null 3d boxes [[-0.29       -2.6        -0.66499996  6.4         1.91        2.13
  -3.132389  ]] flipped True image idx 1111 frame_id 002465 

{'NAME': 'filter_truncated', 'AREA_RATIO_THRESH': None, 'AREA_2D_RATIO_THRESH': None, 'GT_TRUNCATED_THRESH': 0.98}
filter truncated ratio: null 3d boxes [[ 1.71       -3.15       -0.815       4.04        1.68        1.61
   0.00920367]] flipped False image idx 2489 frame_id 005530 

{'NAME': 'filter_truncated', 'AREA_RATIO_THRESH': None, 'AREA_2D_RATIO_THRESH': None, 'GT_TRUNCATED_THRESH': 0.98}
filter truncated ratio: null 3d boxes [[ 1.53      -2.51      -0.87       3.51       1.59       1.44
  -3.1807964]] flipped False image idx 287 frame_id 000623 

{'NAME': 'filter_truncated', 'AREA_RATIO_THRESH': None, 'AREA_2D_RATIO_THRESH': None, 'GT_TRUNCATED_THRESH': 0.98}
filter truncated ratio: null 3d boxes [[ 3.76       4.36      -1.0699999  4.18       1.76       1.58
  -3.1007962]] flipped False image idx 2111 frame_id 004684 

{'NAME': 'filter_truncated', 'AREA_RATIO_THRESH': None, 'AREA_2D_RATIO_THRESH': None, 'GT_TRUNCATED_THRESH': 0.98}
filter truncated ratio: null 3d boxes [[ 2.93      -3.86      -1.165      3.5        1.51       1.47
  -3.1623893]] flipped True image idx 2768 frame_id 006149 

{'NAME': 'filter_truncated', 'AREA_RATIO_THRESH': None, 'AREA_2D_RATIO_THRESH': None, 'GT_TRUNCATED_THRESH': 0.98}
filter truncated ratio: null 3d boxes [[ 0.98       2.83      -0.505      5.81       1.98       2.47
  -3.1507964]] flipped False image idx 3232 frame_id 007203 

{'NAME': 'filter_truncated', 'AREA_RATIO_THRESH': None, 'AREA_2D_RATIO_THRESH': None, 'GT_TRUNCATED_THRESH': 0.98}
filter truncated ratio: null 3d boxes [[ 2.94       3.01      -0.815      4.28       1.69       1.83
  -3.0907965]] flipped False image idx 2259 frame_id 005033 

{'NAME': 'filter_truncated', 'AREA_RATIO_THRESH': None, 'AREA_2D_RATIO_THRESH': None, 'GT_TRUNCATED_THRESH': 0.98}
filter truncated ratio: null 3d boxes [[ 2.32        2.93       -0.76500005  3.78        1.62        1.61
  -6.222389  ]] flipped True image idx 1450 frame_id 003238 

{'NAME': 'filter_truncated', 'AREA_RATIO_THRESH': None, 'AREA_2D_RATIO_THRESH': None, 'GT_TRUNCATED_THRESH': 0.98}
filter truncated ratio: null 3d boxes [[ 2.13       3.68      -1.01       4.17       1.6        1.5
  -3.2007964]] flipped False image idx 889 frame_id 001955 

{'NAME': 'filter_truncated', 'AREA_RATIO_THRESH': None, 'AREA_2D_RATIO_THRESH': None, 'GT_TRUNCATED_THRESH': 0.98}
filter truncated ratio: null 3d boxes [[ 0.93        2.67       -0.90000004  3.8         1.65        1.36
  -6.322389  ]] flipped True image idx 2426 frame_id 005411 

{'NAME': 'filter_truncated', 'AREA_RATIO_THRESH': None, 'AREA_2D_RATIO_THRESH': None, 'GT_TRUNCATED_THRESH': 0.98}
filter truncated ratio: null 3d boxes [[ 2.78     -2.84     -0.925     4.45      1.88      1.65     -3.082389]] flipped True image idx 1959 frame_id 004331 

{'NAME': 'filter_truncated', 'AREA_RATIO_THRESH': None, 'AREA_2D_RATIO_THRESH': None, 'GT_TRUNCATED_THRESH': 0.98}
filter truncated ratio: null 3d boxes [[ 2.99      -5.21      -0.735      4.03       1.72       1.51
  -1.5607964]] flipped False image idx 845 frame_id 001849 

{'NAME': 'filter_truncated', 'AREA_RATIO_THRESH': None, 'AREA_2D_RATIO_THRESH': None, 'GT_TRUNCATED_THRESH': 0.98}
filter truncated ratio: null 3d boxes [[ 0.64       -2.87       -0.80499995  3.73        1.62        1.51
  -0.03079641]] flipped False image idx 470 frame_id 000996 

{'NAME': 'filter_truncated', 'AREA_RATIO_THRESH': None, 'AREA_2D_RATIO_THRESH': None, 'GT_TRUNCATED_THRESH': 0.98}
filter truncated ratio: null 3d boxes [[ 2.84       3.39      -1.08       4.28       1.73       1.52
  -3.1607964]] flipped False image idx 323 frame_id 000690 

{'NAME': 'filter_truncated', 'AREA_RATIO_THRESH': None, 'AREA_2D_RATIO_THRESH': None, 'GT_TRUNCATED_THRESH': 0.98}
filter truncated ratio: null 3d boxes [[ 0.39      2.42     -0.87      3.58      1.57      1.46     -6.262389]] flipped True image idx 1336 frame_id 002972 

{'NAME': 'filter_truncated', 'AREA_RATIO_THRESH': None, 'AREA_2D_RATIO_THRESH': None, 'GT_TRUNCATED_THRESH': 0.98}
filter truncated ratio: null 3d boxes [[ 2.33      2.72     -0.92      3.8       1.65      1.36     -6.302389]] flipped True image idx 2042 frame_id 004518 

{'NAME': 'filter_truncated', 'AREA_RATIO_THRESH': None, 'AREA_2D_RATIO_THRESH': None, 'GT_TRUNCATED_THRESH': 0.98}
filter truncated ratio: null 3d boxes [[ 1.38       -3.73       -0.90999997  3.89        1.62        1.5
   0.04920363]] flipped False image idx 290 frame_id 000631 

{'NAME': 'filter_truncated', 'AREA_RATIO_THRESH': None, 'AREA_2D_RATIO_THRESH': None, 'GT_TRUNCATED_THRESH': 0.98}
filter truncated ratio: null 3d boxes [[ 3.0400000e+00 -3.6099999e+00 -9.2500001e-01  3.2300000e+00
   1.5700001e+00  1.4100000e+00 -7.9631805e-04]] flipped False image idx 2447 frame_id 005454 

{'NAME': 'filter_truncated', 'AREA_RATIO_THRESH': None, 'AREA_2D_RATIO_THRESH': None, 'GT_TRUNCATED_THRESH': 0.98}
filter truncated ratio: null 3d boxes [[ 1.83       -2.81       -0.675       4.44        1.69        1.83
  -0.03079641]
 [ 4.02        5.09       -0.97499996  3.73        1.61        1.65
  -3.1507964 ]] flipped False image idx 1169 frame_id 002595 

{'NAME': 'filter_truncated', 'AREA_RATIO_THRESH': None, 'AREA_2D_RATIO_THRESH': None, 'GT_TRUNCATED_THRESH': 0.98}
filter truncated ratio: null 3d boxes [[ 0.65      2.61     -0.89      3.17      1.48      1.54     -6.272389]] flipped True image idx 693 frame_id 001506 

{'NAME': 'filter_truncated', 'AREA_RATIO_THRESH': None, 'AREA_2D_RATIO_THRESH': None, 'GT_TRUNCATED_THRESH': 0.98}
filter truncated ratio: null 3d boxes [[ 1.63       -2.85       -0.8299999   3.93        1.58        1.46
   0.03920364]] flipped False image idx 163 frame_id 000339 

{'NAME': 'filter_truncated', 'AREA_RATIO_THRESH': None, 'AREA_2D_RATIO_THRESH': None, 'GT_TRUNCATED_THRESH': 0.98}
filter truncated ratio: null 3d boxes [[ 3.03       3.09      -0.99       3.64       1.55       1.56
  -3.1007962]] flipped False image idx 97 frame_id 000185 

{'NAME': 'filter_truncated', 'AREA_RATIO_THRESH': None, 'AREA_2D_RATIO_THRESH': None, 'GT_TRUNCATED_THRESH': 0.98}
filter truncated ratio: null 3d boxes [[ 0.94      2.78     -0.72      3.86      1.6       1.74     -6.262389]] flipped True image idx 2660 frame_id 005891 

{'NAME': 'filter_truncated', 'AREA_RATIO_THRESH': None, 'AREA_2D_RATIO_THRESH': None, 'GT_TRUNCATED_THRESH': 0.98}
filter truncated ratio: null 3d boxes [[ 3.17       -3.2        -0.815       4.04        1.68        1.61
  -0.03079641]] flipped False image idx 2114 {"step": 1700, "arm": "P", "frame_id": "000573", "loss": 2.2686209678649902}
{"step": 1800, "arm": "P", "frame_id": "000606", "loss": 2.126603364944458}
{"step": 1900, "arm": "P", "frame_id": "000950", "loss": 0.672927975654602}
{"step": 2000, "arm": "P", "frame_id": "000010", "loss": 1.648667335510254}
{"step": 2100, "arm": "P", "frame_id": "002157", "loss": 1.5295199155807495}
{"step": 2200, "arm": "P", "frame_id": "005261", "loss": 1.8696112632751465}
{"step": 2300, "arm": "P", "frame_id": "005478", "loss": 1.4551708698272705}
{"step": 2400, "arm": "P", "frame_id": "002642", "loss": 0.2238287776708603}
{'NAME': 'filter_truncated', 'AREA_RATIO_THRESH': None, 'AREA_2D_RATIO_THRESH': None, 'GT_TRUNCATED_THRESH': 0.98}
filter truncated ratio: null 3d boxes [[ 1.69      2.74     -0.84      3.89      1.64      1.64     -6.302389]] flipped True image idx 3096 frame_id 006904 

{'NAME': 'filter_truncated', 'AREA_RATIO_THRESH': None, 'AREA_2D_RATIO_THRESH': None, 'GT_TRUNCATED_THRESH': 0.98}
filter truncated ratio: null 3d boxes [[ 3.49      -4.12      -0.9599999  3.66       1.61       1.44
  -3.142389 ]] flipped True image idx 2589 frame_id 005742 

{'NAME': 'filter_truncated', 'AREA_RATIO_THRESH': None, 'AREA_2D_RATIO_THRESH': None, 'GT_TRUNCATED_THRESH': 0.98}
filter truncated ratio: null 3d boxes [[ 3.22        3.65       -0.79499996  3.95        1.58        1.69
  -6.2923894 ]] flipped True image idx 2955 frame_id 006557 

{'NAME': 'filter_truncated', 'AREA_RATIO_THRESH': None, 'AREA_2D_RATIO_THRESH': None, 'GT_TRUNCATED_THRESH': 0.98}
filter truncated ratio: null 3d boxes [[ 2.52       3.02      -1.         4.04       1.62       1.46
  -3.0807962]] flipped False image idx 1789 frame_id 003929 

{'NAME': 'filter_truncated', 'AREA_RATIO_THRESH': None, 'AREA_2D_RATIO_THRESH': None, 'GT_TRUNCATED_THRESH': 0.98}
filter truncated ratio: null 3d boxes [[ 1.41       -2.45       -0.96000004  3.52        1.6         1.54
   0.03920364]] flipped False image idx 1774 frame_id 003904 

{'NAME': 'filter_truncated', 'AREA_RATIO_THRESH': None, 'AREA_2D_RATIO_THRESH': None, 'GT_TRUNCATED_THRESH': 0.98}
filter truncated ratio: null 3d boxes [[ 2.12       -3.68       -0.885       3.24        1.6         1.51
  -0.01079643]] flipped False image idx 769 frame_id 001676 

{'NAME': 'filter_truncated', 'AREA_RATIO_THRESH': None, 'AREA_2D_RATIO_THRESH': None, 'GT_TRUNCATED_THRESH': 0.98}
filter truncated ratio: null 3d boxes [[ 1.59       -3.05       -0.885       3.26        1.46        1.53
   0.01920366]] flipped False image idx 478 frame_id 001016 

{'NAME': 'filter_truncated', 'AREA_RATIO_THRESH': None, 'AREA_2D_RATIO_THRESH': None, 'GT_TRUNCATED_THRESH': 0.98}
filter truncated ratio: null 3d boxes [[ 0.47       2.6       -1.         3.79       1.6        1.48
  -6.3123894]] flipped True image idx 262 frame_id 000577 

{'NAME': 'filter_truncated', 'AREA_RATIO_THRESH': None, 'AREA_2D_RATIO_THRESH': None, 'GT_TRUNCATED_THRESH': 0.98}
filter truncated ratio: null 3d boxes [[ 2.65      3.05     -0.865     3.26      1.46      1.53     -6.302389]] flipped True image idx 2141 frame_id 004774 

{'NAME': 'filter_truncated', 'AREA_RATIO_THRESH': None, 'AREA_2D_RATIO_THRESH': None, 'GT_TRUNCATED_THRESH': 0.98}
filter truncated ratio: null 3d boxes [[ 3.52       -4.28       -0.79999995  4.18        1.65        1.74
  -3.2223892 ]] flipped True image idx 1698 frame_id 003749 

{'NAME': 'filter_truncated', 'AREA_RATIO_THRESH': None, 'AREA_2D_RATIO_THRESH': None, 'GT_TRUNCATED_THRESH': 0.98}
filter truncated ratio: null 3d boxes [[ 3.25      -4.44      -0.94       4.51       1.63       1.64
  -3.2623892]] flipped True image idx 2132 frame_id 004751 

{'NAME': 'filter_truncated', 'AREA_RATIO_THRESH': None, 'AREA_2D_RATIO_THRESH': None, 'GT_TRUNCATED_THRESH': 0.98}
filter truncated ratio: null 3d boxes [[-0.18       2.55      -0.72       4.28       1.58       1.52
  -6.3523893]] flipped True image idx 2257 frame_id 005029 

{'NAME': 'filter_truncated', 'AREA_RATIO_THRESH': None, 'AREA_2D_RATIO_THRESH': None, 'GT_TRUNCATED_THRESH': 0.98}
filter truncated ratio: null 3d boxes [[ 2.89      -3.31      -0.865      4.53       1.87       1.97
  -3.1623893]] flipped True image idx 1536 frame_id 003423 

{'NAME': 'filter_truncated', 'AREA_RATIO_THRESH': None, 'AREA_2D_RATIO_THRESH': None, 'GT_TRUNCATED_THRESH': 0.98}
filter truncated ratio: null 3d boxes [[ 3.04       -3.63       -0.89000005  4.49        1.67        1.66
  -3.152389  ]] flipped True image idx 2960 frame_id 006567 

{'NAME': 'filter_truncated', 'AREA_RATIO_THRESH': None, 'AREA_2D_RATIO_THRESH': None, 'GT_TRUNCATED_THRESH': 0.98}
filter truncated ratio: null 3d boxes [[ 2.4      -2.9      -1.        3.63      1.46      1.42     -3.112389]] flipped True image idx 1890 frame_id 004166 

{'NAME': 'filter_truncated', 'AREA_RATIO_THRESH': None, 'AREA_2D_RATIO_THRESH': None, 'GT_TRUNCATED_THRESH': 0.98}
filter truncated ratio: null 3d boxes [[ 0.85       -2.69       -0.85499996  3.34        1.49        1.59
   0.04920363]] flipped False image idx 2890 frame_id 006404 

{'NAME': 'filter_truncated', 'AREA_RATIO_THRESH': None, 'AREA_2D_RATIO_THRESH': None, 'GT_TRUNCATED_THRESH': 0.98}
filter truncated ratio: null 3d boxes [[ 2.93      4.66     -0.73      4.18      1.86      1.48     -4.652389]] flipped True image idx 938 frame_id 002080 

{'NAME': 'filter_truncated', 'AREA_RATIO_THRESH': None, 'AREA_2D_RATIO_THRESH': None, 'GT_TRUNCATED_THRESH': 0.98}
filter truncated ratio: null 3d boxes [[ 1.9         3.19       -0.89000005  4.08        1.66        1.4
  -6.3123894 ]] flipped True image idx 895 frame_id 001963 

{'NAME': 'filter_truncated', 'AREA_RATIO_THRESH': None, 'AREA_2D_RATIO_THRESH': None, 'GT_TRUNCATED_THRESH': 0.98}
filter truncated ratio: null 3d boxes [[ 2.27       3.67      -0.92       3.98       1.54       1.58
  -3.1407964]] flipped False image idx 3201 frame_id 007137 

{'NAME': 'filter_truncated', 'AREA_RATIO_THRESH': None, 'AREA_2D_RATIO_THRESH': None, 'GT_TRUNCATED_THRESH': 0.98}
filter truncated ratio: null 3d boxes [[ 4.44       3.9       -0.2800001  6.86       2.22       2.84
  -3.1707964]] flipped False image idx 998 frame_id 002210 

{'NAME': 'filter_truncated', 'AREA_RATIO_THRESH': None, 'AREA_2D_RATIO_THRESH': None, 'GT_TRUNCATED_THRESH': 0.98}
filter truncated ratio: null 3d boxes [[ 1.88      2.45     -0.9       3.58      1.57      1.46     -6.232389]] flipped True image idx 1607 frame_id 003577 

{'NAME': 'filter_truncated', 'AREA_RATIO_THRESH': None, 'AREA_2D_RATIO_THRESH': None, 'GT_TRUNCATED_THRESH': 0.98}
filter truncated ratio: null 3d boxes [[ 18.54       -19.09        -0.06999999   4.98         1.87
    1.78        -0.0407964 ]] flipped False image idx 165 frame_id 000344 

{'NAME': 'filter_truncated', 'AREA_RATIO_THRESH': None, 'AREA_2D_RATIO_THRESH': None, 'GT_TRUNCATED_THRESH': 0.98}
filter truncated ratio: null 3d boxes [[ 2.51       3.59      -0.875      3.75       1.51       1.55
  -3.1607964]] flipped False image idx 1013 frame_id 002241 

{'NAME': 'filter_truncated', 'AREA_RATIO_THRESH': None, 'AREA_2D_RATIO_THRESH': None, 'GT_TRUNCATED_THRESH': 0.98}
filter truncated ratio: null 3d boxes [[ 2.08       -2.59       -0.87        3.17        1.48        1.54
  -0.01079643]] flipped False image idx 3213 frame_id 007160 

{'NAME': 'filter_truncated', 'AREA_RATIO_THRESH': None, 'AREA_2D_RATIO_THRESH': None, 'GT_TRUNCATED_THRESH': 0.98}
filter truncated ratio: null 3d boxes [[ 2.52        3.47       -1.1300001   3.85        1.68        1.14
  -3.1507964 ]
 [ 2.69       -2.79       -0.8550001   4.39        1.68        1.43
  -0.01079643]] flipped False image idx 1961 frame_id 004333 

{'NAME': 'filter_truncated', 'AREA_RATIO_THRESH': None, 'AREA_2D_RATIO_THRESH': None, 'GT_TRUNCATED_THRESH': 0.98}
filter truncated ratio: null 3d boxes [[ 3.23     -3.91     -0.975     3.11      1.43      1.47     -3.112389]] flipped True image idx 368 frame_id 000787 

{'NAME': 'filter_truncated', 'AREA_RATIO_THRESH': None, 'AREA_2D_RATIO_THRESH': None, 'GT_TRUNCATED_THRESH': 0.98}
filter truncated ratio: null 3d boxes [[ 5.78        7.72       -0.58000004  6.22        1.85        2.6
  -0.32079637]] flipped False image idx 3216 frame_id 007171 

{'NAME': 'filter_truncated', 'AREA_RATIO_THRESH': None, 'AREA_2D_RATIO_THRESH': None, 'GT_TRUNCATED_THRESH': 0.98}
filter truncated ratio: null 3d boxes [[ 2.79      3.61     -0.77      4.41      1.64      1.52     -6.302389]] flipped True image idx 200 frame_id 000439 

{'NAME': 'filter_truncated', 'AREA_RATIO_THRESH': None, 'AREA_2D_RATIO_THRESH': None, 'GT_TRUNCATED_THRESH': 0.98}
filter truncated ratio: null 3d boxes [[ 2.01       3.33      -0.91       3.62       1.73       1.6
  -3.0507965]] flipped False image idx 2102 frame_id 004663 

{"step": 2500, "arm": "P", "frame_id": "002513", "loss": 1.1272177696228027}
{"step": 2600, "arm": "P", "frame_id": "001185", "loss": 1.6947145462036133}
{"step": 2700, "arm": "P", "frame_id": "006974", "loss": 1.3572782278060913}
{"step": 2800, "arm": "P", "frame_id": "006383", "loss": 1.0836734771728516}
{"step": 2900, "arm": "P", "frame_id": "000233", "loss": 0.8762116432189941}
{"step": 3000, "arm": "P", "frame_id": "001958", "loss": 2.17954683303833}
{"step": 3100, "arm": "P", "frame_id": "003767", "loss": 1.2573193311691284}
{'NAME': 'filter_truncated', 'AREA_RATIO_THRESH': None, 'AREA_2D_RATIO_THRESH': None, 'GT_TRUNCATED_THRESH': 0.98}
filter truncated ratio: null 3d boxes [[ 5.38      -6.78      -0.985      3.7        1.51       1.45
  -3.1607964]] flipped False image idx 1609 frame_id 003579 

{'NAME': 'filter_truncated', 'AREA_RATIO_THRESH': None, 'AREA_2D_RATIO_THRESH': None, 'GT_TRUNCATED_THRESH': 0.98}
filter truncated ratio: null 3d boxes [[ 4.18     -5.38     -1.235     4.23      1.58      1.31     -3.112389]] flipped True image idx 1101 frame_id 002443 

{'NAME': 'filter_truncated', 'AREA_RATIO_THRESH': None, 'AREA_2D_RATIO_THRESH': None, 'GT_TRUNCATED_THRESH': 0.98}
filter truncated ratio: null 3d boxes [[ 0.93       -3.         -0.84999996  3.93        1.68        1.58
  -0.01079643]] flipped False image idx 1217 frame_id 002697 

{'NAME': 'filter_truncated', 'AREA_RATIO_THRESH': None, 'AREA_2D_RATIO_THRESH': None, 'GT_TRUNCATED_THRESH': 0.98}
filter truncated ratio: null 3d boxes [[ 2.55     -3.49     -1.05      4.21      1.7       1.5      -3.132389]] flipped True image idx 1679 frame_id 003714 

{'NAME': 'filter_truncated', 'AREA_RATIO_THRESH': None, 'AREA_2D_RATIO_THRESH': None, 'GT_TRUNCATED_THRESH': 0.98}
filter truncated ratio: null 3d boxes [[ 1.94       -3.62       -0.77        4.41        1.64        1.52
   0.01920366]] flipped False image idx 1447 frame_id 003234 

{'NAME': 'filter_truncated', 'AREA_RATIO_THRESH': None, 'AREA_2D_RATIO_THRESH': None, 'GT_TRUNCATED_THRESH': 0.98}
filter truncated ratio: null 3d boxes [[ 1.22        2.91       -0.74499995  3.78        1.62        1.61
  -6.222389  ]] flipped True image idx 2987 frame_id 006627 

{'NAME': 'filter_truncated', 'AREA_RATIO_THRESH': None, 'AREA_2D_RATIO_THRESH': None, 'GT_TRUNCATED_THRESH': 0.98}
filter truncated ratio: null 3d boxes [[ 3.34        4.53       -0.80499995  4.11        1.6         1.73
  -0.33079636]] flipped False image idx 2354 frame_id 005261 

{'NAME': 'filter_truncated', 'AREA_RATIO_THRESH': None, 'AREA_2D_RATIO_THRESH': None, 'GT_TRUNCATED_THRESH': 0.98}
filter truncated ratio: null 3d boxes [[ 2.61       4.97      -0.585      4.34       1.68       1.85
  -1.6123892]] flipped True image idx 1137 frame_id 002514 

{'NAME': 'filter_truncated', 'AREA_RATIO_THRESH': None, 'AREA_2D_RATIO_THRESH': None, 'GT_TRUNCATED_THRESH': 0.98}
filter truncated ratio: null 3d boxes [[ 3.83     -5.3      -1.08      4.32      1.7       1.54     -3.112389]] flipped True image idx 364 frame_id 000780 

{'NAME': 'filter_truncated', 'AREA_RATIO_THRESH': None, 'AREA_2D_RATIO_THRESH': None, 'GT_TRUNCATED_THRESH': 0.98}
filter truncated ratio: null 3d boxes [[ 2.85       -2.86       -0.70500004  5.18        2.02        2.05
  -3.192389  ]] flipped True image idx 2359 frame_id 005269 

{'NAME': 'filter_truncated', 'AREA_RATIO_THRESH': None, 'AREA_2D_RATIO_THRESH': None, 'GT_TRUNCATED_THRESH': 0.98}
filter truncated ratio: null 3d boxes [[ 2.59        3.64       -0.93499994  4.22        1.73        1.47
  -6.282389  ]] flipped True image idx 2349 frame_id 005253 

{'NAME': 'filter_truncated', 'AREA_RATIO_THRESH': None, 'AREA_2D_RATIO_THRESH': None, 'GT_TRUNCATED_THRESH': 0.98}
filter truncated ratio: null 3d boxes [[ 3.17       -2.86       -0.81999993  4.45        1.69        1.44
   0.01920366]] flipped False image idx 491 frame_id 001044 

{'NAME': 'filter_truncated', 'AREA_RATIO_THRESH': None, 'AREA_2D_RATIO_THRESH': None, 'GT_TRUNCATED_THRESH': 0.98}
filter truncated ratio: null 3d boxes [[ 2.34        4.66       -0.68999994  4.37        1.66        1.74
  -4.722389  ]] flipped True image idx 2778 frame_id 006166 

{'NAME': 'filter_truncated', 'AREA_RATIO_THRESH': None, 'AREA_2D_RATIO_THRESH': None, 'GT_TRUNCATED_THRESH': 0.98}
filter truncated ratio: null 3d boxes [[ 4.13     -5.12     -1.1       3.7       1.46      1.5      -3.152389]] flipped True image idx 5 frame_id 000011 

{'NAME': 'filter_truncated', 'AREA_RATIO_THRESH': None, 'AREA_2D_RATIO_THRESH': None, 'GT_TRUNCATED_THRESH': 0.98}
filter truncated ratio: null 3d boxes [[ 2.81       4.12      -1.0050001  4.41       1.72       1.41
  -3.1507964]] flipped False image idx 2232 frame_id 004970 

{'NAME': 'filter_truncated', 'AREA_RATIO_THRESH': None, 'AREA_2D_RATIO_THRESH': None, 'GT_TRUNCATED_THRESH': 0.98}
filter truncated ratio: null 3d boxes [[ 4.43       6.3       -0.75       5.56       1.99       2.02
  -3.1307964]] flipped False image idx 459 frame_id 000975 

{'NAME': 'filter_truncated', 'AREA_RATIO_THRESH': None, 'AREA_2D_RATIO_THRESH': None, 'GT_TRUNCATED_THRESH': 0.98}
filter truncated ratio: null 3d boxes [[ 3.24       3.92      -1.0350001  4.16       1.79       1.37
  -3.1607964]] flipped False image idx 3014 frame_id 006688 

{'NAME': 'filter_truncated', 'AREA_RATIO_THRESH': None, 'AREA_2D_RATIO_THRESH': None, 'GT_TRUNCATED_THRESH': 0.98}
filter truncated ratio: null 3d boxes [[ 3.28      3.66     -0.9       3.89      1.62      1.5      -6.322389]] flipped True image idx 1267 frame_id 002821 

{'NAME': 'filter_truncated', 'AREA_RATIO_THRESH': None, 'AREA_2D_RATIO_THRESH': None, 'GT_TRUNCATED_THRESH': 0.98}
filter truncated ratio: null 3d boxes [[ 3.38     -4.11     -0.76      4.39      1.79      1.98     -3.192389]] flipped True image idx 3038 frame_id 006746 

{'NAME': 'filter_truncated', 'AREA_RATIO_THRESH': None, 'AREA_2D_RATIO_THRESH': None, 'GT_TRUNCATED_THRESH': 0.98}
filter truncated ratio: null 3d boxes [[ 2.68     -3.18     -1.01      3.2       1.43      1.7      -3.142389]] flipped True image idx 2702 frame_id 005990 

{'NAME': 'filter_truncated', 'AREA_RATIO_THRESH': None, 'AREA_2D_RATIO_THRESH': None, 'GT_TRUNCATED_THRESH': 0.98}
filter truncated ratio: null 3d boxes [[ 2.72       -2.93       -0.85        3.7         1.47        1.48
   0.02920365]] flipped False image idx 140 frame_id 000286 

{'NAME': 'filter_truncated', 'AREA_RATIO_THRESH': None, 'AREA_2D_RATIO_THRESH': None, 'GT_TRUNCATED_THRESH': 0.98}
filter truncated ratio: null 3d boxes [[ 1.06     -3.17     -0.995     4.67      1.75      1.77     -6.272389]] flipped True image idx 2389 frame_id 005346 

{'NAME': 'filter_truncated', 'AREA_RATIO_THRESH': None, 'AREA_2D_RATIO_THRESH': None, 'GT_TRUNCATED_THRESH': 0.98}
filter truncated ratio: null 3d boxes [[ 1.03      3.01     -0.89      3.51      1.55      1.54     -6.222389]] flipped True image idx 1436 frame_id 003200 

{'NAME': 'filter_truncated', 'AREA_RATIO_THRESH': None, 'AREA_2D_RATIO_THRESH': None, 'GT_TRUNCATED_THRESH': 0.98}
filter truncated ratio: null 3d boxes [[ 7.66       -9.52       -0.48999995  4.33        1.64        1.62
  -2.3207965 ]] flipped False image idx 332 frame_id 000712 

{'NAME': 'filter_truncated', 'AREA_RATIO_THRESH': None, 'AREA_2D_RATIO_THRESH': None, 'GT_TRUNCATED_THRESH': 0.98}
filter truncated ratio: null 3d boxes [[ 1.45      -2.36      -1.0400001  3.6        1.56       1.56
  -2.9723892]] flipped True image idx 530 frame_id 001156 

{'NAME': 'filter_truncated', 'AREA_RATIO_THRESH': None, 'AREA_2D_RATIO_THRESH': None, 'GT_TRUNCATED_THRESH': 0.98}
filter truncated ratio: null 3d boxes [[ 3.35        2.59       -0.67499995  6.4         1.91        2.13
  -3.1507964 ]] flipped False image idx 1055 frame_id 002339 

{'NAME': 'filter_truncated', 'AREA_RATIO_THRESH': None, 'AREA_2D_RATIO_THRESH': None, 'GT_TRUNCATED_THRESH': 0.98}
filter truncated ratio: null 3d boxes [[ 4.26        5.32       -0.42999995  5.35        2.03        2.46
  -0.03079641]] flipped False image idx 1425 frame_id 003178 

{'NAME': 'filter_truncated', 'AREA_RATIO_THRESH': None, 'AREA_2D_RATIO_THRESH': None, 'GT_TRUNCATED_THRESH': 0.98}
filter truncated ratio: null 3d boxes [[ 1.48       2.59      -0.655      6.4        1.91       2.13
  -3.1507964]] flipped False image idx 466 frame_id 000992 

{'NAME': 'filter_truncated', 'AREA_RATIO_THRESH': None, 'AREA_2D_RATIO_THRESH': None, 'GT_TRUNCATED_THRESH': 0.98}
filter truncated ratio: null 3d boxes [[ 1.95       -3.85       -0.66499996  4.43        1.84        1.75
  -0.2907964 ]
 [ 6.13       -6.84       -0.665       4.48        1.8         1.57
  -0.8607964 ]] flipped False image idx 2316 frame_id 005178 

{"step": 3200, "arm": "P", "frame_id": "006543", "loss": 0.6667648553848267}
{"step": 3300, "arm": "P", "frame_id": "000525", "loss": 0.7253947854042053}
frame_id 004701 

{'NAME': 'filter_truncated', 'AREA_RATIO_THRESH': None, 'AREA_2D_RATIO_THRESH': None, 'GT_TRUNCATED_THRESH': 0.98}
filter truncated ratio: null 3d boxes [[ 2.9       -2.99      -0.9250001  3.78       1.67       1.53
  -3.122389 ]] flipped True image idx 1978 frame_id 004376 

{'NAME': 'filter_truncated', 'AREA_RATIO_THRESH': None, 'AREA_2D_RATIO_THRESH': None, 'GT_TRUNCATED_THRESH': 0.98}
filter truncated ratio: null 3d boxes [[ 1.58       -2.89       -0.73        4.13        1.62        1.74
  -0.02079642]] flipped False image idx 3230 frame_id 007196 

{'NAME': 'filter_truncated', 'AREA_RATIO_THRESH': None, 'AREA_2D_RATIO_THRESH': None, 'GT_TRUNCATED_THRESH': 0.98}
filter truncated ratio: null 3d boxes [[ 2.49      -2.33      -1.0500001  3.6        1.56       1.56
  -3.0123892]] flipped True image idx 1591 frame_id 003542 

{'NAME': 'filter_truncated', 'AREA_RATIO_THRESH': None, 'AREA_2D_RATIO_THRESH': None, 'GT_TRUNCATED_THRESH': 0.98}
filter truncated ratio: null 3d boxes [[ 1.97     -3.25     -0.98      3.77      1.51      1.44     -3.152389]] flipped True image idx 2533 frame_id 005628 

{'NAME': 'filter_truncated', 'AREA_RATIO_THRESH': None, 'AREA_2D_RATIO_THRESH': None, 'GT_TRUNCATED_THRESH': 0.98}
filter truncated ratio: null 3d boxes [[ 3.05       -5.56       -0.45500004  4.71        1.74        1.73
  -4.680796  ]] flipped False image idx 2886 frame_id 006399 

{'NAME': 'filter_truncated', 'AREA_RATIO_THRESH': None, 'AREA_2D_RATIO_THRESH': None, 'GT_TRUNCATED_THRESH': 0.98}
filter truncated ratio: null 3d boxes [[ 1.62       -2.8        -0.83500004  3.93        1.55        1.49
   0.02920365]] flipped False image idx 1897 frame_id 004181 

{'NAME': 'filter_truncated', 'AREA_RATIO_THRESH': None, 'AREA_2D_RATIO_THRESH': None, 'GT_TRUNCATED_THRESH': 0.98}
filter truncated ratio: null 3d boxes [[ 2.26       -2.74       -0.88        4.08        1.64        1.54
  -3.0423892 ]
 [ 1.69        2.71       -0.85999995  3.43        1.67        1.58
  -6.2923894 ]] flipped True image idx 2772 frame_id 006157 

{'NAME': 'filter_truncated', 'AREA_RATIO_THRESH': None, 'AREA_2D_RATIO_THRESH': None, 'GT_TRUNCATED_THRESH': 0.98}
filter truncated ratio: null 3d boxes [[ 1.74       3.        -1.05       3.94       1.68       1.6
  -3.1407964]] flipped False image idx 28 frame_id 000057 

{'NAME': 'filter_truncated', 'AREA_RATIO_THRESH': None, 'AREA_2D_RATIO_THRESH': None, 'GT_TRUNCATED_THRESH': 0.98}
filter truncated ratio: null 3d boxes [[ 4.64        5.79       -0.97499996  4.65        1.78        1.37
  -3.0207963 ]] flipped False image idx 2700 frame_id 005980 

{'NAME': 'filter_truncated', 'AREA_RATIO_THRESH': None, 'AREA_2D_RATIO_THRESH': None, 'GT_TRUNCATED_THRESH': 0.98}
filter truncated ratio: null 3d boxes [[ 1.63       -3.24       -0.81000006  3.52        1.57        1.54
  -0.12079632]] flipped False image idx 883 frame_id 001947 

{'NAME': 'filter_truncated', 'AREA_RATIO_THRESH': None, 'AREA_2D_RATIO_THRESH': None, 'GT_TRUNCATED_THRESH': 0.98}
filter truncated ratio: null 3d boxes [[ 2.23      -2.95      -1.0049999  3.99       1.6        1.57
  -3.1623893]] flipped True image idx 3060 frame_id 006814 

{'NAME': 'filter_truncated', 'AREA_RATIO_THRESH': None, 'AREA_2D_RATIO_THRESH': None, 'GT_TRUNCATED_THRESH': 0.98}
filter truncated ratio: null 3d boxes [[ 2.76      3.76     -0.865     4.1       1.74      1.45     -6.242389]] flipped True image idx 1646 frame_id 003648 

{'NAME': 'filter_truncated', 'AREA_RATIO_THRESH': None, 'AREA_2D_RATIO_THRESH': None, 'GT_TRUNCATED_THRESH': 0.98}
filter truncated ratio: null 3d boxes [[ 2.74       -2.72       -0.84999996  3.89        1.64        1.64
   0.00920367]] flipped False image idx 1566 frame_id 003494 

{'NAME': 'filter_truncated', 'AREA_RATIO_THRESH': None, 'AREA_2D_RATIO_THRESH': None, 'GT_TRUNCATED_THRESH': 0.98}
filter truncated ratio: null 3d boxes [[ 2.41      3.01     -0.86      3.51      1.55      1.54     -6.222389]] flipped True image idx 3077 frame_id 006846 

{'NAME': 'filter_truncated', 'AREA_RATIO_THRESH': None, 'AREA_2D_RATIO_THRESH': None, 'GT_TRUNCATED_THRESH': 0.98}
filter truncated ratio: null 3d boxes [[ 2.53       -3.2        -0.87000006  3.72        1.5         1.4
   0.02920365]] flipped False image idx 787 frame_id 001734 

{'NAME': 'filter_truncated', 'AREA_RATIO_THRESH': None, 'AREA_2D_RATIO_THRESH': None, 'GT_TRUNCATED_THRESH': 0.98}
filter truncated ratio: null 3d boxes [[ 1.36     -3.01     -0.785     4.28      1.69      1.83     -3.192389]] flipped True image idx 38 frame_id 000075 

{'NAME': 'filter_truncated', 'AREA_RATIO_THRESH': None, 'AREA_2D_RATIO_THRESH': None, 'GT_TRUNCATED_THRESH': 0.98}
filter truncated ratio: null 3d boxes [[ 6.19      -8.3       -0.72       4.47       1.75       1.48
  -1.5707964]] flipped False image idx 937 frame_id 002077 

{'NAME': 'filter_truncated', 'AREA_RATIO_THRESH': None, 'AREA_2D_RATIO_THRESH': None, 'GT_TRUNCATED_THRESH': 0.98}
filter truncated ratio: null 3d boxes [[ 2.82       3.37      -1.09       3.38       1.53       1.5
  -3.1107965]] flipped False image idx 2370 frame_id 005293 

{'NAME': 'filter_truncated', 'AREA_RATIO_THRESH': None, 'AREA_2D_RATIO_THRESH': None, 'GT_TRUNCATED_THRESH': 0.98}
filter truncated ratio: null 3d boxes [[ 2.72      2.68     -0.74      4.28      1.58      1.52     -6.272389]] flipped True image idx 2996 frame_id 006648 

{'NAME': 'filter_truncated', 'AREA_RATIO_THRESH': None, 'AREA_2D_RATIO_THRESH': None, 'GT_TRUNCATED_THRESH': 0.98}
filter truncated ratio: null 3d boxes [[ 2.9         4.87       -0.55999994  6.78        2.02        2.48
  -3.0607963 ]] flipped False image idx 2006 frame_id 004442 

{'NAME': 'filter_truncated', 'AREA_RATIO_THRESH': None, 'AREA_2D_RATIO_THRESH': None, 'GT_TRUNCATED_THRESH': 0.98}
filter truncated ratio: null 3d boxes [[ 2.3        3.35      -0.96       3.32       1.49       1.38
  -6.3123894]] flipped True image idx 1534 frame_id 003418 

{'NAME': 'filter_truncated', 'AREA_RATIO_THRESH': None, 'AREA_2D_RATIO_THRESH': None, 'GT_TRUNCATED_THRESH': 0.98}
filter truncated ratio: null 3d boxes [[ 1.73      3.39     -0.795     3.11      1.6       1.61     -6.052389]] flipped True image idx 1742 frame_id 003840 

{'NAME': 'filter_truncated', 'AREA_RATIO_THRESH': None, 'AREA_2D_RATIO_THRESH': None, 'GT_TRUNCATED_THRESH': 0.98}
filter truncated ratio: null 3d boxes [[ 0.8        -2.81       -0.85        4.45        1.69        1.44
   0.02920365]] flipped False image idx 1309 frame_id 002912 

{'NAME': 'filter_truncated', 'AREA_RATIO_THRESH': None, 'AREA_2D_RATIO_THRESH': None, 'GT_TRUNCATED_THRESH': 0.98}
filter truncated ratio: null 3d boxes [[ 3.92        4.93       -1.0799999   3.89        1.45        1.44
  -0.36079633]] flipped False image idx 1070 frame_id 002371 

{'NAME': 'filter_truncated', 'AREA_RATIO_THRESH': None, 'AREA_2D_RATIO_THRESH': None, 'GT_TRUNCATED_THRESH': 0.98}
filter truncated ratio: null 3d boxes [[ 1.95      2.52     -1.01      3.79      1.6       1.48     -6.282389]] flipped True image idx 3334 frame_id 007459 

{'NAME': 'filter_truncated', 'AREA_RATIO_THRESH': None, 'AREA_2D_RATIO_THRESH': None, 'GT_TRUNCATED_THRESH': 0.98}
filter truncated ratio: null 3d boxes [[ 1.42       -2.73       -0.89000005  3.56        1.53        1.4
   0.01920366]] flipped False image idx 2140 frame_id 004772 

{'NAME': 'filter_truncated', 'AREA_RATIO_THRESH': None, 'AREA_2D_RATIO_THRESH': None, 'GT_TRUNCATED_THRESH': 0.98}
filter truncated ratio: null 3d boxes [[ 2.47       -2.92       -0.89        3.58        1.51        1.54
   0.00920367]] flipped False image idx 3059 frame_id 006810 

{'NAME': 'filter_truncated', 'AREA_RATIO_THRESH': None, 'AREA_2D_RATIO_THRESH': None, 'GT_TRUNCATED_THRESH': 0.98}
filter truncated ratio: null 3d boxes [[ 2.77        3.18       -0.975       4.67        1.75        1.77
  -0.01079643]] flipped False image idx 1493 frame_id 003332 

{'NAME': 'filter_truncated', 'AREA_RATIO_THRESH': None, 'AREA_2D_RATIO_THRESH': None, 'GT_TRUNCATED_THRESH': 0.98}
filter truncated ratio: null 3d boxes [[ 1.93       2.88      -0.795      3.22       1.54       1.57
  -6.3123894]
 [ 4.09      -5.01      -1.11       3.72       1.54       1.54
  -3.092389 ]] flipped True image idx 896 frame_id 001964 

{'NAME': 'filter_truncated', 'AREA_RATIO_THRESH': None, 'AREA_2D_RATIO_THRESH': None, 'GT_TRUNCATED_THRESH': 0.98}
filter truncated ratio: null 3d boxes [[ 1.97        3.18       -0.86500007  4.22        1.66        1.91
  -3.0707965 ]] flipped False image idx 3210 frame_id 007153 

{'NAME': 'filter_truncated', 'AREA_RATIO_THRESH': None, 'AREA_2D_RATIO_THRESH': None, 'GT_TRUNCATED_THRESH': 0.98}
filter truncated ratio: null 3d boxes [[ 4.73        6.78       -0.43499994  4.43        1.52        1.47
  -4.742389  ]] flipped True image idx 3202 frame_id 007140 

{'NAME': 'filter_truncated', 'AREA_RATIO_THRESH': None, 'AREA_2D_RATIO_THRESH': None, 'GT_TRUNCATED_THRESH': 0.98}
filter truncated ratio: null 3d boxes [[ 6.76        8.38       -0.34000003  3.98        1.63        1.48
  -4.712389  ]] flipped True image idx 1723 frame_id 003803 

{'NAME': 'filter_truncated', 'AREA_RATIO_THRESH': None, 'AREA_2D_RATIO_THRESH': None, 'GT_TRUNCATED_THRESH': 0.98}
filter truncated ratio: null 3d boxes [[ 2.0100000e+00 -2.9300001e+00 -8.3499998e-01  3.7500000e+00
   1.5900000e+00  1.5700001e+00 -7.9631805e-04]] flipped False image idx 1767 frame_id 003887 

{'NAME': 'filter_truncated', 'AREA_RATIO_THRESH': None, 'AREA_2D_RATIO_THRESH': None, 'GT_TRUNCATED_THRESH': 0.98}
filter truncated ratio: null 3d boxes [[ 1.99       -2.87       -0.82500005  3.73        1.62        1.51
  -0.03079641]] flipped False image idx 2507 frame_id 005578 

{'NAME': 'filter_truncated', 'AREA_RATIO_THRESH': None, 'AREA_2D_RATIO_THRESH': None, 'GT_TRUNCATED_THRESH': 0.98}
filter truncated ratio: null 3d boxes [[ 1.41       -2.89       -0.9         3.79        1.59        1.5
   0.02920365]] flipped False image idx 275 frame_id 000599 

{'NAME': 'filter_truncated', 'AREA_RATIO_THRESH': None, 'AREA_2D_RATIO_THRESH': None, 'GT_TRUNCATED_THRESH': 0.98}
filter truncated ratio: null 3d boxes [[ 1.8         3.04       -0.965       4.19        1.66        1.43
  -3.0907965 ]
 [ 1.24       -2.97       -0.81        3.75        1.71        1.58
  -0.13079631]] flipped False image idx 2769 frame_id 006150 

{'NAME': 'filter_truncated', 'AREA_RATIO_THRESH': None, 'AREA_2D_RATIO_THRESH': None, 'GT_TRUNCATED_THRESH': 0.98}
filter truncated ratio: null 3d boxes [[ 2.24     -3.03     -0.95      3.9       1.63      1.68     -3.192389]] flipped True image idx 521 frame_id 001121 

{'NAME': 'filter_truncated', 'AREA_RATIO_THRESH': None, 'AREA_2D_RATIO_THRESH': None, 'GT_TRUNCATED_THRESH': 0.98}
filter truncated ratio: null 3d boxes [[ 2.47     -2.67     -0.67      0.5       0.72      1.84     -4.600796]] flipped False image idx 2978 frame_id 006608 

{'NAME': 'filter_truncated', 'AREA_RATIO_THRESH': None, 'AREA_2D_RATIO_THRESH': None, 'GT_TRUNCATED_THRESH': 0.98}
filter truncated ratio: null 3d boxes [[ 1.08      3.63     -0.78      4.41      1.64      1.52     -6.302389]] flipped True image idx 277 frame_id 000603 

{'NAME': 'filter_truncated', 'AREA_RATIO_THRESH': None, 'AREA_2D_RATIO_THRESH': None, 'GT_TRUNCATED_THRESH': 0.98}
filter truncated ratio: null 3d boxes [[ 1.73       -3.52       -0.885       4.37        1.65        1.53
   0.02920365]] flipped False image idx 1023 frame_id 002263 

{'NAME': 'filter_truncated', 'AREA_RATIO_THRESH': None, 'AREA_2D_RATIO_THRESH': None, 'GT_TRUNCATED_THRESH': 0.98}
filter truncated ratio: null 3d boxes [[ 3.35       5.31      -0.855      4.72       1.69       1.79
  -4.0507965]] flipped False image idx 1409 frame_id 003147 

{'NAME': 'filter_truncated', 'AREA_RATIO_THRESH': None, 'AREA_2D_RATIO_THRESH': None, 'GT_TRUNCATED_THRESH': 0.98}
filter truncated ratio: null 3d boxes [[ 1.74       2.8       -1.         3.68       1.54       1.52
  -3.1407964]] flipped False image idx 1439 frame_id 003206 

{'NAME': 'filter_truncated', 'AREA_RATIO_THRESH': None, 'AREA_2D_RATIO_THRESH': None, 'GT_TRUNCATED_THRESH': 0.98}
filter truncated ratio: null 3d boxes [[ 2.42       4.09      -1.005      4.5        1.71       1.55
  -3.1407964]] flipped False image idx 64 frame_id 000120 

{'NAME': 'filter_truncated', 'AREA_RATIO_THRESH': None, 'AREA_2D_RATIO_THRESH': None, 'GT_TRUNCATED_THRESH': 0.98}
filter truncated ratio: null 3d boxes [[  3.05         2.97        -0.965        4.19         1.66
    1.43        -3.1007962 ]
 [  2.43        -3.02        -0.78000003   3.75         1.71
    1.58        -0.15079641]
 [ 15.65       -15.42        -0.685        3.35         1.65
    1.57        -1.1007963 ]] flipped False image idx 2175 frame_id 004842 

{'NAME': 'filter_truncated', 'AREA_RATIO_THRESH': None, 'AREA_2D_RATIO_THRESH': None, 'GT_TRUNCATED_THRESH': 0.98}
filter truncated ratio: null 3d boxes [[ 1.95        2.98       -0.84999996  3.84        1.67        1.58
  -6.322389  ]] flipped True image idx 2399 frame_id 005362 

{'NAME': 'filter_truncated', 'AREA_RATIO_THRESH': None, 'AREA_2D_RATIO_THRESH': None, 'GT_TRUNCATED_THRESH': 0.98}
filter truncated ratio: null 3d boxes [[ 1.75       -3.02       -0.67        3.71        1.57        1.88
   0.03920364]] flipped False image idx 3292 frame_id 007355 

{'NAME': 'filter_truncated', 'AREA_RATIO_THRESH': None, 'AREA_2D_RATIO_THRESH': None, 'GT_TRUNCATED_THRESH': 0.98}
filter truncated ratio: null 3d boxes [[ 2.91       -3.76       -0.66999996  5.53        1.9         2.2
  -3.2307963 ]] flipped False image idx 2127 frame_id 004736 

{'NAME': 'filter_truncated', 'AREA_RATIO_THRESH': None, 'AREA_2D_RATIO_THRESH': None, 'GT_TRUNCATED_THRESH': 0.98}
filter truncated ratio: null 3d boxes [[ 2.07        2.83       -0.83500004  3.81        1.6         1.49
  -6.3123894 ]] flipped True image idx 2613 frame_id 005791 

{'NAME': 'filter_truncated', 'AREA_RATIO_THRESH': None, 'AREA_2D_RATIO_THRESH': None, 'GT_TRUNCATED_THRESH': 0.98}
filter truncated ratio: null 3d boxes [[ 2.69       3.52      -1.12       3.82       1.53       1.7
  -3.1107965]] flipped False image idx 1641 frame_id 003640 

{'NAME': 'filter_truncated', 'AREA_RATIO_THRESH': None, 'AREA_2D_RATIO_THRESH': None, 'GT_TRUNCATED_THRESH': 0.98}
filter truncated ratio: null 3d boxes [[ 3.98       -5.26       -0.58000004  4.44        1.71        1.5
  -3.1907964 ]] flipped False image idx 2726 frame_id 006055 

{'NAME': 'filter_truncated', 'AREA_RATIO_THRESH': None, 'AREA_2D_RATIO_THRESH': None, 'GT_TRUNCATED_THRESH': 0.98}
filter truncated ratio: null 3d boxes [[ 2.45       -2.75       -0.67999995  3.86        1.6         1.74
  -0.02079642]] flipped False image idx 1934 frame_id 004265 

{'NAME': 'filter_truncated', 'AREA_RATIO_THRESH': None, 'AREA_2D_RATIO_THRESH': None, 'GT_TRUNCATED_THRESH': 0.98}
filter truncated ratio: null 3d boxes [[ 3.09       3.88      -0.97       4.51       1.8        1.48
  -3.1307964]] flipped False image idx 2414 frame_id 005395 

{'NAME': 'filter_truncated', 'AREA_RATIO_THRESH': None, 'AREA_2D_RATIO_THRESH': None, 'GT_TRUNCATED_THRESH': 0.98}
filter truncated ratio: null 3d boxes [[ 2.15       3.06      -1.0799999  4.11       1.66       1.42
  -3.1207962]] flipped False image idx 398 frame_id 000842 

{'NAME': 'filter_truncated', 'AREA_RATIO_THRESH': None, 'AREA_2D_RATIO_THRESH': None, 'GT_TRUNCATED_THRESH': 0.98}
filter truncated ratio: null 3d boxes [[ 2.89       -3.57       -0.945       4.21        1.59        1.43
  -0.01079643]] flipped False image idx 2286 frame_id 005102 

{'NAME': 'filter_truncated', 'AREA_RATIO_THRESH': None, 'AREA_2D_RATIO_THRESH': None, 'GT_TRUNCATED_THRESH': 0.98}
filter truncated ratio: null 3d boxes [[ 2.2400000e+00 -3.5999999e+00 -9.2500001e-01  3.2300000e+00
   1.5700001e+00  1.4100000e+00 -7.9631805e-04]] flipped False image idx 3123 frame_id 006961 

{'NAME': 'filter_truncated', 'AREA_RATIO_THRESH': None, 'AREA_2D_RATIO_THRESH': None, 'GT_TRUNCATED_THRESH': 0.98}
filter truncated ratio: null 3d boxes [[ 2.65       -2.71       -0.97999996  3.6         1.55        1.38
   0.00920367]] flipped False image idx 1418 frame_id 003163 

{'NAME': 'filter_truncated', 'AREA_RATIO_THRESH': None, 'AREA_2D_RATIO_THRESH': None, 'GT_TRUNCATED_THRESH': 0.98}
filter truncated ratio: null 3d boxes [[ 8.59      10.12      -0.57       4.3        1.41       1.42
  -4.6823893]] flipped True image idx 834 frame_id 001830 

{'NAME': 'filter_truncated', 'AREA_RATIO_THRESH': None, 'AREA_2D_RATIO_THRESH': None, 'GT_TRUNCATED_THRESH': 0.98}
filter truncated ratio: null 3d boxes [[ 2.6        2.61      -1.01       4.04       1.7        1.32
  -6.2523894]] flipped True image idx 620 frame_id 001368 

{'NAME': 'filter_truncated', 'AREA_RATIO_THRESH': None, 'AREA_2D_RATIO_THRESH': None, 'GT_TRUNCATED_THRESH': 0.98}
filter truncated ratio: null 3d boxes [[ 0.64       2.76      -0.83       3.89       1.64       1.64
  -6.3123894]] flipped True image idx 173 frame_id 000371 

{"state": "finished", "arm": "P", "optimizer_steps": 3340, "checkpoint_sha256": "6609edc8011dca14be2a34e5bafe26bc5a5fcb41a3d5fe42a923aaeb23f7a77e"}
