/home/sheng/paper6/.venv/lib/python3.10/site-packages/numba/cuda/dispatcher.py:536: NumbaPerformanceWarning: [1mGrid size 1 will likely result in GPU under-utilization due to low occupancy.[0m
  warn(NumbaPerformanceWarning(msg))
/home/sheng/paper6/.venv/lib/python3.10/site-packages/numba/cuda/dispatcher.py:536: NumbaPerformanceWarning: [1mGrid size 63 will likely result in GPU under-utilization due to low occupancy.[0m
  warn(NumbaPerformanceWarning(msg))
/home/sheng/paper6/.venv/lib/python3.10/site-packages/numba/cuda/dispatcher.py:536: NumbaPerformanceWarning: [1mGrid size 1 will likely result in GPU under-utilization due to low occupancy.[0m
  warn(NumbaPerformanceWarning(msg))
/home/sheng/paper6/.venv/lib/python3.10/site-packages/numba/core/typed_passes.py:336: NumbaPerformanceWarning: [1m
The keyword argument 'parallel=True' was specified but no transformation for parallel execution was possible.

To find out why, try turning on parallel diagnostics, see https://numba.readthedocs.io/en/stable/user/parallel.html#diagnostics for help.
[1m
File "third_party/LIGA-Stereo/liga/datasets/kitti/kitti_object_eval_python/eval.py", line 121:[0m
[1m@numba.jit(nopython=True, parallel=True)
[1mdef d3_box_overlap_kernel(boxes, qboxes, rinc, criterion=-1):
[0m[1m^[0m[0m
[0m
  warnings.warn(errors.NumbaPerformanceWarning(msg,
/home/sheng/paper6/.venv/lib/python3.10/site-packages/numba/cuda/dispatcher.py:536: NumbaPerformanceWarning: [1mGrid size 1 will likely result in GPU under-utilization due to low occupancy.[0m
  warn(NumbaPerformanceWarning(msg))
/home/sheng/paper6/.venv/lib/python3.10/site-packages/numba/cuda/dispatcher.py:536: NumbaPerformanceWarning: [1mGrid size 63 will likely result in GPU under-utilization due to low occupancy.[0m
  warn(NumbaPerformanceWarning(msg))
/home/sheng/paper6/.venv/lib/python3.10/site-packages/numba/core/typed_passes.py:336: NumbaPerformanceWarning: [1m
The keyword argument 'parallel=True' was specified but no transformation for parallel execution was possible.

To find out why, try turning on parallel diagnostics, see https://numba.readthedocs.io/en/stable/user/parallel.html#diagnostics for help.
[1m
File "third_party/LIGA-Stereo/liga/datasets/kitti/kitti_object_eval_python/eval.py", line 121:[0m
[1m@numba.jit(nopython=True, parallel=True)
[1mdef d3_box_overlap_kernel(boxes, qboxes, rinc, criterion=-1):
[0m[1m^[0m[0m
[0m
  warnings.warn(errors.NumbaPerformanceWarning(msg,
{"state": "passed", "evidence_type": "training_only_holdout_artifact_and_recomputed_AP_audit", "F9_arm": "P", "F9_snr_db": 6.0, "F9_channel": "awgn", "boundary_report_sha256": "362c58ad4fa04fcf8918ed2abf52675f2024ec4e7c734567193aac3c0785bf27", "checkpoint_sha256": "6609edc8011dca14be2a34e5bafe26bc5a5fcb41a3d5fe42a923aaeb23f7a77e", "evaluation_sources": {"sha256": "afd8d6722ea4ad911f2c0d4fbfe31f34545f86fd445701bf04c8778f85d68d67", "file_hashes": {"experiments/geometry-link/F9/evaluation/AP_audit.py": "5f5dcd2e959e2d528a4d23ae61f197a94185e464b08d49343325ca81eea8c4e0", "experiments/geometry-link/F9/evaluation/formal_cycle.py": "c17aa52f5853d60d29ac4cf088c55491358b3182789de479e2c27d4e0dae3e15", "experiments/geometry-link/F9/evaluation/diagnose.py": "4bb741645314b7fb57d8680815e47e5c4cdfcde5115798994f3a5ac6429772d0", "experiments/geometry-link/F9/evaluation/integration.py": "1a227f940345f5f4afddf66a74e2ce56bf11bb68bced1ef296f2d170e6700758", "experiments/geometry-link/F9/evaluation/receiver_reference.py": "781a04f479129e56bde54f46d8b0319fca423a8f8618c7d285434b877076f6cd", "experiments/geometry-link/F9/evaluation/integration_cycle.py": "933dc0c42209d63fb8fd50de6438cfbb191f56a640217d10b141dc522c6e5ff9", "experiments/geometry-link/F9/evaluation/integration_audit.py": "5d994510d09f68c4ba514d0537b76a0b1500e34cb415281429a168c1724743aa", "experiments/geometry-link/F9/evaluation/record_contract.py": "e558e89c42339838ee0f39c95b69b31b806f4dcb9547b698e0bb22af6c334648", "experiments/geometry-link/F9/evaluation/check_cpu.py": "ed98c655edcb6945ace9ba7393643ae11f94953fff5782d1bc60ee1b58e198c2", "experiments/geometry-link/F9/evaluation/common.py": "84fc3d2d6c8b85c2d93abc8a8c111f87f76542cd10e67eaab0b845afa7b832c1", "experiments/geometry-link/F9/evaluation/feature_audit.py": "e0d859f1c019dd42800985129280fd2b341ac5f17e1e4084cb313f1c08421a70", "experiments/geometry-link/F9/evaluation/configs/awgn18-holdout.yaml": "67341f0d15bd95f6f7844f0ad17c453f1cb0371dc864308b738946a7f4c1d3da", "experiments/geometry-link/F9/evaluation/configs/identity10-holdout.yaml": "8d8053cc19d69eceb89280182b30ccb2d60d9d1a7ff6971c2343fe3bee2c247f", "experiments/geometry-link/F9/evaluation/configs/awgn6-holdout.yaml": "96df3083d6ce8fa5d3e77cd98ee80e9fce48073e077510351613b9a86003d129", "experiments/geometry-link/F9/evaluation/configs/awgn10-holdout.yaml": "0e4e64cfedcbbf605ff4a057d745307f2e64076b3089d395de5b8f5563b00941"}, "generated_version_py_excluded": true}, "frames": 372, "predictions": 2965, "empty_frames": 1, "run_manifest_sha256": "b69b40ed531e13776592e16d931519b0b8ca7a9fb9397a462c86ae13e36f50f5", "source_manifest_sha256": "3f935457abff972d441518ef44bb25f9ca3ee48dbf1a6fd9a41ede8f4665b970", "preparation_sha256": "911473b1a3dda3238e20dc3951929ce0dfff87dc5c84f4a131c35d906ff95701", "metrics_sha256": "8f780536fce0a3fffac686c9305ad2db3494ef593072f2f7ad8a7498d3c7cdc7", "result_pickle_sha256": "bb315b5dfd1ef22c1704c5961406a3e42b833d6de12726d52dd2f5da21adbf56", "all_file_hashes_sha256": "79b103a124a6f47a9daa6d5ab22cdcc0024d4feb9b58f93ed387bd094ad7b75d", "recomputed_metrics": {"Car_aos/easy_R40": 77.8243227163703, "Car_aos/moderate_R40": 56.150547451825204, "Car_aos/hard_R40": 49.51023004170072, "Car_3d/easy_R40": 48.142236293410754, "Car_3d/moderate_R40": 28.190435044668575, "Car_3d/hard_R40": 22.922758572850835, "Car_bev/easy_R40": 68.39995205207097, "Car_bev/moderate_R40": 42.118339361388735, "Car_bev/hard_R40": 34.658287087917664, "Car_image/easy_R40": 83.23007364361771, "Car_image/moderate_R40": 61.80828038687316, "Car_image/hard_R40": 54.70831651561251, "Pedestrian_aos/easy_R40": 27.743323747880744, "Pedestrian_aos/moderate_R40": 27.746582791913166, "Pedestrian_aos/hard_R40": 26.22419371713684, "Pedestrian_3d/easy_R40": 32.390288836602814, "Pedestrian_3d/moderate_R40": 29.487489108483235, "Pedestrian_3d/hard_R40": 26.96697603763359, "Pedestrian_bev/easy_R40": 40.553715075401946, "Pedestrian_bev/moderate_R40": 36.42275415469602, "Pedestrian_bev/hard_R40": 33.56407949223224, "Pedestrian_image/easy_R40": 52.96915786156116, "Pedestrian_image/moderate_R40": 48.912027840921, "Pedestrian_image/hard_R40": 46.05780939538995, "Cyclist_aos/easy_R40": 10.087768491376774, "Cyclist_aos/moderate_R40": 11.860478764942712, "Cyclist_aos/hard_R40": 13.42576580838927, "Cyclist_3d/easy_R40": 4.5675029066338, "Cyclist_3d/moderate_R40": 4.913565587342043, "Cyclist_3d/hard_R40": 5.926340755002082, "Cyclist_bev/easy_R40": 5.266090399687053, "Cyclist_bev/moderate_R40": 6.710118318829964, "Cyclist_bev/hard_R40": 7.367432696512911, "Cyclist_image/easy_R40": 13.434844584813924, "Cyclist_image/moderate_R40": 15.300854306947617, "Cyclist_image/hard_R40": 17.0431440210786}, "tuning_fold_sha256": "35f22b0022b5968c09c9a8a7e1b9ad6c8ab23c52283673495a36ddba59406f4c", "communication": {"sha256": "20823694361dfd3964a93324ea50b07cf94783bbce43628fc8a31bc1faca8808", "frames": 372, "channel": ["awgn"], "allocation": ["F9_P"], "complex_uses": [62400], "CBR": [0.026041666666666668]}, "limitations": "fresh prediction/label/calibration hashes and raw-GT versus infos checks; image/LiDAR identity comes from verified archives; not original communication codec reproduction; original detector pretraining included this codec holdout; not main-validation scientific result"}
