/home/sheng/paper6/.venv/lib/python3.10/site-packages/numba/cuda/dispatcher.py:536: NumbaPerformanceWarning: [1mGrid size 1 will likely result in GPU under-utilization due to low occupancy.[0m
  warn(NumbaPerformanceWarning(msg))
/home/sheng/paper6/.venv/lib/python3.10/site-packages/numba/cuda/dispatcher.py:536: NumbaPerformanceWarning: [1mGrid size 63 will likely result in GPU under-utilization due to low occupancy.[0m
  warn(NumbaPerformanceWarning(msg))
/home/sheng/paper6/.venv/lib/python3.10/site-packages/numba/cuda/dispatcher.py:536: NumbaPerformanceWarning: [1mGrid size 1 will likely result in GPU under-utilization due to low occupancy.[0m
  warn(NumbaPerformanceWarning(msg))
/home/sheng/paper6/.venv/lib/python3.10/site-packages/numba/core/typed_passes.py:336: NumbaPerformanceWarning: [1m
The keyword argument 'parallel=True' was specified but no transformation for parallel execution was possible.

To find out why, try turning on parallel diagnostics, see https://numba.readthedocs.io/en/stable/user/parallel.html#diagnostics for help.
[1m
File "third_party/LIGA-Stereo/liga/datasets/kitti/kitti_object_eval_python/eval.py", line 121:[0m
[1m@numba.jit(nopython=True, parallel=True)
[1mdef d3_box_overlap_kernel(boxes, qboxes, rinc, criterion=-1):
[0m[1m^[0m[0m
[0m
  warnings.warn(errors.NumbaPerformanceWarning(msg,
/home/sheng/paper6/.venv/lib/python3.10/site-packages/numba/cuda/dispatcher.py:536: NumbaPerformanceWarning: [1mGrid size 1 will likely result in GPU under-utilization due to low occupancy.[0m
  warn(NumbaPerformanceWarning(msg))
/home/sheng/paper6/.venv/lib/python3.10/site-packages/numba/core/typed_passes.py:336: NumbaPerformanceWarning: [1m
The keyword argument 'parallel=True' was specified but no transformation for parallel execution was possible.

To find out why, try turning on parallel diagnostics, see https://numba.readthedocs.io/en/stable/user/parallel.html#diagnostics for help.
[1m
File "third_party/LIGA-Stereo/liga/datasets/kitti/kitti_object_eval_python/eval.py", line 121:[0m
[1m@numba.jit(nopython=True, parallel=True)
[1mdef d3_box_overlap_kernel(boxes, qboxes, rinc, criterion=-1):
[0m[1m^[0m[0m
[0m
  warnings.warn(errors.NumbaPerformanceWarning(msg,
/home/sheng/paper6/.venv/lib/python3.10/site-packages/numba/cuda/dispatcher.py:536: NumbaPerformanceWarning: [1mGrid size 1 will likely result in GPU under-utilization due to low occupancy.[0m
  warn(NumbaPerformanceWarning(msg))
/home/sheng/paper6/.venv/lib/python3.10/site-packages/numba/cuda/dispatcher.py:536: NumbaPerformanceWarning: [1mGrid size 63 will likely result in GPU under-utilization due to low occupancy.[0m
  warn(NumbaPerformanceWarning(msg))
{"state": "passed", "evidence_type": "identity_codec_holdout_diagnostic_AP_audit", "F9_arm": "G", "F9_snr_db": 10.0, "F9_channel": "identity", "boundary_report_sha256": "0c52384eb453091f69f63d366904af91818e0a0586071e270deba5ecb8d643d6", "checkpoint_sha256": "439f3ea3b35de993456a9eca5d61eed89b92f45db0ed4c888997a8a46a210a75", "evaluation_sources": {"sha256": "afd8d6722ea4ad911f2c0d4fbfe31f34545f86fd445701bf04c8778f85d68d67", "file_hashes": {"experiments/geometry-link/F9/evaluation/AP_audit.py": "5f5dcd2e959e2d528a4d23ae61f197a94185e464b08d49343325ca81eea8c4e0", "experiments/geometry-link/F9/evaluation/formal_cycle.py": "c17aa52f5853d60d29ac4cf088c55491358b3182789de479e2c27d4e0dae3e15", "experiments/geometry-link/F9/evaluation/diagnose.py": "4bb741645314b7fb57d8680815e47e5c4cdfcde5115798994f3a5ac6429772d0", "experiments/geometry-link/F9/evaluation/integration.py": "1a227f940345f5f4afddf66a74e2ce56bf11bb68bced1ef296f2d170e6700758", "experiments/geometry-link/F9/evaluation/receiver_reference.py": "781a04f479129e56bde54f46d8b0319fca423a8f8618c7d285434b877076f6cd", "experiments/geometry-link/F9/evaluation/integration_cycle.py": "933dc0c42209d63fb8fd50de6438cfbb191f56a640217d10b141dc522c6e5ff9", "experiments/geometry-link/F9/evaluation/integration_audit.py": "5d994510d09f68c4ba514d0537b76a0b1500e34cb415281429a168c1724743aa", "experiments/geometry-link/F9/evaluation/record_contract.py": "e558e89c42339838ee0f39c95b69b31b806f4dcb9547b698e0bb22af6c334648", "experiments/geometry-link/F9/evaluation/check_cpu.py": "ed98c655edcb6945ace9ba7393643ae11f94953fff5782d1bc60ee1b58e198c2", "experiments/geometry-link/F9/evaluation/common.py": "84fc3d2d6c8b85c2d93abc8a8c111f87f76542cd10e67eaab0b845afa7b832c1", "experiments/geometry-link/F9/evaluation/feature_audit.py": "e0d859f1c019dd42800985129280fd2b341ac5f17e1e4084cb313f1c08421a70", "experiments/geometry-link/F9/evaluation/configs/awgn18-holdout.yaml": "67341f0d15bd95f6f7844f0ad17c453f1cb0371dc864308b738946a7f4c1d3da", "experiments/geometry-link/F9/evaluation/configs/identity10-holdout.yaml": "8d8053cc19d69eceb89280182b30ccb2d60d9d1a7ff6971c2343fe3bee2c247f", "experiments/geometry-link/F9/evaluation/configs/awgn6-holdout.yaml": "96df3083d6ce8fa5d3e77cd98ee80e9fce48073e077510351613b9a86003d129", "experiments/geometry-link/F9/evaluation/configs/awgn10-holdout.yaml": "0e4e64cfedcbbf605ff4a057d745307f2e64076b3089d395de5b8f5563b00941"}, "generated_version_py_excluded": true}, "frames": 372, "predictions": 2715, "empty_frames": 1, "run_manifest_sha256": "1de1a7787c64de474da00d741b27f2b78f81223ac5ab25a51e720c44140edf86", "source_manifest_sha256": "3f935457abff972d441518ef44bb25f9ca3ee48dbf1a6fd9a41ede8f4665b970", "preparation_sha256": "911473b1a3dda3238e20dc3951929ce0dfff87dc5c84f4a131c35d906ff95701", "metrics_sha256": "7562d1593b3ab3162ff678498590316b3b4eba660a56328352c0db1630469b38", "result_pickle_sha256": "d4c4eb3e5bf89c923ad725d91f4b985dc8d35baade9c34878937013c3de168a2", "all_file_hashes_sha256": "63e71a508c75e87e2965e7592dec7ef3c6ce21f6cea87129500f46bb22b7eb39", "recomputed_metrics": {"Car_aos/easy_R40": 81.2975488084685, "Car_aos/moderate_R40": 63.17352179690718, "Car_aos/hard_R40": 54.71018709108356, "Car_3d/easy_R40": 55.0757880393169, "Car_3d/moderate_R40": 33.24920836883448, "Car_3d/hard_R40": 27.367172882838155, "Car_bev/easy_R40": 73.92792130182532, "Car_bev/moderate_R40": 47.65510865703796, "Car_bev/hard_R40": 39.4552341839262, "Car_image/easy_R40": 85.20030621792858, "Car_image/moderate_R40": 67.23168887247454, "Car_image/hard_R40": 58.344634333466736, "Pedestrian_aos/easy_R40": 33.37551234378196, "Pedestrian_aos/moderate_R40": 32.16088725286275, "Pedestrian_aos/hard_R40": 29.718844428833684, "Pedestrian_3d/easy_R40": 41.388141174763845, "Pedestrian_3d/moderate_R40": 36.129516821965595, "Pedestrian_3d/hard_R40": 32.46267602848517, "Pedestrian_bev/easy_R40": 44.844744945172025, "Pedestrian_bev/moderate_R40": 39.03397068197959, "Pedestrian_bev/hard_R40": 35.2872350063015, "Pedestrian_image/easy_R40": 60.070514458795955, "Pedestrian_image/moderate_R40": 54.443375592661326, "Pedestrian_image/hard_R40": 50.61568123213179, "Cyclist_aos/easy_R40": 18.148339918558758, "Cyclist_aos/moderate_R40": 20.411125830495045, "Cyclist_aos/hard_R40": 22.974884843296174, "Cyclist_3d/easy_R40": 4.853386809269161, "Cyclist_3d/moderate_R40": 5.665783564719735, "Cyclist_3d/hard_R40": 6.574353957232794, "Cyclist_bev/easy_R40": 9.116607248960193, "Cyclist_bev/moderate_R40": 9.43243619062126, "Cyclist_bev/hard_R40": 10.32786052072107, "Cyclist_image/easy_R40": 20.2761481127301, "Cyclist_image/moderate_R40": 23.32843180832697, "Cyclist_image/hard_R40": 25.891175464411347}, "tuning_fold_sha256": "35f22b0022b5968c09c9a8a7e1b9ad6c8ab23c52283673495a36ddba59406f4c", "communication": {"sha256": "ec241de32273e595131806de993f3b9f6647f70aac84089ee4d8e6a4f79c64eb", "frames": 372, "channel": ["identity"], "allocation": ["F9_G"], "complex_uses": [62400], "CBR": [0.026041666666666668]}, "limitations": "fresh prediction/label/calibration hashes and raw-GT versus infos checks; image/LiDAR identity comes from verified archives; not original communication codec reproduction; codec with zero channel noise, not physical wireless performance; original detector pretraining included this codec holdout; not main-validation scientific result"}
