/home/sheng/paper6/.venv/lib/python3.10/site-packages/numba/cuda/dispatcher.py:536: NumbaPerformanceWarning: [1mGrid size 1 will likely result in GPU under-utilization due to low occupancy.[0m
  warn(NumbaPerformanceWarning(msg))
/home/sheng/paper6/.venv/lib/python3.10/site-packages/numba/cuda/dispatcher.py:536: NumbaPerformanceWarning: [1mGrid size 63 will likely result in GPU under-utilization due to low occupancy.[0m
  warn(NumbaPerformanceWarning(msg))
/home/sheng/paper6/.venv/lib/python3.10/site-packages/numba/cuda/dispatcher.py:536: NumbaPerformanceWarning: [1mGrid size 1 will likely result in GPU under-utilization due to low occupancy.[0m
  warn(NumbaPerformanceWarning(msg))
/home/sheng/paper6/.venv/lib/python3.10/site-packages/numba/core/typed_passes.py:336: NumbaPerformanceWarning: [1m
The keyword argument 'parallel=True' was specified but no transformation for parallel execution was possible.

To find out why, try turning on parallel diagnostics, see https://numba.readthedocs.io/en/stable/user/parallel.html#diagnostics for help.
[1m
File "third_party/LIGA-Stereo/liga/datasets/kitti/kitti_object_eval_python/eval.py", line 121:[0m
[1m@numba.jit(nopython=True, parallel=True)
[1mdef d3_box_overlap_kernel(boxes, qboxes, rinc, criterion=-1):
[0m[1m^[0m[0m
[0m
  warnings.warn(errors.NumbaPerformanceWarning(msg,
/home/sheng/paper6/.venv/lib/python3.10/site-packages/numba/cuda/dispatcher.py:536: NumbaPerformanceWarning: [1mGrid size 1 will likely result in GPU under-utilization due to low occupancy.[0m
  warn(NumbaPerformanceWarning(msg))
/home/sheng/paper6/.venv/lib/python3.10/site-packages/numba/core/typed_passes.py:336: NumbaPerformanceWarning: [1m
The keyword argument 'parallel=True' was specified but no transformation for parallel execution was possible.

To find out why, try turning on parallel diagnostics, see https://numba.readthedocs.io/en/stable/user/parallel.html#diagnostics for help.
[1m
File "third_party/LIGA-Stereo/liga/datasets/kitti/kitti_object_eval_python/eval.py", line 121:[0m
[1m@numba.jit(nopython=True, parallel=True)
[1mdef d3_box_overlap_kernel(boxes, qboxes, rinc, criterion=-1):
[0m[1m^[0m[0m
[0m
  warnings.warn(errors.NumbaPerformanceWarning(msg,
/home/sheng/paper6/.venv/lib/python3.10/site-packages/numba/cuda/dispatcher.py:536: NumbaPerformanceWarning: [1mGrid size 1 will likely result in GPU under-utilization due to low occupancy.[0m
  warn(NumbaPerformanceWarning(msg))
/home/sheng/paper6/.venv/lib/python3.10/site-packages/numba/cuda/dispatcher.py:536: NumbaPerformanceWarning: [1mGrid size 63 will likely result in GPU under-utilization due to low occupancy.[0m
  warn(NumbaPerformanceWarning(msg))
{"state": "passed", "evidence_type": "training_only_holdout_artifact_and_recomputed_AP_audit", "F9_arm": "P", "F9_snr_db": 18.0, "F9_channel": "awgn", "boundary_report_sha256": "9a0b9b773ef72310f6e0a5cf13a4f1e88458689a519cdf176494cccbad4ca8bd", "checkpoint_sha256": "6609edc8011dca14be2a34e5bafe26bc5a5fcb41a3d5fe42a923aaeb23f7a77e", "evaluation_sources": {"sha256": "afd8d6722ea4ad911f2c0d4fbfe31f34545f86fd445701bf04c8778f85d68d67", "file_hashes": {"experiments/geometry-link/F9/evaluation/AP_audit.py": "5f5dcd2e959e2d528a4d23ae61f197a94185e464b08d49343325ca81eea8c4e0", "experiments/geometry-link/F9/evaluation/formal_cycle.py": "c17aa52f5853d60d29ac4cf088c55491358b3182789de479e2c27d4e0dae3e15", "experiments/geometry-link/F9/evaluation/diagnose.py": "4bb741645314b7fb57d8680815e47e5c4cdfcde5115798994f3a5ac6429772d0", "experiments/geometry-link/F9/evaluation/integration.py": "1a227f940345f5f4afddf66a74e2ce56bf11bb68bced1ef296f2d170e6700758", "experiments/geometry-link/F9/evaluation/receiver_reference.py": "781a04f479129e56bde54f46d8b0319fca423a8f8618c7d285434b877076f6cd", "experiments/geometry-link/F9/evaluation/integration_cycle.py": "933dc0c42209d63fb8fd50de6438cfbb191f56a640217d10b141dc522c6e5ff9", "experiments/geometry-link/F9/evaluation/integration_audit.py": "5d994510d09f68c4ba514d0537b76a0b1500e34cb415281429a168c1724743aa", "experiments/geometry-link/F9/evaluation/record_contract.py": "e558e89c42339838ee0f39c95b69b31b806f4dcb9547b698e0bb22af6c334648", "experiments/geometry-link/F9/evaluation/check_cpu.py": "ed98c655edcb6945ace9ba7393643ae11f94953fff5782d1bc60ee1b58e198c2", "experiments/geometry-link/F9/evaluation/common.py": "84fc3d2d6c8b85c2d93abc8a8c111f87f76542cd10e67eaab0b845afa7b832c1", "experiments/geometry-link/F9/evaluation/feature_audit.py": "e0d859f1c019dd42800985129280fd2b341ac5f17e1e4084cb313f1c08421a70", "experiments/geometry-link/F9/evaluation/configs/awgn18-holdout.yaml": "67341f0d15bd95f6f7844f0ad17c453f1cb0371dc864308b738946a7f4c1d3da", "experiments/geometry-link/F9/evaluation/configs/identity10-holdout.yaml": "8d8053cc19d69eceb89280182b30ccb2d60d9d1a7ff6971c2343fe3bee2c247f", "experiments/geometry-link/F9/evaluation/configs/awgn6-holdout.yaml": "96df3083d6ce8fa5d3e77cd98ee80e9fce48073e077510351613b9a86003d129", "experiments/geometry-link/F9/evaluation/configs/awgn10-holdout.yaml": "0e4e64cfedcbbf605ff4a057d745307f2e64076b3089d395de5b8f5563b00941"}, "generated_version_py_excluded": true}, "frames": 372, "predictions": 2995, "empty_frames": 1, "run_manifest_sha256": "e7449760cb09ba4fe47f383458875109fe1a1958df479d4d22039b0117c15fa8", "source_manifest_sha256": "3f935457abff972d441518ef44bb25f9ca3ee48dbf1a6fd9a41ede8f4665b970", "preparation_sha256": "911473b1a3dda3238e20dc3951929ce0dfff87dc5c84f4a131c35d906ff95701", "metrics_sha256": "1e6c216e0da33cfdaaa1ba446980933a545adc373b0d4a756a4858154edcf58f", "result_pickle_sha256": "f4a5992be06b4b4b8552e3f0a0bd8b6cb1744fb5d0dfd686fa7391cff247eda0", "all_file_hashes_sha256": "bf823d0b6caf73f8d98782a45e84348ad826fccb50e1d84dc5b6d791f5ef9a10", "recomputed_metrics": {"Car_aos/easy_R40": 82.74457538762184, "Car_aos/moderate_R40": 62.130887516520694, "Car_aos/hard_R40": 54.05470047820853, "Car_3d/easy_R40": 54.673620398712174, "Car_3d/moderate_R40": 31.70520604054304, "Car_3d/hard_R40": 25.668649010339845, "Car_bev/easy_R40": 74.22789318512415, "Car_bev/moderate_R40": 47.83976184857306, "Car_bev/hard_R40": 39.542643663269175, "Car_image/easy_R40": 87.21637355323763, "Car_image/moderate_R40": 67.14895078330404, "Car_image/hard_R40": 58.41197453234792, "Pedestrian_aos/easy_R40": 31.94088798849904, "Pedestrian_aos/moderate_R40": 31.404458357838344, "Pedestrian_aos/hard_R40": 29.90643178316216, "Pedestrian_3d/easy_R40": 37.56604186040604, "Pedestrian_3d/moderate_R40": 33.534723925102746, "Pedestrian_3d/hard_R40": 29.873679022469425, "Pedestrian_bev/easy_R40": 43.585105853923814, "Pedestrian_bev/moderate_R40": 38.72399943374505, "Pedestrian_bev/hard_R40": 34.860810305888116, "Pedestrian_image/easy_R40": 57.884743434198526, "Pedestrian_image/moderate_R40": 53.643793996948915, "Pedestrian_image/hard_R40": 50.136688150900945, "Cyclist_aos/easy_R40": 12.313005740113962, "Cyclist_aos/moderate_R40": 15.746386449163749, "Cyclist_aos/hard_R40": 17.88911855888594, "Cyclist_3d/easy_R40": 6.598380072805804, "Cyclist_3d/moderate_R40": 7.107916583086457, "Cyclist_3d/hard_R40": 8.115565628100049, "Cyclist_bev/easy_R40": 7.1924972562324525, "Cyclist_bev/moderate_R40": 7.672158758570907, "Cyclist_bev/hard_R40": 8.836853997360903, "Cyclist_image/easy_R40": 16.29467148184775, "Cyclist_image/moderate_R40": 19.875101193131933, "Cyclist_image/hard_R40": 21.902668628161376}, "tuning_fold_sha256": "35f22b0022b5968c09c9a8a7e1b9ad6c8ab23c52283673495a36ddba59406f4c", "communication": {"sha256": "aec3665d105abb20021d6cd60f4d94a21b0bc70be8d8f5b4c06339d9d379bc64", "frames": 372, "channel": ["awgn"], "allocation": ["F9_P"], "complex_uses": [62400], "CBR": [0.026041666666666668]}, "limitations": "fresh prediction/label/calibration hashes and raw-GT versus infos checks; image/LiDAR identity comes from verified archives; not original communication codec reproduction; original detector pretraining included this codec holdout; not main-validation scientific result"}
