/home/sheng/paper6/.venv/lib/python3.10/site-packages/numba/cuda/dispatcher.py:536: NumbaPerformanceWarning: [1mGrid size 1 will likely result in GPU under-utilization due to low occupancy.[0m
  warn(NumbaPerformanceWarning(msg))
/home/sheng/paper6/.venv/lib/python3.10/site-packages/numba/cuda/dispatcher.py:536: NumbaPerformanceWarning: [1mGrid size 63 will likely result in GPU under-utilization due to low occupancy.[0m
  warn(NumbaPerformanceWarning(msg))
/home/sheng/paper6/.venv/lib/python3.10/site-packages/numba/cuda/dispatcher.py:536: NumbaPerformanceWarning: [1mGrid size 1 will likely result in GPU under-utilization due to low occupancy.[0m
  warn(NumbaPerformanceWarning(msg))
/home/sheng/paper6/.venv/lib/python3.10/site-packages/numba/core/typed_passes.py:336: NumbaPerformanceWarning: [1m
The keyword argument 'parallel=True' was specified but no transformation for parallel execution was possible.

To find out why, try turning on parallel diagnostics, see https://numba.readthedocs.io/en/stable/user/parallel.html#diagnostics for help.
[1m
File "third_party/LIGA-Stereo/liga/datasets/kitti/kitti_object_eval_python/eval.py", line 121:[0m
[1m@numba.jit(nopython=True, parallel=True)
[1mdef d3_box_overlap_kernel(boxes, qboxes, rinc, criterion=-1):
[0m[1m^[0m[0m
[0m
  warnings.warn(errors.NumbaPerformanceWarning(msg,
/home/sheng/paper6/.venv/lib/python3.10/site-packages/numba/cuda/dispatcher.py:536: NumbaPerformanceWarning: [1mGrid size 1 will likely result in GPU under-utilization due to low occupancy.[0m
  warn(NumbaPerformanceWarning(msg))
/home/sheng/paper6/.venv/lib/python3.10/site-packages/numba/core/typed_passes.py:336: NumbaPerformanceWarning: [1m
The keyword argument 'parallel=True' was specified but no transformation for parallel execution was possible.

To find out why, try turning on parallel diagnostics, see https://numba.readthedocs.io/en/stable/user/parallel.html#diagnostics for help.
[1m
File "third_party/LIGA-Stereo/liga/datasets/kitti/kitti_object_eval_python/eval.py", line 121:[0m
[1m@numba.jit(nopython=True, parallel=True)
[1mdef d3_box_overlap_kernel(boxes, qboxes, rinc, criterion=-1):
[0m[1m^[0m[0m
[0m
  warnings.warn(errors.NumbaPerformanceWarning(msg,
/home/sheng/paper6/.venv/lib/python3.10/site-packages/numba/cuda/dispatcher.py:536: NumbaPerformanceWarning: [1mGrid size 1 will likely result in GPU under-utilization due to low occupancy.[0m
  warn(NumbaPerformanceWarning(msg))
/home/sheng/paper6/.venv/lib/python3.10/site-packages/numba/cuda/dispatcher.py:536: NumbaPerformanceWarning: [1mGrid size 63 will likely result in GPU under-utilization due to low occupancy.[0m
  warn(NumbaPerformanceWarning(msg))
{"state": "passed", "evidence_type": "training_only_holdout_artifact_and_recomputed_AP_audit", "F9_arm": "U", "F9_snr_db": 18.0, "F9_channel": "awgn", "boundary_report_sha256": "c1af57e242f988d3e89fa941bf101aa7eadd07adca8c8eca19f4d47b68866a00", "checkpoint_sha256": "747a4b4d86dfea7f1e106b42a91ff201a68b638166ee17b6a681653cd65ea29b", "evaluation_sources": {"sha256": "afd8d6722ea4ad911f2c0d4fbfe31f34545f86fd445701bf04c8778f85d68d67", "file_hashes": {"experiments/geometry-link/F9/evaluation/AP_audit.py": "5f5dcd2e959e2d528a4d23ae61f197a94185e464b08d49343325ca81eea8c4e0", "experiments/geometry-link/F9/evaluation/formal_cycle.py": "c17aa52f5853d60d29ac4cf088c55491358b3182789de479e2c27d4e0dae3e15", "experiments/geometry-link/F9/evaluation/diagnose.py": "4bb741645314b7fb57d8680815e47e5c4cdfcde5115798994f3a5ac6429772d0", "experiments/geometry-link/F9/evaluation/integration.py": "1a227f940345f5f4afddf66a74e2ce56bf11bb68bced1ef296f2d170e6700758", "experiments/geometry-link/F9/evaluation/receiver_reference.py": "781a04f479129e56bde54f46d8b0319fca423a8f8618c7d285434b877076f6cd", "experiments/geometry-link/F9/evaluation/integration_cycle.py": "933dc0c42209d63fb8fd50de6438cfbb191f56a640217d10b141dc522c6e5ff9", "experiments/geometry-link/F9/evaluation/integration_audit.py": "5d994510d09f68c4ba514d0537b76a0b1500e34cb415281429a168c1724743aa", "experiments/geometry-link/F9/evaluation/record_contract.py": "e558e89c42339838ee0f39c95b69b31b806f4dcb9547b698e0bb22af6c334648", "experiments/geometry-link/F9/evaluation/check_cpu.py": "ed98c655edcb6945ace9ba7393643ae11f94953fff5782d1bc60ee1b58e198c2", "experiments/geometry-link/F9/evaluation/common.py": "84fc3d2d6c8b85c2d93abc8a8c111f87f76542cd10e67eaab0b845afa7b832c1", "experiments/geometry-link/F9/evaluation/feature_audit.py": "e0d859f1c019dd42800985129280fd2b341ac5f17e1e4084cb313f1c08421a70", "experiments/geometry-link/F9/evaluation/configs/awgn18-holdout.yaml": "67341f0d15bd95f6f7844f0ad17c453f1cb0371dc864308b738946a7f4c1d3da", "experiments/geometry-link/F9/evaluation/configs/identity10-holdout.yaml": "8d8053cc19d69eceb89280182b30ccb2d60d9d1a7ff6971c2343fe3bee2c247f", "experiments/geometry-link/F9/evaluation/configs/awgn6-holdout.yaml": "96df3083d6ce8fa5d3e77cd98ee80e9fce48073e077510351613b9a86003d129", "experiments/geometry-link/F9/evaluation/configs/awgn10-holdout.yaml": "0e4e64cfedcbbf605ff4a057d745307f2e64076b3089d395de5b8f5563b00941"}, "generated_version_py_excluded": true}, "frames": 372, "predictions": 2819, "empty_frames": 2, "run_manifest_sha256": "9108ab52312c70daf9d5e7b0eb9e3a8119d540800eac3c1d9d32e273f3861b8a", "source_manifest_sha256": "3f935457abff972d441518ef44bb25f9ca3ee48dbf1a6fd9a41ede8f4665b970", "preparation_sha256": "911473b1a3dda3238e20dc3951929ce0dfff87dc5c84f4a131c35d906ff95701", "metrics_sha256": "89cabca41f578d8c55ec1c58e159120c31ff9031cbb5e5c26a5c8b9be584a69e", "result_pickle_sha256": "800d01e739fd69cbb640016ac0c637f235bef2120ec51f4b1e50ee375913dad6", "all_file_hashes_sha256": "71a293c2529d836dcbd59419a0941fe256725208d0c456ae8e8b5ad4e6ccf212", "recomputed_metrics": {"Car_aos/easy_R40": 81.40034901812282, "Car_aos/moderate_R40": 62.23676051974445, "Car_aos/hard_R40": 53.94095586470029, "Car_3d/easy_R40": 54.850184940061176, "Car_3d/moderate_R40": 31.716037797092834, "Car_3d/hard_R40": 26.6314320893117, "Car_bev/easy_R40": 74.37268308063098, "Car_bev/moderate_R40": 46.600694731105065, "Car_bev/hard_R40": 39.50809292041807, "Car_image/easy_R40": 85.43998834202495, "Car_image/moderate_R40": 66.92330084798476, "Car_image/hard_R40": 57.99157844478942, "Pedestrian_aos/easy_R40": 33.99031684044026, "Pedestrian_aos/moderate_R40": 32.50708592652557, "Pedestrian_aos/hard_R40": 30.42821603336362, "Pedestrian_3d/easy_R40": 38.13221765334674, "Pedestrian_3d/moderate_R40": 33.643093237875085, "Pedestrian_3d/hard_R40": 29.974985789030047, "Pedestrian_bev/easy_R40": 46.65783597890333, "Pedestrian_bev/moderate_R40": 41.162333401314996, "Pedestrian_bev/hard_R40": 37.091870622158005, "Pedestrian_image/easy_R40": 59.85214800055354, "Pedestrian_image/moderate_R40": 55.04175484264447, "Pedestrian_image/hard_R40": 51.02530653507783, "Cyclist_aos/easy_R40": 10.994942699422024, "Cyclist_aos/moderate_R40": 13.530369162563478, "Cyclist_aos/hard_R40": 16.6434524469327, "Cyclist_3d/easy_R40": 4.694301260022908, "Cyclist_3d/moderate_R40": 5.215210355987054, "Cyclist_3d/hard_R40": 6.474358974358974, "Cyclist_bev/easy_R40": 6.490764604810996, "Cyclist_bev/moderate_R40": 7.515086743409475, "Cyclist_bev/hard_R40": 7.675007284382282, "Cyclist_image/easy_R40": 14.667516437151987, "Cyclist_image/moderate_R40": 17.789806347611822, "Cyclist_image/hard_R40": 20.553805230047217}, "tuning_fold_sha256": "35f22b0022b5968c09c9a8a7e1b9ad6c8ab23c52283673495a36ddba59406f4c", "communication": {"sha256": "60fff1db593274ccc12941235f092d7b80a9b072bee7a9cfe7b3629bcfe02000", "frames": 372, "channel": ["awgn"], "allocation": ["uniform"], "complex_uses": [62400], "CBR": [0.026041666666666668]}, "limitations": "fresh prediction/label/calibration hashes and raw-GT versus infos checks; image/LiDAR identity comes from verified archives; not original communication codec reproduction; original detector pretraining included this codec holdout; not main-validation scientific result"}
