/home/sheng/paper6/.venv/lib/python3.10/site-packages/numba/cuda/dispatcher.py:536: NumbaPerformanceWarning: [1mGrid size 1 will likely result in GPU under-utilization due to low occupancy.[0m
  warn(NumbaPerformanceWarning(msg))
/home/sheng/paper6/.venv/lib/python3.10/site-packages/numba/cuda/dispatcher.py:536: NumbaPerformanceWarning: [1mGrid size 63 will likely result in GPU under-utilization due to low occupancy.[0m
  warn(NumbaPerformanceWarning(msg))
/home/sheng/paper6/.venv/lib/python3.10/site-packages/numba/cuda/dispatcher.py:536: NumbaPerformanceWarning: [1mGrid size 1 will likely result in GPU under-utilization due to low occupancy.[0m
  warn(NumbaPerformanceWarning(msg))
/home/sheng/paper6/.venv/lib/python3.10/site-packages/numba/core/typed_passes.py:336: NumbaPerformanceWarning: [1m
The keyword argument 'parallel=True' was specified but no transformation for parallel execution was possible.

To find out why, try turning on parallel diagnostics, see https://numba.readthedocs.io/en/stable/user/parallel.html#diagnostics for help.
[1m
File "third_party/LIGA-Stereo/liga/datasets/kitti/kitti_object_eval_python/eval.py", line 121:[0m
[1m@numba.jit(nopython=True, parallel=True)
[1mdef d3_box_overlap_kernel(boxes, qboxes, rinc, criterion=-1):
[0m[1m^[0m[0m
[0m
  warnings.warn(errors.NumbaPerformanceWarning(msg,
/home/sheng/paper6/.venv/lib/python3.10/site-packages/numba/cuda/dispatcher.py:536: NumbaPerformanceWarning: [1mGrid size 1 will likely result in GPU under-utilization due to low occupancy.[0m
  warn(NumbaPerformanceWarning(msg))
/home/sheng/paper6/.venv/lib/python3.10/site-packages/numba/core/typed_passes.py:336: NumbaPerformanceWarning: [1m
The keyword argument 'parallel=True' was specified but no transformation for parallel execution was possible.

To find out why, try turning on parallel diagnostics, see https://numba.readthedocs.io/en/stable/user/parallel.html#diagnostics for help.
[1m
File "third_party/LIGA-Stereo/liga/datasets/kitti/kitti_object_eval_python/eval.py", line 121:[0m
[1m@numba.jit(nopython=True, parallel=True)
[1mdef d3_box_overlap_kernel(boxes, qboxes, rinc, criterion=-1):
[0m[1m^[0m[0m
[0m
  warnings.warn(errors.NumbaPerformanceWarning(msg,
/home/sheng/paper6/.venv/lib/python3.10/site-packages/numba/cuda/dispatcher.py:536: NumbaPerformanceWarning: [1mGrid size 1 will likely result in GPU under-utilization due to low occupancy.[0m
  warn(NumbaPerformanceWarning(msg))
/home/sheng/paper6/.venv/lib/python3.10/site-packages/numba/cuda/dispatcher.py:536: NumbaPerformanceWarning: [1mGrid size 63 will likely result in GPU under-utilization due to low occupancy.[0m
  warn(NumbaPerformanceWarning(msg))
{"state": "passed", "evidence_type": "identity_codec_holdout_diagnostic_AP_audit", "F9_arm": "S", "F9_snr_db": 10.0, "F9_channel": "identity", "boundary_report_sha256": "fa1ed0f235ec9a871b542e611892897eee9860c1a5e6dad3ed74e18863753d8a", "checkpoint_sha256": "965ac1498efa2851f1858b99f5b38809f2f8b343cad2bed55f0aecea7cb494e8", "evaluation_sources": {"sha256": "afd8d6722ea4ad911f2c0d4fbfe31f34545f86fd445701bf04c8778f85d68d67", "file_hashes": {"experiments/geometry-link/F9/evaluation/AP_audit.py": "5f5dcd2e959e2d528a4d23ae61f197a94185e464b08d49343325ca81eea8c4e0", "experiments/geometry-link/F9/evaluation/formal_cycle.py": "c17aa52f5853d60d29ac4cf088c55491358b3182789de479e2c27d4e0dae3e15", "experiments/geometry-link/F9/evaluation/diagnose.py": "4bb741645314b7fb57d8680815e47e5c4cdfcde5115798994f3a5ac6429772d0", "experiments/geometry-link/F9/evaluation/integration.py": "1a227f940345f5f4afddf66a74e2ce56bf11bb68bced1ef296f2d170e6700758", "experiments/geometry-link/F9/evaluation/receiver_reference.py": "781a04f479129e56bde54f46d8b0319fca423a8f8618c7d285434b877076f6cd", "experiments/geometry-link/F9/evaluation/integration_cycle.py": "933dc0c42209d63fb8fd50de6438cfbb191f56a640217d10b141dc522c6e5ff9", "experiments/geometry-link/F9/evaluation/integration_audit.py": "5d994510d09f68c4ba514d0537b76a0b1500e34cb415281429a168c1724743aa", "experiments/geometry-link/F9/evaluation/record_contract.py": "e558e89c42339838ee0f39c95b69b31b806f4dcb9547b698e0bb22af6c334648", "experiments/geometry-link/F9/evaluation/check_cpu.py": "ed98c655edcb6945ace9ba7393643ae11f94953fff5782d1bc60ee1b58e198c2", "experiments/geometry-link/F9/evaluation/common.py": "84fc3d2d6c8b85c2d93abc8a8c111f87f76542cd10e67eaab0b845afa7b832c1", "experiments/geometry-link/F9/evaluation/feature_audit.py": "e0d859f1c019dd42800985129280fd2b341ac5f17e1e4084cb313f1c08421a70", "experiments/geometry-link/F9/evaluation/configs/awgn18-holdout.yaml": "67341f0d15bd95f6f7844f0ad17c453f1cb0371dc864308b738946a7f4c1d3da", "experiments/geometry-link/F9/evaluation/configs/identity10-holdout.yaml": "8d8053cc19d69eceb89280182b30ccb2d60d9d1a7ff6971c2343fe3bee2c247f", "experiments/geometry-link/F9/evaluation/configs/awgn6-holdout.yaml": "96df3083d6ce8fa5d3e77cd98ee80e9fce48073e077510351613b9a86003d129", "experiments/geometry-link/F9/evaluation/configs/awgn10-holdout.yaml": "0e4e64cfedcbbf605ff4a057d745307f2e64076b3089d395de5b8f5563b00941"}, "generated_version_py_excluded": true}, "frames": 372, "predictions": 2878, "empty_frames": 3, "run_manifest_sha256": "a47b5b3dd8e292f5e1fa8ab25a795ee86dcd5735d3c64ab11404c46435254651", "source_manifest_sha256": "3f935457abff972d441518ef44bb25f9ca3ee48dbf1a6fd9a41ede8f4665b970", "preparation_sha256": "911473b1a3dda3238e20dc3951929ce0dfff87dc5c84f4a131c35d906ff95701", "metrics_sha256": "1febb74c6eddf564e317a77ab17234b149eff2659f29eba3bf51a0f4159f1a7e", "result_pickle_sha256": "fe02de4ab1c9ec2be2fa21c1362e7364d9dee99af2993f9812ad804ddc151bd8", "all_file_hashes_sha256": "8aa531bbc3b830be53221e32c74099f60fc166294a320a0f1d011e321f88c087", "recomputed_metrics": {"Car_aos/easy_R40": 86.83701376350065, "Car_aos/moderate_R40": 64.01359907196408, "Car_aos/hard_R40": 55.59825079166365, "Car_3d/easy_R40": 58.580069432589966, "Car_3d/moderate_R40": 34.53160759857707, "Car_3d/hard_R40": 28.295445139290955, "Car_bev/easy_R40": 74.66877869282291, "Car_bev/moderate_R40": 47.64539470153731, "Car_bev/hard_R40": 39.81294256302906, "Car_image/easy_R40": 89.86762448687621, "Car_image/moderate_R40": 67.01722142402082, "Car_image/hard_R40": 58.382359956167605, "Pedestrian_aos/easy_R40": 30.037894851615444, "Pedestrian_aos/moderate_R40": 29.752623815038504, "Pedestrian_aos/hard_R40": 27.59432346006315, "Pedestrian_3d/easy_R40": 40.911291039466256, "Pedestrian_3d/moderate_R40": 36.50622668015448, "Pedestrian_3d/hard_R40": 32.98929388052731, "Pedestrian_bev/easy_R40": 45.70697212298276, "Pedestrian_bev/moderate_R40": 41.068954164194174, "Pedestrian_bev/hard_R40": 37.33895041335253, "Pedestrian_image/easy_R40": 58.61324695819804, "Pedestrian_image/moderate_R40": 54.74727099597227, "Pedestrian_image/hard_R40": 50.85001423570462, "Cyclist_aos/easy_R40": 15.926616175574699, "Cyclist_aos/moderate_R40": 18.412562343095736, "Cyclist_aos/hard_R40": 20.193405620972065, "Cyclist_3d/easy_R40": 4.056701769467727, "Cyclist_3d/moderate_R40": 5.16729572941233, "Cyclist_3d/hard_R40": 5.6063152082627115, "Cyclist_bev/easy_R40": 7.037440244887054, "Cyclist_bev/moderate_R40": 8.077830757334278, "Cyclist_bev/hard_R40": 8.555491004074392, "Cyclist_image/easy_R40": 17.136457952463537, "Cyclist_image/moderate_R40": 20.525249312974008, "Cyclist_image/hard_R40": 22.149708315198165}, "tuning_fold_sha256": "35f22b0022b5968c09c9a8a7e1b9ad6c8ab23c52283673495a36ddba59406f4c", "communication": {"sha256": "3f38a73ee3fb8544cc81dc7be258bedc0ecec27b9d25ba4f786919327d943a74", "frames": 372, "channel": ["identity"], "allocation": ["F9_S"], "complex_uses": [62400], "CBR": [0.026041666666666668]}, "limitations": "fresh prediction/label/calibration hashes and raw-GT versus infos checks; image/LiDAR identity comes from verified archives; not original communication codec reproduction; codec with zero channel noise, not physical wireless performance; original detector pretraining included this codec holdout; not main-validation scientific result"}
