/home/sheng/paper6/.venv/lib/python3.10/site-packages/numba/cuda/dispatcher.py:536: NumbaPerformanceWarning: [1mGrid size 1 will likely result in GPU under-utilization due to low occupancy.[0m
  warn(NumbaPerformanceWarning(msg))
/home/sheng/paper6/.venv/lib/python3.10/site-packages/numba/cuda/dispatcher.py:536: NumbaPerformanceWarning: [1mGrid size 56 will likely result in GPU under-utilization due to low occupancy.[0m
  warn(NumbaPerformanceWarning(msg))
/home/sheng/paper6/.venv/lib/python3.10/site-packages/numba/cuda/dispatcher.py:536: NumbaPerformanceWarning: [1mGrid size 1 will likely result in GPU under-utilization due to low occupancy.[0m
  warn(NumbaPerformanceWarning(msg))
/home/sheng/paper6/.venv/lib/python3.10/site-packages/numba/core/typed_passes.py:336: NumbaPerformanceWarning: [1m
The keyword argument 'parallel=True' was specified but no transformation for parallel execution was possible.

To find out why, try turning on parallel diagnostics, see https://numba.readthedocs.io/en/stable/user/parallel.html#diagnostics for help.
[1m
File "third_party/LIGA-Stereo/liga/datasets/kitti/kitti_object_eval_python/eval.py", line 121:[0m
[1m@numba.jit(nopython=True, parallel=True)
[1mdef d3_box_overlap_kernel(boxes, qboxes, rinc, criterion=-1):
[0m[1m^[0m[0m
[0m
  warnings.warn(errors.NumbaPerformanceWarning(msg,
/home/sheng/paper6/.venv/lib/python3.10/site-packages/numba/cuda/dispatcher.py:536: NumbaPerformanceWarning: [1mGrid size 1 will likely result in GPU under-utilization due to low occupancy.[0m
  warn(NumbaPerformanceWarning(msg))
/home/sheng/paper6/.venv/lib/python3.10/site-packages/numba/core/typed_passes.py:336: NumbaPerformanceWarning: [1m
The keyword argument 'parallel=True' was specified but no transformation for parallel execution was possible.

To find out why, try turning on parallel diagnostics, see https://numba.readthedocs.io/en/stable/user/parallel.html#diagnostics for help.
[1m
File "third_party/LIGA-Stereo/liga/datasets/kitti/kitti_object_eval_python/eval.py", line 121:[0m
[1m@numba.jit(nopython=True, parallel=True)
[1mdef d3_box_overlap_kernel(boxes, qboxes, rinc, criterion=-1):
[0m[1m^[0m[0m
[0m
  warnings.warn(errors.NumbaPerformanceWarning(msg,
/home/sheng/paper6/.venv/lib/python3.10/site-packages/numba/cuda/dispatcher.py:536: NumbaPerformanceWarning: [1mGrid size 1 will likely result in GPU under-utilization due to low occupancy.[0m
  warn(NumbaPerformanceWarning(msg))
/home/sheng/paper6/.venv/lib/python3.10/site-packages/numba/cuda/dispatcher.py:536: NumbaPerformanceWarning: [1mGrid size 56 will likely result in GPU under-utilization due to low occupancy.[0m
  warn(NumbaPerformanceWarning(msg))
{"state": "passed", "evidence_type": "training_only_holdout_artifact_and_recomputed_AP_audit", "F9_arm": "U", "F9_snr_db": 6.0, "F9_channel": "awgn", "boundary_report_sha256": "8940227ff66ca295f1e2f86a323b21cce38a4019b32a8a4c924a80fe3b1e6a10", "checkpoint_sha256": "747a4b4d86dfea7f1e106b42a91ff201a68b638166ee17b6a681653cd65ea29b", "evaluation_sources": {"sha256": "afd8d6722ea4ad911f2c0d4fbfe31f34545f86fd445701bf04c8778f85d68d67", "file_hashes": {"experiments/geometry-link/F9/evaluation/AP_audit.py": "5f5dcd2e959e2d528a4d23ae61f197a94185e464b08d49343325ca81eea8c4e0", "experiments/geometry-link/F9/evaluation/formal_cycle.py": "c17aa52f5853d60d29ac4cf088c55491358b3182789de479e2c27d4e0dae3e15", "experiments/geometry-link/F9/evaluation/diagnose.py": "4bb741645314b7fb57d8680815e47e5c4cdfcde5115798994f3a5ac6429772d0", "experiments/geometry-link/F9/evaluation/integration.py": "1a227f940345f5f4afddf66a74e2ce56bf11bb68bced1ef296f2d170e6700758", "experiments/geometry-link/F9/evaluation/receiver_reference.py": "781a04f479129e56bde54f46d8b0319fca423a8f8618c7d285434b877076f6cd", "experiments/geometry-link/F9/evaluation/integration_cycle.py": "933dc0c42209d63fb8fd50de6438cfbb191f56a640217d10b141dc522c6e5ff9", "experiments/geometry-link/F9/evaluation/integration_audit.py": "5d994510d09f68c4ba514d0537b76a0b1500e34cb415281429a168c1724743aa", "experiments/geometry-link/F9/evaluation/record_contract.py": "e558e89c42339838ee0f39c95b69b31b806f4dcb9547b698e0bb22af6c334648", "experiments/geometry-link/F9/evaluation/check_cpu.py": "ed98c655edcb6945ace9ba7393643ae11f94953fff5782d1bc60ee1b58e198c2", "experiments/geometry-link/F9/evaluation/common.py": "84fc3d2d6c8b85c2d93abc8a8c111f87f76542cd10e67eaab0b845afa7b832c1", "experiments/geometry-link/F9/evaluation/feature_audit.py": "e0d859f1c019dd42800985129280fd2b341ac5f17e1e4084cb313f1c08421a70", "experiments/geometry-link/F9/evaluation/configs/awgn18-holdout.yaml": "67341f0d15bd95f6f7844f0ad17c453f1cb0371dc864308b738946a7f4c1d3da", "experiments/geometry-link/F9/evaluation/configs/identity10-holdout.yaml": "8d8053cc19d69eceb89280182b30ccb2d60d9d1a7ff6971c2343fe3bee2c247f", "experiments/geometry-link/F9/evaluation/configs/awgn6-holdout.yaml": "96df3083d6ce8fa5d3e77cd98ee80e9fce48073e077510351613b9a86003d129", "experiments/geometry-link/F9/evaluation/configs/awgn10-holdout.yaml": "0e4e64cfedcbbf605ff4a057d745307f2e64076b3089d395de5b8f5563b00941"}, "generated_version_py_excluded": true}, "frames": 372, "predictions": 2669, "empty_frames": 4, "run_manifest_sha256": "3ba74f3171d6e71bdf03a9cbdf9c800aaf11e78dc3cbfa88909762e6623ade6c", "source_manifest_sha256": "3f935457abff972d441518ef44bb25f9ca3ee48dbf1a6fd9a41ede8f4665b970", "preparation_sha256": "911473b1a3dda3238e20dc3951929ce0dfff87dc5c84f4a131c35d906ff95701", "metrics_sha256": "a40f2b413bfad4cd59ca2377853cc5022a16167cd2b617fe1d671720bfd3f9de", "result_pickle_sha256": "2e6cfe212d4d61c4f2c2aad5a06209651e56ba1da902837b3ea756fe92bd0aef", "all_file_hashes_sha256": "b54cb32283ee96787ddf65b552226bdc70de23559987dd4ac7c2439e6d2d1414", "recomputed_metrics": {"Car_aos/easy_R40": 77.63872544195269, "Car_aos/moderate_R40": 57.231444813150986, "Car_aos/hard_R40": 49.28688942655769, "Car_3d/easy_R40": 44.01494020836903, "Car_3d/moderate_R40": 25.3073478672981, "Car_3d/hard_R40": 21.0929418600804, "Car_bev/easy_R40": 65.76779460422289, "Car_bev/moderate_R40": 40.438482972695084, "Car_bev/hard_R40": 33.77664147954897, "Car_image/easy_R40": 82.08975579588068, "Car_image/moderate_R40": 61.66286939835868, "Car_image/hard_R40": 53.342111577330485, "Pedestrian_aos/easy_R40": 32.86419205712847, "Pedestrian_aos/moderate_R40": 30.20050763498069, "Pedestrian_aos/hard_R40": 28.42266881015418, "Pedestrian_3d/easy_R40": 31.232736256230254, "Pedestrian_3d/moderate_R40": 28.6777595946622, "Pedestrian_3d/hard_R40": 25.88510820614077, "Pedestrian_bev/easy_R40": 42.061303248391546, "Pedestrian_bev/moderate_R40": 37.57617271731345, "Pedestrian_bev/hard_R40": 33.779692367841164, "Pedestrian_image/easy_R40": 55.14643389741201, "Pedestrian_image/moderate_R40": 50.013454571866745, "Pedestrian_image/hard_R40": 46.389343870775065, "Cyclist_aos/easy_R40": 9.303204451896471, "Cyclist_aos/moderate_R40": 11.242732885917494, "Cyclist_aos/hard_R40": 12.295908430374267, "Cyclist_3d/easy_R40": 4.8631754262533455, "Cyclist_3d/moderate_R40": 5.29362720586251, "Cyclist_3d/hard_R40": 5.847983226890128, "Cyclist_bev/easy_R40": 6.579877040570397, "Cyclist_bev/moderate_R40": 6.854119926173088, "Cyclist_bev/hard_R40": 7.28629410735132, "Cyclist_image/easy_R40": 12.822799264531277, "Cyclist_image/moderate_R40": 14.48865301734538, "Cyclist_image/hard_R40": 15.45353256972682}, "tuning_fold_sha256": "35f22b0022b5968c09c9a8a7e1b9ad6c8ab23c52283673495a36ddba59406f4c", "communication": {"sha256": "dbf33d79a86100d32f959268c0dfb43aa12c06f184e0b1dc8e4951b21c6794e9", "frames": 372, "channel": ["awgn"], "allocation": ["uniform"], "complex_uses": [62400], "CBR": [0.026041666666666668]}, "limitations": "fresh prediction/label/calibration hashes and raw-GT versus infos checks; image/LiDAR identity comes from verified archives; not original communication codec reproduction; original detector pretraining included this codec holdout; not main-validation scientific result"}
