/home/sheng/paper6/.venv/lib/python3.10/site-packages/numba/cuda/dispatcher.py:536: NumbaPerformanceWarning: [1mGrid size 1 will likely result in GPU under-utilization due to low occupancy.[0m
  warn(NumbaPerformanceWarning(msg))
/home/sheng/paper6/.venv/lib/python3.10/site-packages/numba/cuda/dispatcher.py:536: NumbaPerformanceWarning: [1mGrid size 63 will likely result in GPU under-utilization due to low occupancy.[0m
  warn(NumbaPerformanceWarning(msg))
/home/sheng/paper6/.venv/lib/python3.10/site-packages/numba/cuda/dispatcher.py:536: NumbaPerformanceWarning: [1mGrid size 1 will likely result in GPU under-utilization due to low occupancy.[0m
  warn(NumbaPerformanceWarning(msg))
/home/sheng/paper6/.venv/lib/python3.10/site-packages/numba/core/typed_passes.py:336: NumbaPerformanceWarning: [1m
The keyword argument 'parallel=True' was specified but no transformation for parallel execution was possible.

To find out why, try turning on parallel diagnostics, see https://numba.readthedocs.io/en/stable/user/parallel.html#diagnostics for help.
[1m
File "third_party/LIGA-Stereo/liga/datasets/kitti/kitti_object_eval_python/eval.py", line 121:[0m
[1m@numba.jit(nopython=True, parallel=True)
[1mdef d3_box_overlap_kernel(boxes, qboxes, rinc, criterion=-1):
[0m[1m^[0m[0m
[0m
  warnings.warn(errors.NumbaPerformanceWarning(msg,
/home/sheng/paper6/.venv/lib/python3.10/site-packages/numba/cuda/dispatcher.py:536: NumbaPerformanceWarning: [1mGrid size 1 will likely result in GPU under-utilization due to low occupancy.[0m
  warn(NumbaPerformanceWarning(msg))
/home/sheng/paper6/.venv/lib/python3.10/site-packages/numba/core/typed_passes.py:336: NumbaPerformanceWarning: [1m
The keyword argument 'parallel=True' was specified but no transformation for parallel execution was possible.

To find out why, try turning on parallel diagnostics, see https://numba.readthedocs.io/en/stable/user/parallel.html#diagnostics for help.
[1m
File "third_party/LIGA-Stereo/liga/datasets/kitti/kitti_object_eval_python/eval.py", line 121:[0m
[1m@numba.jit(nopython=True, parallel=True)
[1mdef d3_box_overlap_kernel(boxes, qboxes, rinc, criterion=-1):
[0m[1m^[0m[0m
[0m
  warnings.warn(errors.NumbaPerformanceWarning(msg,
/home/sheng/paper6/.venv/lib/python3.10/site-packages/numba/cuda/dispatcher.py:536: NumbaPerformanceWarning: [1mGrid size 1 will likely result in GPU under-utilization due to low occupancy.[0m
  warn(NumbaPerformanceWarning(msg))
/home/sheng/paper6/.venv/lib/python3.10/site-packages/numba/cuda/dispatcher.py:536: NumbaPerformanceWarning: [1mGrid size 63 will likely result in GPU under-utilization due to low occupancy.[0m
  warn(NumbaPerformanceWarning(msg))
{"state": "passed", "evidence_type": "training_only_holdout_artifact_and_recomputed_AP_audit", "F9_arm": "S", "F9_snr_db": 18.0, "F9_channel": "awgn", "boundary_report_sha256": "3fa53bd0eb2187bed4626bb5441c265fb2203f2959ca86766e10f126bbfe3ba0", "checkpoint_sha256": "965ac1498efa2851f1858b99f5b38809f2f8b343cad2bed55f0aecea7cb494e8", "evaluation_sources": {"sha256": "afd8d6722ea4ad911f2c0d4fbfe31f34545f86fd445701bf04c8778f85d68d67", "file_hashes": {"experiments/geometry-link/F9/evaluation/AP_audit.py": "5f5dcd2e959e2d528a4d23ae61f197a94185e464b08d49343325ca81eea8c4e0", "experiments/geometry-link/F9/evaluation/formal_cycle.py": "c17aa52f5853d60d29ac4cf088c55491358b3182789de479e2c27d4e0dae3e15", "experiments/geometry-link/F9/evaluation/diagnose.py": "4bb741645314b7fb57d8680815e47e5c4cdfcde5115798994f3a5ac6429772d0", "experiments/geometry-link/F9/evaluation/integration.py": "1a227f940345f5f4afddf66a74e2ce56bf11bb68bced1ef296f2d170e6700758", "experiments/geometry-link/F9/evaluation/receiver_reference.py": "781a04f479129e56bde54f46d8b0319fca423a8f8618c7d285434b877076f6cd", "experiments/geometry-link/F9/evaluation/integration_cycle.py": "933dc0c42209d63fb8fd50de6438cfbb191f56a640217d10b141dc522c6e5ff9", "experiments/geometry-link/F9/evaluation/integration_audit.py": "5d994510d09f68c4ba514d0537b76a0b1500e34cb415281429a168c1724743aa", "experiments/geometry-link/F9/evaluation/record_contract.py": "e558e89c42339838ee0f39c95b69b31b806f4dcb9547b698e0bb22af6c334648", "experiments/geometry-link/F9/evaluation/check_cpu.py": "ed98c655edcb6945ace9ba7393643ae11f94953fff5782d1bc60ee1b58e198c2", "experiments/geometry-link/F9/evaluation/common.py": "84fc3d2d6c8b85c2d93abc8a8c111f87f76542cd10e67eaab0b845afa7b832c1", "experiments/geometry-link/F9/evaluation/feature_audit.py": "e0d859f1c019dd42800985129280fd2b341ac5f17e1e4084cb313f1c08421a70", "experiments/geometry-link/F9/evaluation/configs/awgn18-holdout.yaml": "67341f0d15bd95f6f7844f0ad17c453f1cb0371dc864308b738946a7f4c1d3da", "experiments/geometry-link/F9/evaluation/configs/identity10-holdout.yaml": "8d8053cc19d69eceb89280182b30ccb2d60d9d1a7ff6971c2343fe3bee2c247f", "experiments/geometry-link/F9/evaluation/configs/awgn6-holdout.yaml": "96df3083d6ce8fa5d3e77cd98ee80e9fce48073e077510351613b9a86003d129", "experiments/geometry-link/F9/evaluation/configs/awgn10-holdout.yaml": "0e4e64cfedcbbf605ff4a057d745307f2e64076b3089d395de5b8f5563b00941"}, "generated_version_py_excluded": true}, "frames": 372, "predictions": 2872, "empty_frames": 3, "run_manifest_sha256": "0a679f0c94f92736878b85214d867ad611353bc2c0aa4d765b38b4f966b09546", "source_manifest_sha256": "3f935457abff972d441518ef44bb25f9ca3ee48dbf1a6fd9a41ede8f4665b970", "preparation_sha256": "911473b1a3dda3238e20dc3951929ce0dfff87dc5c84f4a131c35d906ff95701", "metrics_sha256": "c53fec93c96429ed874e73bffb436e71b9cee6d4c781725432993c5d2ad684bc", "result_pickle_sha256": "5e5d0f1cbc81d3ae60613e7929fb4992b17f21559db1d50717a2483ae2d22212", "all_file_hashes_sha256": "c8de356fff4f061c2e17e53d4d5ddb26eb3438fc3316d127fae9139df51fa9d8", "recomputed_metrics": {"Car_aos/easy_R40": 83.62183136993917, "Car_aos/moderate_R40": 62.20680991673099, "Car_aos/hard_R40": 54.12368246886652, "Car_3d/easy_R40": 55.59644618696915, "Car_3d/moderate_R40": 33.48957495668291, "Car_3d/hard_R40": 27.661707784949456, "Car_bev/easy_R40": 75.08616202229794, "Car_bev/moderate_R40": 47.23361086906706, "Car_bev/hard_R40": 40.07110885176336, "Car_image/easy_R40": 87.85761262445277, "Car_image/moderate_R40": 66.27466309657176, "Car_image/hard_R40": 57.70483034196133, "Pedestrian_aos/easy_R40": 31.379342467565163, "Pedestrian_aos/moderate_R40": 30.879857450137937, "Pedestrian_aos/hard_R40": 28.6552483325342, "Pedestrian_3d/easy_R40": 39.16237139996195, "Pedestrian_3d/moderate_R40": 35.13791644851955, "Pedestrian_3d/hard_R40": 31.662363351181966, "Pedestrian_bev/easy_R40": 45.6769756077002, "Pedestrian_bev/moderate_R40": 40.38625884505936, "Pedestrian_bev/hard_R40": 37.13851533051651, "Pedestrian_image/easy_R40": 57.93790697728032, "Pedestrian_image/moderate_R40": 54.591462134728594, "Pedestrian_image/hard_R40": 50.83940443117812, "Cyclist_aos/easy_R40": 15.938440920928715, "Cyclist_aos/moderate_R40": 18.623821560530487, "Cyclist_aos/hard_R40": 20.228997999481418, "Cyclist_3d/easy_R40": 5.4457015256524635, "Cyclist_3d/moderate_R40": 6.255778169037837, "Cyclist_3d/hard_R40": 6.905912635129033, "Cyclist_bev/easy_R40": 8.139054072402171, "Cyclist_bev/moderate_R40": 8.252355007342812, "Cyclist_bev/hard_R40": 9.376132268234088, "Cyclist_image/easy_R40": 17.126513812854867, "Cyclist_image/moderate_R40": 20.431123350053273, "Cyclist_image/hard_R40": 21.951856992830347}, "tuning_fold_sha256": "35f22b0022b5968c09c9a8a7e1b9ad6c8ab23c52283673495a36ddba59406f4c", "communication": {"sha256": "e0fe9dacdcdf5f5c9b99a1fa3b4c4d5533a0cbbb2eccbf33c7f373cefc6e5c04", "frames": 372, "channel": ["awgn"], "allocation": ["F9_S"], "complex_uses": [62400], "CBR": [0.026041666666666668]}, "limitations": "fresh prediction/label/calibration hashes and raw-GT versus infos checks; image/LiDAR identity comes from verified archives; not original communication codec reproduction; original detector pretraining included this codec holdout; not main-validation scientific result"}
