/home/sheng/paper6/.venv/lib/python3.10/site-packages/numba/cuda/dispatcher.py:536: NumbaPerformanceWarning: [1mGrid size 1 will likely result in GPU under-utilization due to low occupancy.[0m
  warn(NumbaPerformanceWarning(msg))
/home/sheng/paper6/.venv/lib/python3.10/site-packages/numba/cuda/dispatcher.py:536: NumbaPerformanceWarning: [1mGrid size 63 will likely result in GPU under-utilization due to low occupancy.[0m
  warn(NumbaPerformanceWarning(msg))
/home/sheng/paper6/.venv/lib/python3.10/site-packages/numba/cuda/dispatcher.py:536: NumbaPerformanceWarning: [1mGrid size 1 will likely result in GPU under-utilization due to low occupancy.[0m
  warn(NumbaPerformanceWarning(msg))
/home/sheng/paper6/.venv/lib/python3.10/site-packages/numba/core/typed_passes.py:336: NumbaPerformanceWarning: [1m
The keyword argument 'parallel=True' was specified but no transformation for parallel execution was possible.

To find out why, try turning on parallel diagnostics, see https://numba.readthedocs.io/en/stable/user/parallel.html#diagnostics for help.
[1m
File "third_party/LIGA-Stereo/liga/datasets/kitti/kitti_object_eval_python/eval.py", line 121:[0m
[1m@numba.jit(nopython=True, parallel=True)
[1mdef d3_box_overlap_kernel(boxes, qboxes, rinc, criterion=-1):
[0m[1m^[0m[0m
[0m
  warnings.warn(errors.NumbaPerformanceWarning(msg,
/home/sheng/paper6/.venv/lib/python3.10/site-packages/numba/cuda/dispatcher.py:536: NumbaPerformanceWarning: [1mGrid size 1 will likely result in GPU under-utilization due to low occupancy.[0m
  warn(NumbaPerformanceWarning(msg))
/home/sheng/paper6/.venv/lib/python3.10/site-packages/numba/core/typed_passes.py:336: NumbaPerformanceWarning: [1m
The keyword argument 'parallel=True' was specified but no transformation for parallel execution was possible.

To find out why, try turning on parallel diagnostics, see https://numba.readthedocs.io/en/stable/user/parallel.html#diagnostics for help.
[1m
File "third_party/LIGA-Stereo/liga/datasets/kitti/kitti_object_eval_python/eval.py", line 121:[0m
[1m@numba.jit(nopython=True, parallel=True)
[1mdef d3_box_overlap_kernel(boxes, qboxes, rinc, criterion=-1):
[0m[1m^[0m[0m
[0m
  warnings.warn(errors.NumbaPerformanceWarning(msg,
/home/sheng/paper6/.venv/lib/python3.10/site-packages/numba/cuda/dispatcher.py:536: NumbaPerformanceWarning: [1mGrid size 1 will likely result in GPU under-utilization due to low occupancy.[0m
  warn(NumbaPerformanceWarning(msg))
/home/sheng/paper6/.venv/lib/python3.10/site-packages/numba/cuda/dispatcher.py:536: NumbaPerformanceWarning: [1mGrid size 63 will likely result in GPU under-utilization due to low occupancy.[0m
  warn(NumbaPerformanceWarning(msg))
{"state": "passed", "evidence_type": "training_only_holdout_artifact_and_recomputed_AP_audit", "F9_arm": "S", "F9_snr_db": 6.0, "F9_channel": "awgn", "boundary_report_sha256": "699d35777807e3f636a3b7279fc163d0f5b3e3da8693c5b8d7d898c0a74a21bb", "checkpoint_sha256": "965ac1498efa2851f1858b99f5b38809f2f8b343cad2bed55f0aecea7cb494e8", "evaluation_sources": {"sha256": "afd8d6722ea4ad911f2c0d4fbfe31f34545f86fd445701bf04c8778f85d68d67", "file_hashes": {"experiments/geometry-link/F9/evaluation/AP_audit.py": "5f5dcd2e959e2d528a4d23ae61f197a94185e464b08d49343325ca81eea8c4e0", "experiments/geometry-link/F9/evaluation/formal_cycle.py": "c17aa52f5853d60d29ac4cf088c55491358b3182789de479e2c27d4e0dae3e15", "experiments/geometry-link/F9/evaluation/diagnose.py": "4bb741645314b7fb57d8680815e47e5c4cdfcde5115798994f3a5ac6429772d0", "experiments/geometry-link/F9/evaluation/integration.py": "1a227f940345f5f4afddf66a74e2ce56bf11bb68bced1ef296f2d170e6700758", "experiments/geometry-link/F9/evaluation/receiver_reference.py": "781a04f479129e56bde54f46d8b0319fca423a8f8618c7d285434b877076f6cd", "experiments/geometry-link/F9/evaluation/integration_cycle.py": "933dc0c42209d63fb8fd50de6438cfbb191f56a640217d10b141dc522c6e5ff9", "experiments/geometry-link/F9/evaluation/integration_audit.py": "5d994510d09f68c4ba514d0537b76a0b1500e34cb415281429a168c1724743aa", "experiments/geometry-link/F9/evaluation/record_contract.py": "e558e89c42339838ee0f39c95b69b31b806f4dcb9547b698e0bb22af6c334648", "experiments/geometry-link/F9/evaluation/check_cpu.py": "ed98c655edcb6945ace9ba7393643ae11f94953fff5782d1bc60ee1b58e198c2", "experiments/geometry-link/F9/evaluation/common.py": "84fc3d2d6c8b85c2d93abc8a8c111f87f76542cd10e67eaab0b845afa7b832c1", "experiments/geometry-link/F9/evaluation/feature_audit.py": "e0d859f1c019dd42800985129280fd2b341ac5f17e1e4084cb313f1c08421a70", "experiments/geometry-link/F9/evaluation/configs/awgn18-holdout.yaml": "67341f0d15bd95f6f7844f0ad17c453f1cb0371dc864308b738946a7f4c1d3da", "experiments/geometry-link/F9/evaluation/configs/identity10-holdout.yaml": "8d8053cc19d69eceb89280182b30ccb2d60d9d1a7ff6971c2343fe3bee2c247f", "experiments/geometry-link/F9/evaluation/configs/awgn6-holdout.yaml": "96df3083d6ce8fa5d3e77cd98ee80e9fce48073e077510351613b9a86003d129", "experiments/geometry-link/F9/evaluation/configs/awgn10-holdout.yaml": "0e4e64cfedcbbf605ff4a057d745307f2e64076b3089d395de5b8f5563b00941"}, "generated_version_py_excluded": true}, "frames": 372, "predictions": 2858, "empty_frames": 4, "run_manifest_sha256": "18ee298979fd31958cbd18cfe240472af82a765af90d742b7e09c6097b0dbc51", "source_manifest_sha256": "3f935457abff972d441518ef44bb25f9ca3ee48dbf1a6fd9a41ede8f4665b970", "preparation_sha256": "911473b1a3dda3238e20dc3951929ce0dfff87dc5c84f4a131c35d906ff95701", "metrics_sha256": "482e6398716f2011dacbc17bcaabc0de0bd6a527ea8851ee23faeb0f41200b23", "result_pickle_sha256": "521e22c5e3d2a36989a6efe1da6fa34bd65cb5a70a9bab8a0c3b8f0580387d74", "all_file_hashes_sha256": "4ad92596f373b6c174bcbb94662f8ad9cdec975dff01807c0f8ff79469160c2b", "recomputed_metrics": {"Car_aos/easy_R40": 82.98432839531543, "Car_aos/moderate_R40": 57.69843307414201, "Car_aos/hard_R40": 50.67283572119893, "Car_3d/easy_R40": 46.539346141453045, "Car_3d/moderate_R40": 27.15609099334888, "Car_3d/hard_R40": 22.311674952010666, "Car_bev/easy_R40": 66.19122025284379, "Car_bev/moderate_R40": 40.08385909341936, "Car_bev/hard_R40": 33.73491740972389, "Car_image/easy_R40": 86.8088145761506, "Car_image/moderate_R40": 61.81663510061666, "Car_image/hard_R40": 54.547455314383306, "Pedestrian_aos/easy_R40": 27.77897514321197, "Pedestrian_aos/moderate_R40": 27.489664562635724, "Pedestrian_aos/hard_R40": 25.63303364180446, "Pedestrian_3d/easy_R40": 33.05507297740403, "Pedestrian_3d/moderate_R40": 30.24642855169038, "Pedestrian_3d/hard_R40": 27.69119239151702, "Pedestrian_bev/easy_R40": 41.380131432004355, "Pedestrian_bev/moderate_R40": 37.070247499672845, "Pedestrian_bev/hard_R40": 33.370674037666944, "Pedestrian_image/easy_R40": 55.54266369830408, "Pedestrian_image/moderate_R40": 52.052623981546155, "Pedestrian_image/hard_R40": 48.468133672009934, "Cyclist_aos/easy_R40": 10.880396621371476, "Cyclist_aos/moderate_R40": 11.839611118568731, "Cyclist_aos/hard_R40": 13.242165564529934, "Cyclist_3d/easy_R40": 4.553769424651666, "Cyclist_3d/moderate_R40": 3.773977383777747, "Cyclist_3d/hard_R40": 3.908929461615154, "Cyclist_bev/easy_R40": 7.316798613176897, "Cyclist_bev/moderate_R40": 6.9889582043909675, "Cyclist_bev/hard_R40": 7.333755259576689, "Cyclist_image/easy_R40": 12.677029875831858, "Cyclist_image/moderate_R40": 13.461775498070969, "Cyclist_image/hard_R40": 14.981949690169277}, "tuning_fold_sha256": "35f22b0022b5968c09c9a8a7e1b9ad6c8ab23c52283673495a36ddba59406f4c", "communication": {"sha256": "722b9dbb3012b48fd33a59c81c13bc664587c6de133cee4085b4fc4bcac5c2ac", "frames": 372, "channel": ["awgn"], "allocation": ["F9_S"], "complex_uses": [62400], "CBR": [0.026041666666666668]}, "limitations": "fresh prediction/label/calibration hashes and raw-GT versus infos checks; image/LiDAR identity comes from verified archives; not original communication codec reproduction; original detector pretraining included this codec holdout; not main-validation scientific result"}
