/home/sheng/paper6/.venv/lib/python3.10/site-packages/numba/cuda/dispatcher.py:536: NumbaPerformanceWarning: [1mGrid size 1 will likely result in GPU under-utilization due to low occupancy.[0m
  warn(NumbaPerformanceWarning(msg))
/home/sheng/paper6/.venv/lib/python3.10/site-packages/numba/cuda/dispatcher.py:536: NumbaPerformanceWarning: [1mGrid size 63 will likely result in GPU under-utilization due to low occupancy.[0m
  warn(NumbaPerformanceWarning(msg))
/home/sheng/paper6/.venv/lib/python3.10/site-packages/numba/cuda/dispatcher.py:536: NumbaPerformanceWarning: [1mGrid size 1 will likely result in GPU under-utilization due to low occupancy.[0m
  warn(NumbaPerformanceWarning(msg))
/home/sheng/paper6/.venv/lib/python3.10/site-packages/numba/core/typed_passes.py:336: NumbaPerformanceWarning: [1m
The keyword argument 'parallel=True' was specified but no transformation for parallel execution was possible.

To find out why, try turning on parallel diagnostics, see https://numba.readthedocs.io/en/stable/user/parallel.html#diagnostics for help.
[1m
File "third_party/LIGA-Stereo/liga/datasets/kitti/kitti_object_eval_python/eval.py", line 121:[0m
[1m@numba.jit(nopython=True, parallel=True)
[1mdef d3_box_overlap_kernel(boxes, qboxes, rinc, criterion=-1):
[0m[1m^[0m[0m
[0m
  warnings.warn(errors.NumbaPerformanceWarning(msg,
/home/sheng/paper6/.venv/lib/python3.10/site-packages/numba/cuda/dispatcher.py:536: NumbaPerformanceWarning: [1mGrid size 1 will likely result in GPU under-utilization due to low occupancy.[0m
  warn(NumbaPerformanceWarning(msg))
/home/sheng/paper6/.venv/lib/python3.10/site-packages/numba/core/typed_passes.py:336: NumbaPerformanceWarning: [1m
The keyword argument 'parallel=True' was specified but no transformation for parallel execution was possible.

To find out why, try turning on parallel diagnostics, see https://numba.readthedocs.io/en/stable/user/parallel.html#diagnostics for help.
[1m
File "third_party/LIGA-Stereo/liga/datasets/kitti/kitti_object_eval_python/eval.py", line 121:[0m
[1m@numba.jit(nopython=True, parallel=True)
[1mdef d3_box_overlap_kernel(boxes, qboxes, rinc, criterion=-1):
[0m[1m^[0m[0m
[0m
  warnings.warn(errors.NumbaPerformanceWarning(msg,
/home/sheng/paper6/.venv/lib/python3.10/site-packages/numba/cuda/dispatcher.py:536: NumbaPerformanceWarning: [1mGrid size 1 will likely result in GPU under-utilization due to low occupancy.[0m
  warn(NumbaPerformanceWarning(msg))
/home/sheng/paper6/.venv/lib/python3.10/site-packages/numba/cuda/dispatcher.py:536: NumbaPerformanceWarning: [1mGrid size 63 will likely result in GPU under-utilization due to low occupancy.[0m
  warn(NumbaPerformanceWarning(msg))
{"state": "passed", "evidence_type": "identity_codec_holdout_diagnostic_AP_audit", "F9_arm": "P", "F9_snr_db": 10.0, "F9_channel": "identity", "boundary_report_sha256": "8535d9f5326b53297df3196827fd16d73deeabd4bc75e5676e9f2a9b15aba9f4", "checkpoint_sha256": "6609edc8011dca14be2a34e5bafe26bc5a5fcb41a3d5fe42a923aaeb23f7a77e", "evaluation_sources": {"sha256": "afd8d6722ea4ad911f2c0d4fbfe31f34545f86fd445701bf04c8778f85d68d67", "file_hashes": {"experiments/geometry-link/F9/evaluation/AP_audit.py": "5f5dcd2e959e2d528a4d23ae61f197a94185e464b08d49343325ca81eea8c4e0", "experiments/geometry-link/F9/evaluation/formal_cycle.py": "c17aa52f5853d60d29ac4cf088c55491358b3182789de479e2c27d4e0dae3e15", "experiments/geometry-link/F9/evaluation/diagnose.py": "4bb741645314b7fb57d8680815e47e5c4cdfcde5115798994f3a5ac6429772d0", "experiments/geometry-link/F9/evaluation/integration.py": "1a227f940345f5f4afddf66a74e2ce56bf11bb68bced1ef296f2d170e6700758", "experiments/geometry-link/F9/evaluation/receiver_reference.py": "781a04f479129e56bde54f46d8b0319fca423a8f8618c7d285434b877076f6cd", "experiments/geometry-link/F9/evaluation/integration_cycle.py": "933dc0c42209d63fb8fd50de6438cfbb191f56a640217d10b141dc522c6e5ff9", "experiments/geometry-link/F9/evaluation/integration_audit.py": "5d994510d09f68c4ba514d0537b76a0b1500e34cb415281429a168c1724743aa", "experiments/geometry-link/F9/evaluation/record_contract.py": "e558e89c42339838ee0f39c95b69b31b806f4dcb9547b698e0bb22af6c334648", "experiments/geometry-link/F9/evaluation/check_cpu.py": "ed98c655edcb6945ace9ba7393643ae11f94953fff5782d1bc60ee1b58e198c2", "experiments/geometry-link/F9/evaluation/common.py": "84fc3d2d6c8b85c2d93abc8a8c111f87f76542cd10e67eaab0b845afa7b832c1", "experiments/geometry-link/F9/evaluation/feature_audit.py": "e0d859f1c019dd42800985129280fd2b341ac5f17e1e4084cb313f1c08421a70", "experiments/geometry-link/F9/evaluation/configs/awgn18-holdout.yaml": "67341f0d15bd95f6f7844f0ad17c453f1cb0371dc864308b738946a7f4c1d3da", "experiments/geometry-link/F9/evaluation/configs/identity10-holdout.yaml": "8d8053cc19d69eceb89280182b30ccb2d60d9d1a7ff6971c2343fe3bee2c247f", "experiments/geometry-link/F9/evaluation/configs/awgn6-holdout.yaml": "96df3083d6ce8fa5d3e77cd98ee80e9fce48073e077510351613b9a86003d129", "experiments/geometry-link/F9/evaluation/configs/awgn10-holdout.yaml": "0e4e64cfedcbbf605ff4a057d745307f2e64076b3089d395de5b8f5563b00941"}, "generated_version_py_excluded": true}, "frames": 372, "predictions": 2996, "empty_frames": 1, "run_manifest_sha256": "2870de5f4964a29400294ab17457f3ba768305f8cc219fd3921b34bd380fd774", "source_manifest_sha256": "3f935457abff972d441518ef44bb25f9ca3ee48dbf1a6fd9a41ede8f4665b970", "preparation_sha256": "911473b1a3dda3238e20dc3951929ce0dfff87dc5c84f4a131c35d906ff95701", "metrics_sha256": "2f714f4c19a479582a5225e414bc3015e2d201759b9dabebab4ff6fd0fbb02ec", "result_pickle_sha256": "97e6badb4c3b887192ea8d06285b42c3fa784c94e566bdbe565aad46a41e8d66", "all_file_hashes_sha256": "93881fb905bee911c4712a8efb869588b32cffd80b7461295c4a749b77b4cda2", "recomputed_metrics": {"Car_aos/easy_R40": 82.42050853078909, "Car_aos/moderate_R40": 60.935092952162925, "Car_aos/hard_R40": 53.98987929796031, "Car_3d/easy_R40": 54.89722169877511, "Car_3d/moderate_R40": 33.207239287713094, "Car_3d/hard_R40": 27.026526089309744, "Car_bev/easy_R40": 74.12193757466241, "Car_bev/moderate_R40": 46.554374323753784, "Car_bev/hard_R40": 39.470848741959905, "Car_image/easy_R40": 87.07852558621347, "Car_image/moderate_R40": 65.65210157281382, "Car_image/hard_R40": 58.37986183505881, "Pedestrian_aos/easy_R40": 31.48328192079701, "Pedestrian_aos/moderate_R40": 31.298701982198583, "Pedestrian_aos/hard_R40": 29.472611701788697, "Pedestrian_3d/easy_R40": 38.8837043515197, "Pedestrian_3d/moderate_R40": 34.655963852754304, "Pedestrian_3d/hard_R40": 31.63141502675127, "Pedestrian_bev/easy_R40": 43.325364656064416, "Pedestrian_bev/moderate_R40": 38.62013418711111, "Pedestrian_bev/hard_R40": 35.61342255365162, "Pedestrian_image/easy_R40": 57.89952472002259, "Pedestrian_image/moderate_R40": 53.729393512285164, "Pedestrian_image/hard_R40": 49.86791777826814, "Cyclist_aos/easy_R40": 13.099323123532844, "Cyclist_aos/moderate_R40": 16.221767317335097, "Cyclist_aos/hard_R40": 19.07644668475407, "Cyclist_3d/easy_R40": 6.722021943964757, "Cyclist_3d/moderate_R40": 8.074639829943441, "Cyclist_3d/hard_R40": 8.603404358487078, "Cyclist_bev/easy_R40": 7.4271029778046715, "Cyclist_bev/moderate_R40": 8.977738087297496, "Cyclist_bev/hard_R40": 9.36477467843959, "Cyclist_image/easy_R40": 17.92042506247144, "Cyclist_image/moderate_R40": 21.315893500163718, "Cyclist_image/hard_R40": 23.792558412669983}, "tuning_fold_sha256": "35f22b0022b5968c09c9a8a7e1b9ad6c8ab23c52283673495a36ddba59406f4c", "communication": {"sha256": "821785e928c0b632b9fa6a89c7ee1a12ca4b2e2eeb8f7f0cbd3e726d6d1a67ec", "frames": 372, "channel": ["identity"], "allocation": ["F9_P"], "complex_uses": [62400], "CBR": [0.026041666666666668]}, "limitations": "fresh prediction/label/calibration hashes and raw-GT versus infos checks; image/LiDAR identity comes from verified archives; not original communication codec reproduction; codec with zero channel noise, not physical wireless performance; original detector pretraining included this codec holdout; not main-validation scientific result"}
