cost_volume passed
voxelizer passed
sparse_convolution passed
/home/sheng/paper6/third_party/LIGA-Stereo/liga/ops/iou3d_nms/iou3d_nms_utils.py:70: UserWarning: The torch.cuda.*DtypeTensor constructors are no longer recommended. It's best to use methods such as torch.tensor(data, dtype=*, device='cuda') to create tensors. (Triggered internally at ../torch/csrc/tensor/python_tensor.cpp:78.)
  overlaps_bev = torch.cuda.FloatTensor(torch.Size((boxes_a.shape[0], boxes_b.shape[0]))).zero_()  # (N, M)
boxes passed
Fatal Python error: Segmentation fault

Thread 0x00007f956f776700 (most recent call first):
  <no Python frame>

Current thread 0x00007f964bac4180 (most recent call first):
  File "/home/sheng/paper6/.venv/lib/python3.10/site-packages/numba/cuda/cudadrv/driver.py", line 326 in safe_cuda_api_call
  File "/home/sheng/paper6/.venv/lib/python3.10/site-packages/numba/cuda/cudadrv/driver.py", line 505 in __enter__
  File "/home/sheng/paper6/.venv/lib/python3.10/site-packages/numba/cuda/cudadrv/devices.py", line 153 in _get_or_create_context_uncached
  File "/home/sheng/paper6/.venv/lib/python3.10/site-packages/numba/cuda/cudadrv/devices.py", line 138 in get_or_create_context
  File "/home/sheng/paper6/.venv/lib/python3.10/site-packages/numba/cuda/cudadrv/devices.py", line 220 in get_context
  File "/home/sheng/paper6/.venv/lib/python3.10/site-packages/numba/cuda/api.py", line 443 in get_current_device
  File "/home/sheng/paper6/.venv/lib/python3.10/site-packages/numba/cuda/dispatcher.py", line 882 in compile_device
  File "/home/sheng/paper6/.venv/lib/python3.10/site-packages/numba/cuda/decorators.py", line 131 in _jit
  File "/home/sheng/paper6/third_party/LIGA-Stereo/liga/datasets/kitti/kitti_object_eval_python/rotate_iou.py", line 18 in <module>
  File "<frozen importlib._bootstrap>", line 241 in _call_with_frames_removed
  File "<frozen importlib._bootstrap_external>", line 883 in exec_module
  File "<frozen importlib._bootstrap>", line 688 in _load_unlocked
  File "<frozen importlib._bootstrap>", line 1006 in _find_and_load_unlocked
  File "<frozen importlib._bootstrap>", line 1027 in _find_and_load
  File "/home/sheng/paper6/third_party/LIGA-Stereo/liga/datasets/kitti/kitti_object_eval_python/eval.py", line 5 in <module>
  File "<frozen importlib._bootstrap>", line 241 in _call_with_frames_removed
  File "<frozen importlib._bootstrap_external>", line 883 in exec_module
  File "<frozen importlib._bootstrap>", line 688 in _load_unlocked
  File "<frozen importlib._bootstrap>", line 1006 in _find_and_load_unlocked
  File "<frozen importlib._bootstrap>", line 1027 in _find_and_load
  File "/home/sheng/paper6/scripts/verify_liga_runtime.py", line 134 in evaluator_fixture
  File "/home/sheng/paper6/scripts/verify_liga_runtime.py", line 169 in main
  File "/home/sheng/paper6/scripts/verify_liga_runtime.py", line 183 in <module>

Extension modules: numpy.core._multiarray_umath, numpy.core._multiarray_tests, numpy.linalg._umath_linalg, numpy.fft._pocketfft_internal, numpy.random._common, numpy.random.bit_generator, numpy.random._bounded_integers, numpy.random._mt19937, numpy.random.mtrand, numpy.random._philox, numpy.random._pcg64, numpy.random._sfc64, numpy.random._generator, torch._C, torch._C._dynamo.autograd_compiler, torch._C._dynamo.eval_frame, torch._C._dynamo.guards, torch._C._dynamo.utils, torch._C._fft, torch._C._linalg, torch._C._nested, torch._C._nn, torch._C._sparse, torch._C._special, cython.cimports.libc.math, scipy._lib._ccallback_c, scipy.sparse._sparsetools, _csparsetools, scipy.sparse._csparsetools, scipy.linalg._fblas, scipy.linalg._flapack, scipy.linalg.cython_lapack, scipy.linalg._cythonized_array_utils, scipy.linalg._solve_toeplitz, scipy.linalg._decomp_lu_cython, scipy.linalg._matfuncs_sqrtm_triu, scipy.linalg.cython_blas, scipy.linalg._matfuncs_expm, scipy.linalg._decomp_update, scipy.sparse.linalg._dsolve._superlu, scipy.sparse.linalg._eigen.arpack._arpack, scipy.sparse.linalg._propack._spropack, scipy.sparse.linalg._propack._dpropack, scipy.sparse.linalg._propack._cpropack, scipy.sparse.linalg._propack._zpropack, scipy.sparse.csgraph._tools, scipy.sparse.csgraph._shortest_path, scipy.sparse.csgraph._traversal, scipy.sparse.csgraph._min_spanning_tree, scipy.sparse.csgraph._flow, scipy.sparse.csgraph._matching, scipy.sparse.csgraph._reordering, scipy.spatial._ckdtree, scipy._lib.messagestream, scipy.spatial._qhull, scipy.spatial._voronoi, scipy.spatial._distance_wrap, scipy.spatial._hausdorff, scipy.special._ufuncs_cxx, scipy.special._ufuncs, scipy.special._specfun, scipy.special._comb, scipy.special._ellip_harm_2, scipy.spatial.transform._rotation, yaml._yaml, numba.core.typeconv._typeconv, numba._helperlib, numba._dynfunc, numba._dispatcher, numba.core.runtime._nrt_python, numba.np.ufunc._internal, numba.experimental.jitclass._box, PIL._imaging, numba.mviewbuf, numba.types.itertools (total: 75)
